

================================================================
== Vitis HLS Report for 'FT0_level0'
================================================================
* Date:           Thu Dec  5 15:29:58 2024

* Version:        2023.2 (Build 4023990 on Oct 11 2023)
* Project:        kernel_nlp_slr0
* Solution:       solution (Vitis Kernel Flow Target)
* Product family: virtexuplusHBM
* Target device:  xcu55c-fsvh2892-2L-e


================================================================
== Performance Estimates
================================================================
+ Timing: 
    * Summary: 
    +--------+---------+----------+------------+
    |  Clock |  Target | Estimated| Uncertainty|
    +--------+---------+----------+------------+
    |ap_clk  |  4.55 ns|  3.165 ns|     1.23 ns|
    +--------+---------+----------+------------+

+ Latency: 
    * Summary: 
    +---------+---------+----------+----------+-------+-------+---------+
    |  Latency (cycles) |  Latency (absolute) |    Interval   | Pipeline|
    |   min   |   max   |    min   |    max   |  min  |  max  |   Type  |
    +---------+---------+----------+----------+-------+-------+---------+
    |    22054|    22054|  0.100 ms|  0.100 ms|  22054|  22054|       no|
    +---------+---------+----------+----------+-------+-------+---------+

    + Detail: 
        * Instance: 
        +------------------------+------------+---------+---------+-----------+-----------+------+------+---------+
        |                        |            |  Latency (cycles) |   Latency (absolute)  |   Interval  | Pipeline|
        |        Instance        |   Module   |   min   |   max   |    min    |    max    |  min |  max |   Type  |
        +------------------------+------------+---------+---------+-----------+-----------+------+------+---------+
        |grp_read_B_FT0_fu_878   |read_B_FT0  |     2450|     2450|  11.135 us|  11.135 us|  2450|  2450|       no|
        |grp_read_A_FT0_fu_1140  |read_A_FT0  |        1|      263|   4.545 ns|   1.195 us|     1|   263|       no|
        |grp_FT0_level1_fu_1228  |FT0_level1  |     1087|     1087|   4.940 us|   4.940 us|  1087|  1087|       no|
        +------------------------+------------+---------+---------+-----------+-----------+------+------+---------+

        * Loop: 
        +--------------------+---------+---------+----------+-----------+-----------+------+----------+
        |                    |  Latency (cycles) | Iteration|  Initiation Interval  | Trip |          |
        |      Loop Name     |   min   |   max   |  Latency |  achieved |   target  | Count| Pipelined|
        +--------------------+---------+---------+----------+-----------+-----------+------+----------+
        |- VITIS_LOOP_320_1  |    19602|    19602|      1089|          -|          -|    18|        no|
        +--------------------+---------+---------+----------+-----------+-----------+------+----------+



================================================================
== Utilization Estimates
================================================================
* Summary: 
+---------------------+---------+------+---------+---------+-----+
|         Name        | BRAM_18K|  DSP |    FF   |   LUT   | URAM|
+---------------------+---------+------+---------+---------+-----+
|DSP                  |        -|     -|        -|        -|    -|
|Expression           |        -|     -|        0|       30|    -|
|FIFO                 |        -|     -|        -|        -|    -|
|Instance             |        -|  1921|   340154|   257526|    -|
|Memory               |      128|     -|     2560|     2640|    0|
|Multiplexer          |        -|     -|        -|     9799|    -|
|Register             |        -|     -|       20|        -|    -|
+---------------------+---------+------+---------+---------+-----+
|Total                |      128|  1921|   342734|   269995|    0|
+---------------------+---------+------+---------+---------+-----+
|Available SLR        |     1344|  3008|   869120|   434560|  320|
+---------------------+---------+------+---------+---------+-----+
|Utilization SLR (%)  |        9|    63|       39|       62|    0|
+---------------------+---------+------+---------+---------+-----+
|Available            |     4032|  9024|  2607360|  1303680|  960|
+---------------------+---------+------+---------+---------+-----+
|Utilization (%)      |        3|    21|       13|       20|    0|
+---------------------+---------+------+---------+---------+-----+

+ Detail: 
    * Instance: 
    +------------------------+------------+---------+------+--------+--------+-----+
    |        Instance        |   Module   | BRAM_18K|  DSP |   FF   |   LUT  | URAM|
    +------------------------+------------+---------+------+--------+--------+-----+
    |grp_FT0_level1_fu_1228  |FT0_level1  |        0|  1921|  339817|  254791|    0|
    |grp_read_A_FT0_fu_1140  |read_A_FT0  |        0|     0|     306|    2521|    0|
    |grp_read_B_FT0_fu_878   |read_B_FT0  |        0|     0|      31|     214|    0|
    +------------------------+------------+---------+------+--------+--------+-----+
    |Total                   |            |        0|  1921|  340154|  257526|    0|
    +------------------------+------------+---------+------+--------+--------+-----+

    * DSP: 
    N/A

    * Memory: 
    +----------+------------------------------+---------+----+----+-----+------+-----+------+-------------+
    |  Memory  |            Module            | BRAM_18K| FF | LUT| URAM| Words| Bits| Banks| W*Bits*Banks|
    +----------+------------------------------+---------+----+----+-----+------+-----+------+-------------+
    |A_0_U     |FT0_level0_A_0_RAM_AUTO_1R1W  |        0|  32|  33|    0|    51|   32|     1|         1632|
    |A_0_1_U   |FT0_level0_A_0_RAM_AUTO_1R1W  |        0|  32|  33|    0|    51|   32|     1|         1632|
    |A_0_2_U   |FT0_level0_A_0_RAM_AUTO_1R1W  |        0|  32|  33|    0|    51|   32|     1|         1632|
    |A_0_3_U   |FT0_level0_A_0_RAM_AUTO_1R1W  |        0|  32|  33|    0|    51|   32|     1|         1632|
    |A_0_4_U   |FT0_level0_A_0_RAM_AUTO_1R1W  |        0|  32|  33|    0|    51|   32|     1|         1632|
    |A_0_5_U   |FT0_level0_A_0_RAM_AUTO_1R1W  |        0|  32|  33|    0|    51|   32|     1|         1632|
    |A_0_6_U   |FT0_level0_A_0_RAM_AUTO_1R1W  |        0|  32|  33|    0|    51|   32|     1|         1632|
    |A_0_7_U   |FT0_level0_A_0_RAM_AUTO_1R1W  |        0|  32|  33|    0|    51|   32|     1|         1632|
    |A_0_8_U   |FT0_level0_A_0_RAM_AUTO_1R1W  |        0|  32|  33|    0|    51|   32|     1|         1632|
    |A_0_9_U   |FT0_level0_A_0_RAM_AUTO_1R1W  |        0|  32|  33|    0|    51|   32|     1|         1632|
    |A_0_10_U  |FT0_level0_A_0_RAM_AUTO_1R1W  |        0|  32|  33|    0|    51|   32|     1|         1632|
    |A_0_11_U  |FT0_level0_A_0_RAM_AUTO_1R1W  |        0|  32|  33|    0|    51|   32|     1|         1632|
    |A_0_12_U  |FT0_level0_A_0_RAM_AUTO_1R1W  |        0|  32|  33|    0|    51|   32|     1|         1632|
    |A_0_13_U  |FT0_level0_A_0_RAM_AUTO_1R1W  |        0|  32|  33|    0|    51|   32|     1|         1632|
    |A_0_14_U  |FT0_level0_A_0_RAM_AUTO_1R1W  |        0|  32|  33|    0|    51|   32|     1|         1632|
    |A_0_15_U  |FT0_level0_A_0_RAM_AUTO_1R1W  |        0|  32|  33|    0|    51|   32|     1|         1632|
    |A_0_16_U  |FT0_level0_A_0_RAM_AUTO_1R1W  |        0|  32|  33|    0|    51|   32|     1|         1632|
    |A_0_17_U  |FT0_level0_A_0_RAM_AUTO_1R1W  |        0|  32|  33|    0|    51|   32|     1|         1632|
    |A_0_18_U  |FT0_level0_A_0_RAM_AUTO_1R1W  |        0|  32|  33|    0|    51|   32|     1|         1632|
    |A_0_19_U  |FT0_level0_A_0_RAM_AUTO_1R1W  |        0|  32|  33|    0|    51|   32|     1|         1632|
    |A_0_20_U  |FT0_level0_A_0_RAM_AUTO_1R1W  |        0|  32|  33|    0|    51|   32|     1|         1632|
    |A_0_21_U  |FT0_level0_A_0_RAM_AUTO_1R1W  |        0|  32|  33|    0|    51|   32|     1|         1632|
    |A_0_22_U  |FT0_level0_A_0_RAM_AUTO_1R1W  |        0|  32|  33|    0|    51|   32|     1|         1632|
    |A_0_23_U  |FT0_level0_A_0_RAM_AUTO_1R1W  |        0|  32|  33|    0|    51|   32|     1|         1632|
    |A_0_24_U  |FT0_level0_A_0_RAM_AUTO_1R1W  |        0|  32|  33|    0|    51|   32|     1|         1632|
    |A_0_25_U  |FT0_level0_A_0_RAM_AUTO_1R1W  |        0|  32|  33|    0|    51|   32|     1|         1632|
    |A_0_26_U  |FT0_level0_A_0_RAM_AUTO_1R1W  |        0|  32|  33|    0|    51|   32|     1|         1632|
    |A_0_27_U  |FT0_level0_A_0_RAM_AUTO_1R1W  |        0|  32|  33|    0|    51|   32|     1|         1632|
    |A_0_28_U  |FT0_level0_A_0_RAM_AUTO_1R1W  |        0|  32|  33|    0|    51|   32|     1|         1632|
    |A_0_29_U  |FT0_level0_A_0_RAM_AUTO_1R1W  |        0|  32|  33|    0|    51|   32|     1|         1632|
    |A_0_30_U  |FT0_level0_A_0_RAM_AUTO_1R1W  |        0|  32|  33|    0|    51|   32|     1|         1632|
    |A_0_31_U  |FT0_level0_A_0_RAM_AUTO_1R1W  |        0|  32|  33|    0|    51|   32|     1|         1632|
    |A_0_32_U  |FT0_level0_A_0_RAM_AUTO_1R1W  |        0|  32|  33|    0|    51|   32|     1|         1632|
    |A_0_33_U  |FT0_level0_A_0_RAM_AUTO_1R1W  |        0|  32|  33|    0|    51|   32|     1|         1632|
    |A_0_34_U  |FT0_level0_A_0_RAM_AUTO_1R1W  |        0|  32|  33|    0|    51|   32|     1|         1632|
    |A_0_35_U  |FT0_level0_A_0_RAM_AUTO_1R1W  |        0|  32|  33|    0|    51|   32|     1|         1632|
    |A_0_36_U  |FT0_level0_A_0_RAM_AUTO_1R1W  |        0|  32|  33|    0|    51|   32|     1|         1632|
    |A_0_37_U  |FT0_level0_A_0_RAM_AUTO_1R1W  |        0|  32|  33|    0|    51|   32|     1|         1632|
    |A_0_38_U  |FT0_level0_A_0_RAM_AUTO_1R1W  |        0|  32|  33|    0|    51|   32|     1|         1632|
    |A_0_39_U  |FT0_level0_A_0_RAM_AUTO_1R1W  |        0|  32|  33|    0|    51|   32|     1|         1632|
    |A_1_U     |FT0_level0_A_0_RAM_AUTO_1R1W  |        0|  32|  33|    0|    51|   32|     1|         1632|
    |A_1_1_U   |FT0_level0_A_0_RAM_AUTO_1R1W  |        0|  32|  33|    0|    51|   32|     1|         1632|
    |A_1_2_U   |FT0_level0_A_0_RAM_AUTO_1R1W  |        0|  32|  33|    0|    51|   32|     1|         1632|
    |A_1_3_U   |FT0_level0_A_0_RAM_AUTO_1R1W  |        0|  32|  33|    0|    51|   32|     1|         1632|
    |A_1_4_U   |FT0_level0_A_0_RAM_AUTO_1R1W  |        0|  32|  33|    0|    51|   32|     1|         1632|
    |A_1_5_U   |FT0_level0_A_0_RAM_AUTO_1R1W  |        0|  32|  33|    0|    51|   32|     1|         1632|
    |A_1_6_U   |FT0_level0_A_0_RAM_AUTO_1R1W  |        0|  32|  33|    0|    51|   32|     1|         1632|
    |A_1_7_U   |FT0_level0_A_0_RAM_AUTO_1R1W  |        0|  32|  33|    0|    51|   32|     1|         1632|
    |A_1_8_U   |FT0_level0_A_0_RAM_AUTO_1R1W  |        0|  32|  33|    0|    51|   32|     1|         1632|
    |A_1_9_U   |FT0_level0_A_0_RAM_AUTO_1R1W  |        0|  32|  33|    0|    51|   32|     1|         1632|
    |A_1_10_U  |FT0_level0_A_0_RAM_AUTO_1R1W  |        0|  32|  33|    0|    51|   32|     1|         1632|
    |A_1_11_U  |FT0_level0_A_0_RAM_AUTO_1R1W  |        0|  32|  33|    0|    51|   32|     1|         1632|
    |A_1_12_U  |FT0_level0_A_0_RAM_AUTO_1R1W  |        0|  32|  33|    0|    51|   32|     1|         1632|
    |A_1_13_U  |FT0_level0_A_0_RAM_AUTO_1R1W  |        0|  32|  33|    0|    51|   32|     1|         1632|
    |A_1_14_U  |FT0_level0_A_0_RAM_AUTO_1R1W  |        0|  32|  33|    0|    51|   32|     1|         1632|
    |A_1_15_U  |FT0_level0_A_0_RAM_AUTO_1R1W  |        0|  32|  33|    0|    51|   32|     1|         1632|
    |A_1_16_U  |FT0_level0_A_0_RAM_AUTO_1R1W  |        0|  32|  33|    0|    51|   32|     1|         1632|
    |A_1_17_U  |FT0_level0_A_0_RAM_AUTO_1R1W  |        0|  32|  33|    0|    51|   32|     1|         1632|
    |A_1_18_U  |FT0_level0_A_0_RAM_AUTO_1R1W  |        0|  32|  33|    0|    51|   32|     1|         1632|
    |A_1_19_U  |FT0_level0_A_0_RAM_AUTO_1R1W  |        0|  32|  33|    0|    51|   32|     1|         1632|
    |A_1_20_U  |FT0_level0_A_0_RAM_AUTO_1R1W  |        0|  32|  33|    0|    51|   32|     1|         1632|
    |A_1_21_U  |FT0_level0_A_0_RAM_AUTO_1R1W  |        0|  32|  33|    0|    51|   32|     1|         1632|
    |A_1_22_U  |FT0_level0_A_0_RAM_AUTO_1R1W  |        0|  32|  33|    0|    51|   32|     1|         1632|
    |A_1_23_U  |FT0_level0_A_0_RAM_AUTO_1R1W  |        0|  32|  33|    0|    51|   32|     1|         1632|
    |A_1_24_U  |FT0_level0_A_0_RAM_AUTO_1R1W  |        0|  32|  33|    0|    51|   32|     1|         1632|
    |A_1_25_U  |FT0_level0_A_0_RAM_AUTO_1R1W  |        0|  32|  33|    0|    51|   32|     1|         1632|
    |A_1_26_U  |FT0_level0_A_0_RAM_AUTO_1R1W  |        0|  32|  33|    0|    51|   32|     1|         1632|
    |A_1_27_U  |FT0_level0_A_0_RAM_AUTO_1R1W  |        0|  32|  33|    0|    51|   32|     1|         1632|
    |A_1_28_U  |FT0_level0_A_0_RAM_AUTO_1R1W  |        0|  32|  33|    0|    51|   32|     1|         1632|
    |A_1_29_U  |FT0_level0_A_0_RAM_AUTO_1R1W  |        0|  32|  33|    0|    51|   32|     1|         1632|
    |A_1_30_U  |FT0_level0_A_0_RAM_AUTO_1R1W  |        0|  32|  33|    0|    51|   32|     1|         1632|
    |A_1_31_U  |FT0_level0_A_0_RAM_AUTO_1R1W  |        0|  32|  33|    0|    51|   32|     1|         1632|
    |A_1_32_U  |FT0_level0_A_0_RAM_AUTO_1R1W  |        0|  32|  33|    0|    51|   32|     1|         1632|
    |A_1_33_U  |FT0_level0_A_0_RAM_AUTO_1R1W  |        0|  32|  33|    0|    51|   32|     1|         1632|
    |A_1_34_U  |FT0_level0_A_0_RAM_AUTO_1R1W  |        0|  32|  33|    0|    51|   32|     1|         1632|
    |A_1_35_U  |FT0_level0_A_0_RAM_AUTO_1R1W  |        0|  32|  33|    0|    51|   32|     1|         1632|
    |A_1_36_U  |FT0_level0_A_0_RAM_AUTO_1R1W  |        0|  32|  33|    0|    51|   32|     1|         1632|
    |A_1_37_U  |FT0_level0_A_0_RAM_AUTO_1R1W  |        0|  32|  33|    0|    51|   32|     1|         1632|
    |A_1_38_U  |FT0_level0_A_0_RAM_AUTO_1R1W  |        0|  32|  33|    0|    51|   32|     1|         1632|
    |A_1_39_U  |FT0_level0_A_0_RAM_AUTO_1R1W  |        0|  32|  33|    0|    51|   32|     1|         1632|
    |B_U       |FT0_level0_B_RAM_AUTO_1R1W    |        1|   0|   0|    0|   306|   32|     1|         9792|
    |B_1_U     |FT0_level0_B_RAM_AUTO_1R1W    |        1|   0|   0|    0|   306|   32|     1|         9792|
    |B_2_U     |FT0_level0_B_RAM_AUTO_1R1W    |        1|   0|   0|    0|   306|   32|     1|         9792|
    |B_3_U     |FT0_level0_B_RAM_AUTO_1R1W    |        1|   0|   0|    0|   306|   32|     1|         9792|
    |B_4_U     |FT0_level0_B_RAM_AUTO_1R1W    |        1|   0|   0|    0|   306|   32|     1|         9792|
    |B_5_U     |FT0_level0_B_RAM_AUTO_1R1W    |        1|   0|   0|    0|   306|   32|     1|         9792|
    |B_6_U     |FT0_level0_B_RAM_AUTO_1R1W    |        1|   0|   0|    0|   306|   32|     1|         9792|
    |B_7_U     |FT0_level0_B_RAM_AUTO_1R1W    |        1|   0|   0|    0|   306|   32|     1|         9792|
    |B_8_U     |FT0_level0_B_RAM_AUTO_1R1W    |        1|   0|   0|    0|   306|   32|     1|         9792|
    |B_9_U     |FT0_level0_B_RAM_AUTO_1R1W    |        1|   0|   0|    0|   306|   32|     1|         9792|
    |B_10_U    |FT0_level0_B_RAM_AUTO_1R1W    |        1|   0|   0|    0|   306|   32|     1|         9792|
    |B_11_U    |FT0_level0_B_RAM_AUTO_1R1W    |        1|   0|   0|    0|   306|   32|     1|         9792|
    |B_12_U    |FT0_level0_B_RAM_AUTO_1R1W    |        1|   0|   0|    0|   306|   32|     1|         9792|
    |B_13_U    |FT0_level0_B_RAM_AUTO_1R1W    |        1|   0|   0|    0|   306|   32|     1|         9792|
    |B_14_U    |FT0_level0_B_RAM_AUTO_1R1W    |        1|   0|   0|    0|   306|   32|     1|         9792|
    |B_15_U    |FT0_level0_B_RAM_AUTO_1R1W    |        1|   0|   0|    0|   306|   32|     1|         9792|
    |B_16_U    |FT0_level0_B_RAM_AUTO_1R1W    |        1|   0|   0|    0|   306|   32|     1|         9792|
    |B_17_U    |FT0_level0_B_RAM_AUTO_1R1W    |        1|   0|   0|    0|   306|   32|     1|         9792|
    |B_18_U    |FT0_level0_B_RAM_AUTO_1R1W    |        1|   0|   0|    0|   306|   32|     1|         9792|
    |B_19_U    |FT0_level0_B_RAM_AUTO_1R1W    |        1|   0|   0|    0|   306|   32|     1|         9792|
    |B_20_U    |FT0_level0_B_RAM_AUTO_1R1W    |        1|   0|   0|    0|   306|   32|     1|         9792|
    |B_21_U    |FT0_level0_B_RAM_AUTO_1R1W    |        1|   0|   0|    0|   306|   32|     1|         9792|
    |B_22_U    |FT0_level0_B_RAM_AUTO_1R1W    |        1|   0|   0|    0|   306|   32|     1|         9792|
    |B_23_U    |FT0_level0_B_RAM_AUTO_1R1W    |        1|   0|   0|    0|   306|   32|     1|         9792|
    |B_24_U    |FT0_level0_B_RAM_AUTO_1R1W    |        1|   0|   0|    0|   306|   32|     1|         9792|
    |B_25_U    |FT0_level0_B_RAM_AUTO_1R1W    |        1|   0|   0|    0|   306|   32|     1|         9792|
    |B_26_U    |FT0_level0_B_RAM_AUTO_1R1W    |        1|   0|   0|    0|   306|   32|     1|         9792|
    |B_27_U    |FT0_level0_B_RAM_AUTO_1R1W    |        1|   0|   0|    0|   306|   32|     1|         9792|
    |B_28_U    |FT0_level0_B_RAM_AUTO_1R1W    |        1|   0|   0|    0|   306|   32|     1|         9792|
    |B_29_U    |FT0_level0_B_RAM_AUTO_1R1W    |        1|   0|   0|    0|   306|   32|     1|         9792|
    |B_30_U    |FT0_level0_B_RAM_AUTO_1R1W    |        1|   0|   0|    0|   306|   32|     1|         9792|
    |B_31_U    |FT0_level0_B_RAM_AUTO_1R1W    |        1|   0|   0|    0|   306|   32|     1|         9792|
    |B_32_U    |FT0_level0_B_RAM_AUTO_1R1W    |        1|   0|   0|    0|   306|   32|     1|         9792|
    |B_33_U    |FT0_level0_B_RAM_AUTO_1R1W    |        1|   0|   0|    0|   306|   32|     1|         9792|
    |B_34_U    |FT0_level0_B_RAM_AUTO_1R1W    |        1|   0|   0|    0|   306|   32|     1|         9792|
    |B_35_U    |FT0_level0_B_RAM_AUTO_1R1W    |        1|   0|   0|    0|   306|   32|     1|         9792|
    |B_36_U    |FT0_level0_B_RAM_AUTO_1R1W    |        1|   0|   0|    0|   306|   32|     1|         9792|
    |B_37_U    |FT0_level0_B_RAM_AUTO_1R1W    |        1|   0|   0|    0|   306|   32|     1|         9792|
    |B_38_U    |FT0_level0_B_RAM_AUTO_1R1W    |        1|   0|   0|    0|   306|   32|     1|         9792|
    |B_39_U    |FT0_level0_B_RAM_AUTO_1R1W    |        1|   0|   0|    0|   306|   32|     1|         9792|
    |B_40_U    |FT0_level0_B_RAM_AUTO_1R1W    |        1|   0|   0|    0|   306|   32|     1|         9792|
    |B_41_U    |FT0_level0_B_RAM_AUTO_1R1W    |        1|   0|   0|    0|   306|   32|     1|         9792|
    |B_42_U    |FT0_level0_B_RAM_AUTO_1R1W    |        1|   0|   0|    0|   306|   32|     1|         9792|
    |B_43_U    |FT0_level0_B_RAM_AUTO_1R1W    |        1|   0|   0|    0|   306|   32|     1|         9792|
    |B_44_U    |FT0_level0_B_RAM_AUTO_1R1W    |        1|   0|   0|    0|   306|   32|     1|         9792|
    |B_45_U    |FT0_level0_B_RAM_AUTO_1R1W    |        1|   0|   0|    0|   306|   32|     1|         9792|
    |B_46_U    |FT0_level0_B_RAM_AUTO_1R1W    |        1|   0|   0|    0|   306|   32|     1|         9792|
    |B_47_U    |FT0_level0_B_RAM_AUTO_1R1W    |        1|   0|   0|    0|   306|   32|     1|         9792|
    |B_48_U    |FT0_level0_B_RAM_AUTO_1R1W    |        1|   0|   0|    0|   306|   32|     1|         9792|
    |B_49_U    |FT0_level0_B_RAM_AUTO_1R1W    |        1|   0|   0|    0|   306|   32|     1|         9792|
    |B_50_U    |FT0_level0_B_RAM_AUTO_1R1W    |        1|   0|   0|    0|   306|   32|     1|         9792|
    |B_51_U    |FT0_level0_B_RAM_AUTO_1R1W    |        1|   0|   0|    0|   306|   32|     1|         9792|
    |B_52_U    |FT0_level0_B_RAM_AUTO_1R1W    |        1|   0|   0|    0|   306|   32|     1|         9792|
    |B_53_U    |FT0_level0_B_RAM_AUTO_1R1W    |        1|   0|   0|    0|   306|   32|     1|         9792|
    |B_54_U    |FT0_level0_B_RAM_AUTO_1R1W    |        1|   0|   0|    0|   306|   32|     1|         9792|
    |B_55_U    |FT0_level0_B_RAM_AUTO_1R1W    |        1|   0|   0|    0|   306|   32|     1|         9792|
    |B_56_U    |FT0_level0_B_RAM_AUTO_1R1W    |        1|   0|   0|    0|   306|   32|     1|         9792|
    |B_57_U    |FT0_level0_B_RAM_AUTO_1R1W    |        1|   0|   0|    0|   306|   32|     1|         9792|
    |B_58_U    |FT0_level0_B_RAM_AUTO_1R1W    |        1|   0|   0|    0|   306|   32|     1|         9792|
    |B_59_U    |FT0_level0_B_RAM_AUTO_1R1W    |        1|   0|   0|    0|   306|   32|     1|         9792|
    |B_60_U    |FT0_level0_B_RAM_AUTO_1R1W    |        1|   0|   0|    0|   306|   32|     1|         9792|
    |B_61_U    |FT0_level0_B_RAM_AUTO_1R1W    |        1|   0|   0|    0|   306|   32|     1|         9792|
    |B_62_U    |FT0_level0_B_RAM_AUTO_1R1W    |        1|   0|   0|    0|   306|   32|     1|         9792|
    |B_63_U    |FT0_level0_B_RAM_AUTO_1R1W    |        1|   0|   0|    0|   306|   32|     1|         9792|
    |B_64_U    |FT0_level0_B_RAM_AUTO_1R1W    |        1|   0|   0|    0|   306|   32|     1|         9792|
    |B_65_U    |FT0_level0_B_RAM_AUTO_1R1W    |        1|   0|   0|    0|   306|   32|     1|         9792|
    |B_66_U    |FT0_level0_B_RAM_AUTO_1R1W    |        1|   0|   0|    0|   306|   32|     1|         9792|
    |B_67_U    |FT0_level0_B_RAM_AUTO_1R1W    |        1|   0|   0|    0|   306|   32|     1|         9792|
    |B_68_U    |FT0_level0_B_RAM_AUTO_1R1W    |        1|   0|   0|    0|   306|   32|     1|         9792|
    |B_69_U    |FT0_level0_B_RAM_AUTO_1R1W    |        1|   0|   0|    0|   306|   32|     1|         9792|
    |B_70_U    |FT0_level0_B_RAM_AUTO_1R1W    |        1|   0|   0|    0|   306|   32|     1|         9792|
    |B_71_U    |FT0_level0_B_RAM_AUTO_1R1W    |        1|   0|   0|    0|   306|   32|     1|         9792|
    |B_72_U    |FT0_level0_B_RAM_AUTO_1R1W    |        1|   0|   0|    0|   306|   32|     1|         9792|
    |B_73_U    |FT0_level0_B_RAM_AUTO_1R1W    |        1|   0|   0|    0|   306|   32|     1|         9792|
    |B_74_U    |FT0_level0_B_RAM_AUTO_1R1W    |        1|   0|   0|    0|   306|   32|     1|         9792|
    |B_75_U    |FT0_level0_B_RAM_AUTO_1R1W    |        1|   0|   0|    0|   306|   32|     1|         9792|
    |B_76_U    |FT0_level0_B_RAM_AUTO_1R1W    |        1|   0|   0|    0|   306|   32|     1|         9792|
    |B_77_U    |FT0_level0_B_RAM_AUTO_1R1W    |        1|   0|   0|    0|   306|   32|     1|         9792|
    |B_78_U    |FT0_level0_B_RAM_AUTO_1R1W    |        1|   0|   0|    0|   306|   32|     1|         9792|
    |B_79_U    |FT0_level0_B_RAM_AUTO_1R1W    |        1|   0|   0|    0|   306|   32|     1|         9792|
    |B_80_U    |FT0_level0_B_RAM_AUTO_1R1W    |        1|   0|   0|    0|   306|   32|     1|         9792|
    |B_81_U    |FT0_level0_B_RAM_AUTO_1R1W    |        1|   0|   0|    0|   306|   32|     1|         9792|
    |B_82_U    |FT0_level0_B_RAM_AUTO_1R1W    |        1|   0|   0|    0|   306|   32|     1|         9792|
    |B_83_U    |FT0_level0_B_RAM_AUTO_1R1W    |        1|   0|   0|    0|   306|   32|     1|         9792|
    |B_84_U    |FT0_level0_B_RAM_AUTO_1R1W    |        1|   0|   0|    0|   306|   32|     1|         9792|
    |B_85_U    |FT0_level0_B_RAM_AUTO_1R1W    |        1|   0|   0|    0|   306|   32|     1|         9792|
    |B_86_U    |FT0_level0_B_RAM_AUTO_1R1W    |        1|   0|   0|    0|   306|   32|     1|         9792|
    |B_87_U    |FT0_level0_B_RAM_AUTO_1R1W    |        1|   0|   0|    0|   306|   32|     1|         9792|
    |B_88_U    |FT0_level0_B_RAM_AUTO_1R1W    |        1|   0|   0|    0|   306|   32|     1|         9792|
    |B_89_U    |FT0_level0_B_RAM_AUTO_1R1W    |        1|   0|   0|    0|   306|   32|     1|         9792|
    |B_90_U    |FT0_level0_B_RAM_AUTO_1R1W    |        1|   0|   0|    0|   306|   32|     1|         9792|
    |B_91_U    |FT0_level0_B_RAM_AUTO_1R1W    |        1|   0|   0|    0|   306|   32|     1|         9792|
    |B_92_U    |FT0_level0_B_RAM_AUTO_1R1W    |        1|   0|   0|    0|   306|   32|     1|         9792|
    |B_93_U    |FT0_level0_B_RAM_AUTO_1R1W    |        1|   0|   0|    0|   306|   32|     1|         9792|
    |B_94_U    |FT0_level0_B_RAM_AUTO_1R1W    |        1|   0|   0|    0|   306|   32|     1|         9792|
    |B_95_U    |FT0_level0_B_RAM_AUTO_1R1W    |        1|   0|   0|    0|   306|   32|     1|         9792|
    |B_96_U    |FT0_level0_B_RAM_AUTO_1R1W    |        1|   0|   0|    0|   306|   32|     1|         9792|
    |B_97_U    |FT0_level0_B_RAM_AUTO_1R1W    |        1|   0|   0|    0|   306|   32|     1|         9792|
    |B_98_U    |FT0_level0_B_RAM_AUTO_1R1W    |        1|   0|   0|    0|   306|   32|     1|         9792|
    |B_99_U    |FT0_level0_B_RAM_AUTO_1R1W    |        1|   0|   0|    0|   306|   32|     1|         9792|
    |B_100_U   |FT0_level0_B_RAM_AUTO_1R1W    |        1|   0|   0|    0|   306|   32|     1|         9792|
    |B_101_U   |FT0_level0_B_RAM_AUTO_1R1W    |        1|   0|   0|    0|   306|   32|     1|         9792|
    |B_102_U   |FT0_level0_B_RAM_AUTO_1R1W    |        1|   0|   0|    0|   306|   32|     1|         9792|
    |B_103_U   |FT0_level0_B_RAM_AUTO_1R1W    |        1|   0|   0|    0|   306|   32|     1|         9792|
    |B_104_U   |FT0_level0_B_RAM_AUTO_1R1W    |        1|   0|   0|    0|   306|   32|     1|         9792|
    |B_105_U   |FT0_level0_B_RAM_AUTO_1R1W    |        1|   0|   0|    0|   306|   32|     1|         9792|
    |B_106_U   |FT0_level0_B_RAM_AUTO_1R1W    |        1|   0|   0|    0|   306|   32|     1|         9792|
    |B_107_U   |FT0_level0_B_RAM_AUTO_1R1W    |        1|   0|   0|    0|   306|   32|     1|         9792|
    |B_108_U   |FT0_level0_B_RAM_AUTO_1R1W    |        1|   0|   0|    0|   306|   32|     1|         9792|
    |B_109_U   |FT0_level0_B_RAM_AUTO_1R1W    |        1|   0|   0|    0|   306|   32|     1|         9792|
    |B_110_U   |FT0_level0_B_RAM_AUTO_1R1W    |        1|   0|   0|    0|   306|   32|     1|         9792|
    |B_111_U   |FT0_level0_B_RAM_AUTO_1R1W    |        1|   0|   0|    0|   306|   32|     1|         9792|
    |B_112_U   |FT0_level0_B_RAM_AUTO_1R1W    |        1|   0|   0|    0|   306|   32|     1|         9792|
    |B_113_U   |FT0_level0_B_RAM_AUTO_1R1W    |        1|   0|   0|    0|   306|   32|     1|         9792|
    |B_114_U   |FT0_level0_B_RAM_AUTO_1R1W    |        1|   0|   0|    0|   306|   32|     1|         9792|
    |B_115_U   |FT0_level0_B_RAM_AUTO_1R1W    |        1|   0|   0|    0|   306|   32|     1|         9792|
    |B_116_U   |FT0_level0_B_RAM_AUTO_1R1W    |        1|   0|   0|    0|   306|   32|     1|         9792|
    |B_117_U   |FT0_level0_B_RAM_AUTO_1R1W    |        1|   0|   0|    0|   306|   32|     1|         9792|
    |B_118_U   |FT0_level0_B_RAM_AUTO_1R1W    |        1|   0|   0|    0|   306|   32|     1|         9792|
    |B_119_U   |FT0_level0_B_RAM_AUTO_1R1W    |        1|   0|   0|    0|   306|   32|     1|         9792|
    |B_120_U   |FT0_level0_B_RAM_AUTO_1R1W    |        1|   0|   0|    0|   306|   32|     1|         9792|
    |B_121_U   |FT0_level0_B_RAM_AUTO_1R1W    |        1|   0|   0|    0|   306|   32|     1|         9792|
    |B_122_U   |FT0_level0_B_RAM_AUTO_1R1W    |        1|   0|   0|    0|   306|   32|     1|         9792|
    |B_123_U   |FT0_level0_B_RAM_AUTO_1R1W    |        1|   0|   0|    0|   306|   32|     1|         9792|
    |B_124_U   |FT0_level0_B_RAM_AUTO_1R1W    |        1|   0|   0|    0|   306|   32|     1|         9792|
    |B_125_U   |FT0_level0_B_RAM_AUTO_1R1W    |        1|   0|   0|    0|   306|   32|     1|         9792|
    |B_126_U   |FT0_level0_B_RAM_AUTO_1R1W    |        1|   0|   0|    0|   306|   32|     1|         9792|
    |B_127_U   |FT0_level0_B_RAM_AUTO_1R1W    |        1|   0|   0|    0|   306|   32|     1|         9792|
    +----------+------------------------------+---------+----+----+-----+------+-----+------+-------------+
    |Total     |                              |      128|2560|2640|    0| 43248| 6656|   208|      1383936|
    +----------+------------------------------+---------+----+----+-----+------+-----+------+-------------+

    * FIFO: 
    N/A

    * Expression: 
    +---------------------------------+----------+----+---+----+------------+------------+
    |          Variable Name          | Operation| DSP| FF| LUT| Bitwidth P0| Bitwidth P1|
    +---------------------------------+----------+----+---+----+------------+------------+
    |i0_4_fu_1418_p2                  |         +|   0|  0|  12|           5|           1|
    |icmp_ln320_fu_1412_p2            |      icmp|   0|  0|  12|           5|           5|
    |ap_block_state1                  |        or|   0|  0|   2|           1|           1|
    |ap_block_state2_on_subcall_done  |        or|   0|  0|   2|           1|           1|
    |ap_block_state4_on_subcall_done  |        or|   0|  0|   2|           1|           1|
    +---------------------------------+----------+----+---+----+------------+------------+
    |Total                            |          |   0|  0|  30|          13|           9|
    +---------------------------------+----------+----+---+----+------------+------------+

    * Multiplexer: 
    +----------------------------------+----+-----------+-----+-----------+
    |               Name               | LUT| Input Size| Bits| Total Bits|
    +----------------------------------+----+-----------+-----+-----------+
    |A_0_10_address0                   |  14|          3|    6|         18|
    |A_0_10_ce0                        |  14|          3|    1|          3|
    |A_0_10_ce1                        |   9|          2|    1|          2|
    |A_0_10_we0                        |   9|          2|    1|          2|
    |A_0_10_we1                        |   9|          2|    1|          2|
    |A_0_11_address0                   |  14|          3|    6|         18|
    |A_0_11_ce0                        |  14|          3|    1|          3|
    |A_0_11_ce1                        |   9|          2|    1|          2|
    |A_0_11_we0                        |   9|          2|    1|          2|
    |A_0_11_we1                        |   9|          2|    1|          2|
    |A_0_12_address0                   |  14|          3|    6|         18|
    |A_0_12_ce0                        |  14|          3|    1|          3|
    |A_0_12_ce1                        |   9|          2|    1|          2|
    |A_0_12_we0                        |   9|          2|    1|          2|
    |A_0_12_we1                        |   9|          2|    1|          2|
    |A_0_13_address0                   |  14|          3|    6|         18|
    |A_0_13_ce0                        |  14|          3|    1|          3|
    |A_0_13_ce1                        |   9|          2|    1|          2|
    |A_0_13_we0                        |   9|          2|    1|          2|
    |A_0_13_we1                        |   9|          2|    1|          2|
    |A_0_14_address0                   |  14|          3|    6|         18|
    |A_0_14_ce0                        |  14|          3|    1|          3|
    |A_0_14_ce1                        |   9|          2|    1|          2|
    |A_0_14_we0                        |   9|          2|    1|          2|
    |A_0_14_we1                        |   9|          2|    1|          2|
    |A_0_15_address0                   |  14|          3|    6|         18|
    |A_0_15_ce0                        |  14|          3|    1|          3|
    |A_0_15_ce1                        |   9|          2|    1|          2|
    |A_0_15_we0                        |   9|          2|    1|          2|
    |A_0_15_we1                        |   9|          2|    1|          2|
    |A_0_16_address0                   |  14|          3|    6|         18|
    |A_0_16_ce0                        |  14|          3|    1|          3|
    |A_0_16_ce1                        |   9|          2|    1|          2|
    |A_0_16_we0                        |   9|          2|    1|          2|
    |A_0_16_we1                        |   9|          2|    1|          2|
    |A_0_17_address0                   |  14|          3|    6|         18|
    |A_0_17_ce0                        |  14|          3|    1|          3|
    |A_0_17_ce1                        |   9|          2|    1|          2|
    |A_0_17_we0                        |   9|          2|    1|          2|
    |A_0_17_we1                        |   9|          2|    1|          2|
    |A_0_18_address0                   |  14|          3|    6|         18|
    |A_0_18_ce0                        |  14|          3|    1|          3|
    |A_0_18_ce1                        |   9|          2|    1|          2|
    |A_0_18_we0                        |   9|          2|    1|          2|
    |A_0_18_we1                        |   9|          2|    1|          2|
    |A_0_19_address0                   |  14|          3|    6|         18|
    |A_0_19_ce0                        |  14|          3|    1|          3|
    |A_0_19_ce1                        |   9|          2|    1|          2|
    |A_0_19_we0                        |   9|          2|    1|          2|
    |A_0_19_we1                        |   9|          2|    1|          2|
    |A_0_1_address0                    |  14|          3|    6|         18|
    |A_0_1_ce0                         |  14|          3|    1|          3|
    |A_0_1_ce1                         |   9|          2|    1|          2|
    |A_0_1_we0                         |   9|          2|    1|          2|
    |A_0_1_we1                         |   9|          2|    1|          2|
    |A_0_20_address0                   |  14|          3|    6|         18|
    |A_0_20_ce0                        |  14|          3|    1|          3|
    |A_0_20_ce1                        |   9|          2|    1|          2|
    |A_0_20_we0                        |   9|          2|    1|          2|
    |A_0_20_we1                        |   9|          2|    1|          2|
    |A_0_21_address0                   |  14|          3|    6|         18|
    |A_0_21_ce0                        |  14|          3|    1|          3|
    |A_0_21_ce1                        |   9|          2|    1|          2|
    |A_0_21_we0                        |   9|          2|    1|          2|
    |A_0_21_we1                        |   9|          2|    1|          2|
    |A_0_22_address0                   |  14|          3|    6|         18|
    |A_0_22_ce0                        |  14|          3|    1|          3|
    |A_0_22_ce1                        |   9|          2|    1|          2|
    |A_0_22_we0                        |   9|          2|    1|          2|
    |A_0_22_we1                        |   9|          2|    1|          2|
    |A_0_23_address0                   |  14|          3|    6|         18|
    |A_0_23_ce0                        |  14|          3|    1|          3|
    |A_0_23_ce1                        |   9|          2|    1|          2|
    |A_0_23_we0                        |   9|          2|    1|          2|
    |A_0_23_we1                        |   9|          2|    1|          2|
    |A_0_24_address0                   |  14|          3|    6|         18|
    |A_0_24_ce0                        |  14|          3|    1|          3|
    |A_0_24_ce1                        |   9|          2|    1|          2|
    |A_0_24_we0                        |   9|          2|    1|          2|
    |A_0_24_we1                        |   9|          2|    1|          2|
    |A_0_25_address0                   |  14|          3|    6|         18|
    |A_0_25_ce0                        |  14|          3|    1|          3|
    |A_0_25_ce1                        |   9|          2|    1|          2|
    |A_0_25_we0                        |   9|          2|    1|          2|
    |A_0_25_we1                        |   9|          2|    1|          2|
    |A_0_26_address0                   |  14|          3|    6|         18|
    |A_0_26_ce0                        |  14|          3|    1|          3|
    |A_0_26_ce1                        |   9|          2|    1|          2|
    |A_0_26_we0                        |   9|          2|    1|          2|
    |A_0_26_we1                        |   9|          2|    1|          2|
    |A_0_27_address0                   |  14|          3|    6|         18|
    |A_0_27_ce0                        |  14|          3|    1|          3|
    |A_0_27_ce1                        |   9|          2|    1|          2|
    |A_0_27_we0                        |   9|          2|    1|          2|
    |A_0_27_we1                        |   9|          2|    1|          2|
    |A_0_28_address0                   |  14|          3|    6|         18|
    |A_0_28_ce0                        |  14|          3|    1|          3|
    |A_0_28_ce1                        |   9|          2|    1|          2|
    |A_0_28_we0                        |   9|          2|    1|          2|
    |A_0_28_we1                        |   9|          2|    1|          2|
    |A_0_29_address0                   |  14|          3|    6|         18|
    |A_0_29_ce0                        |  14|          3|    1|          3|
    |A_0_29_ce1                        |   9|          2|    1|          2|
    |A_0_29_we0                        |   9|          2|    1|          2|
    |A_0_29_we1                        |   9|          2|    1|          2|
    |A_0_2_address0                    |  14|          3|    6|         18|
    |A_0_2_ce0                         |  14|          3|    1|          3|
    |A_0_2_ce1                         |   9|          2|    1|          2|
    |A_0_2_we0                         |   9|          2|    1|          2|
    |A_0_2_we1                         |   9|          2|    1|          2|
    |A_0_30_address0                   |  14|          3|    6|         18|
    |A_0_30_ce0                        |  14|          3|    1|          3|
    |A_0_30_ce1                        |   9|          2|    1|          2|
    |A_0_30_we0                        |   9|          2|    1|          2|
    |A_0_30_we1                        |   9|          2|    1|          2|
    |A_0_31_address0                   |  14|          3|    6|         18|
    |A_0_31_ce0                        |  14|          3|    1|          3|
    |A_0_31_ce1                        |   9|          2|    1|          2|
    |A_0_31_we0                        |   9|          2|    1|          2|
    |A_0_31_we1                        |   9|          2|    1|          2|
    |A_0_32_address0                   |  14|          3|    6|         18|
    |A_0_32_ce0                        |  14|          3|    1|          3|
    |A_0_32_ce1                        |   9|          2|    1|          2|
    |A_0_32_we0                        |   9|          2|    1|          2|
    |A_0_32_we1                        |   9|          2|    1|          2|
    |A_0_33_address0                   |  14|          3|    6|         18|
    |A_0_33_ce0                        |  14|          3|    1|          3|
    |A_0_33_ce1                        |   9|          2|    1|          2|
    |A_0_33_we0                        |   9|          2|    1|          2|
    |A_0_33_we1                        |   9|          2|    1|          2|
    |A_0_34_address0                   |  14|          3|    6|         18|
    |A_0_34_ce0                        |  14|          3|    1|          3|
    |A_0_34_ce1                        |   9|          2|    1|          2|
    |A_0_34_we0                        |   9|          2|    1|          2|
    |A_0_34_we1                        |   9|          2|    1|          2|
    |A_0_35_address0                   |  14|          3|    6|         18|
    |A_0_35_ce0                        |  14|          3|    1|          3|
    |A_0_35_ce1                        |   9|          2|    1|          2|
    |A_0_35_we0                        |   9|          2|    1|          2|
    |A_0_35_we1                        |   9|          2|    1|          2|
    |A_0_36_address0                   |  14|          3|    6|         18|
    |A_0_36_ce0                        |  14|          3|    1|          3|
    |A_0_36_ce1                        |   9|          2|    1|          2|
    |A_0_36_we0                        |   9|          2|    1|          2|
    |A_0_36_we1                        |   9|          2|    1|          2|
    |A_0_37_address0                   |  14|          3|    6|         18|
    |A_0_37_ce0                        |  14|          3|    1|          3|
    |A_0_37_ce1                        |   9|          2|    1|          2|
    |A_0_37_we0                        |   9|          2|    1|          2|
    |A_0_37_we1                        |   9|          2|    1|          2|
    |A_0_38_address0                   |  14|          3|    6|         18|
    |A_0_38_ce0                        |  14|          3|    1|          3|
    |A_0_38_ce1                        |   9|          2|    1|          2|
    |A_0_38_we0                        |   9|          2|    1|          2|
    |A_0_38_we1                        |   9|          2|    1|          2|
    |A_0_39_address0                   |  14|          3|    6|         18|
    |A_0_39_ce0                        |  14|          3|    1|          3|
    |A_0_39_ce1                        |   9|          2|    1|          2|
    |A_0_39_we0                        |   9|          2|    1|          2|
    |A_0_39_we1                        |   9|          2|    1|          2|
    |A_0_3_address0                    |  14|          3|    6|         18|
    |A_0_3_ce0                         |  14|          3|    1|          3|
    |A_0_3_ce1                         |   9|          2|    1|          2|
    |A_0_3_we0                         |   9|          2|    1|          2|
    |A_0_3_we1                         |   9|          2|    1|          2|
    |A_0_4_address0                    |  14|          3|    6|         18|
    |A_0_4_ce0                         |  14|          3|    1|          3|
    |A_0_4_ce1                         |   9|          2|    1|          2|
    |A_0_4_we0                         |   9|          2|    1|          2|
    |A_0_4_we1                         |   9|          2|    1|          2|
    |A_0_5_address0                    |  14|          3|    6|         18|
    |A_0_5_ce0                         |  14|          3|    1|          3|
    |A_0_5_ce1                         |   9|          2|    1|          2|
    |A_0_5_we0                         |   9|          2|    1|          2|
    |A_0_5_we1                         |   9|          2|    1|          2|
    |A_0_6_address0                    |  14|          3|    6|         18|
    |A_0_6_ce0                         |  14|          3|    1|          3|
    |A_0_6_ce1                         |   9|          2|    1|          2|
    |A_0_6_we0                         |   9|          2|    1|          2|
    |A_0_6_we1                         |   9|          2|    1|          2|
    |A_0_7_address0                    |  14|          3|    6|         18|
    |A_0_7_ce0                         |  14|          3|    1|          3|
    |A_0_7_ce1                         |   9|          2|    1|          2|
    |A_0_7_we0                         |   9|          2|    1|          2|
    |A_0_7_we1                         |   9|          2|    1|          2|
    |A_0_8_address0                    |  14|          3|    6|         18|
    |A_0_8_ce0                         |  14|          3|    1|          3|
    |A_0_8_ce1                         |   9|          2|    1|          2|
    |A_0_8_we0                         |   9|          2|    1|          2|
    |A_0_8_we1                         |   9|          2|    1|          2|
    |A_0_9_address0                    |  14|          3|    6|         18|
    |A_0_9_ce0                         |  14|          3|    1|          3|
    |A_0_9_ce1                         |   9|          2|    1|          2|
    |A_0_9_we0                         |   9|          2|    1|          2|
    |A_0_9_we1                         |   9|          2|    1|          2|
    |A_0_address0                      |  14|          3|    6|         18|
    |A_0_ce0                           |  14|          3|    1|          3|
    |A_0_ce1                           |   9|          2|    1|          2|
    |A_0_we0                           |   9|          2|    1|          2|
    |A_0_we1                           |   9|          2|    1|          2|
    |A_1_10_address0                   |  14|          3|    6|         18|
    |A_1_10_ce0                        |  14|          3|    1|          3|
    |A_1_10_ce1                        |   9|          2|    1|          2|
    |A_1_10_we0                        |   9|          2|    1|          2|
    |A_1_10_we1                        |   9|          2|    1|          2|
    |A_1_11_address0                   |  14|          3|    6|         18|
    |A_1_11_ce0                        |  14|          3|    1|          3|
    |A_1_11_ce1                        |   9|          2|    1|          2|
    |A_1_11_we0                        |   9|          2|    1|          2|
    |A_1_11_we1                        |   9|          2|    1|          2|
    |A_1_12_address0                   |  14|          3|    6|         18|
    |A_1_12_ce0                        |  14|          3|    1|          3|
    |A_1_12_ce1                        |   9|          2|    1|          2|
    |A_1_12_we0                        |   9|          2|    1|          2|
    |A_1_12_we1                        |   9|          2|    1|          2|
    |A_1_13_address0                   |  14|          3|    6|         18|
    |A_1_13_ce0                        |  14|          3|    1|          3|
    |A_1_13_ce1                        |   9|          2|    1|          2|
    |A_1_13_we0                        |   9|          2|    1|          2|
    |A_1_13_we1                        |   9|          2|    1|          2|
    |A_1_14_address0                   |  14|          3|    6|         18|
    |A_1_14_ce0                        |  14|          3|    1|          3|
    |A_1_14_ce1                        |   9|          2|    1|          2|
    |A_1_14_we0                        |   9|          2|    1|          2|
    |A_1_14_we1                        |   9|          2|    1|          2|
    |A_1_15_address0                   |  14|          3|    6|         18|
    |A_1_15_ce0                        |  14|          3|    1|          3|
    |A_1_15_ce1                        |   9|          2|    1|          2|
    |A_1_15_we0                        |   9|          2|    1|          2|
    |A_1_15_we1                        |   9|          2|    1|          2|
    |A_1_16_address0                   |  14|          3|    6|         18|
    |A_1_16_ce0                        |  14|          3|    1|          3|
    |A_1_16_ce1                        |   9|          2|    1|          2|
    |A_1_16_we0                        |   9|          2|    1|          2|
    |A_1_16_we1                        |   9|          2|    1|          2|
    |A_1_17_address0                   |  14|          3|    6|         18|
    |A_1_17_ce0                        |  14|          3|    1|          3|
    |A_1_17_ce1                        |   9|          2|    1|          2|
    |A_1_17_we0                        |   9|          2|    1|          2|
    |A_1_17_we1                        |   9|          2|    1|          2|
    |A_1_18_address0                   |  14|          3|    6|         18|
    |A_1_18_ce0                        |  14|          3|    1|          3|
    |A_1_18_ce1                        |   9|          2|    1|          2|
    |A_1_18_we0                        |   9|          2|    1|          2|
    |A_1_18_we1                        |   9|          2|    1|          2|
    |A_1_19_address0                   |  14|          3|    6|         18|
    |A_1_19_ce0                        |  14|          3|    1|          3|
    |A_1_19_ce1                        |   9|          2|    1|          2|
    |A_1_19_we0                        |   9|          2|    1|          2|
    |A_1_19_we1                        |   9|          2|    1|          2|
    |A_1_1_address0                    |  14|          3|    6|         18|
    |A_1_1_ce0                         |  14|          3|    1|          3|
    |A_1_1_ce1                         |   9|          2|    1|          2|
    |A_1_1_we0                         |   9|          2|    1|          2|
    |A_1_1_we1                         |   9|          2|    1|          2|
    |A_1_20_address0                   |  14|          3|    6|         18|
    |A_1_20_ce0                        |  14|          3|    1|          3|
    |A_1_20_ce1                        |   9|          2|    1|          2|
    |A_1_20_we0                        |   9|          2|    1|          2|
    |A_1_20_we1                        |   9|          2|    1|          2|
    |A_1_21_address0                   |  14|          3|    6|         18|
    |A_1_21_ce0                        |  14|          3|    1|          3|
    |A_1_21_ce1                        |   9|          2|    1|          2|
    |A_1_21_we0                        |   9|          2|    1|          2|
    |A_1_21_we1                        |   9|          2|    1|          2|
    |A_1_22_address0                   |  14|          3|    6|         18|
    |A_1_22_ce0                        |  14|          3|    1|          3|
    |A_1_22_ce1                        |   9|          2|    1|          2|
    |A_1_22_we0                        |   9|          2|    1|          2|
    |A_1_22_we1                        |   9|          2|    1|          2|
    |A_1_23_address0                   |  14|          3|    6|         18|
    |A_1_23_ce0                        |  14|          3|    1|          3|
    |A_1_23_ce1                        |   9|          2|    1|          2|
    |A_1_23_we0                        |   9|          2|    1|          2|
    |A_1_23_we1                        |   9|          2|    1|          2|
    |A_1_24_address0                   |  14|          3|    6|         18|
    |A_1_24_ce0                        |  14|          3|    1|          3|
    |A_1_24_ce1                        |   9|          2|    1|          2|
    |A_1_24_we0                        |   9|          2|    1|          2|
    |A_1_24_we1                        |   9|          2|    1|          2|
    |A_1_25_address0                   |  14|          3|    6|         18|
    |A_1_25_ce0                        |  14|          3|    1|          3|
    |A_1_25_ce1                        |   9|          2|    1|          2|
    |A_1_25_we0                        |   9|          2|    1|          2|
    |A_1_25_we1                        |   9|          2|    1|          2|
    |A_1_26_address0                   |  14|          3|    6|         18|
    |A_1_26_ce0                        |  14|          3|    1|          3|
    |A_1_26_ce1                        |   9|          2|    1|          2|
    |A_1_26_we0                        |   9|          2|    1|          2|
    |A_1_26_we1                        |   9|          2|    1|          2|
    |A_1_27_address0                   |  14|          3|    6|         18|
    |A_1_27_ce0                        |  14|          3|    1|          3|
    |A_1_27_ce1                        |   9|          2|    1|          2|
    |A_1_27_we0                        |   9|          2|    1|          2|
    |A_1_27_we1                        |   9|          2|    1|          2|
    |A_1_28_address0                   |  14|          3|    6|         18|
    |A_1_28_ce0                        |  14|          3|    1|          3|
    |A_1_28_ce1                        |   9|          2|    1|          2|
    |A_1_28_we0                        |   9|          2|    1|          2|
    |A_1_28_we1                        |   9|          2|    1|          2|
    |A_1_29_address0                   |  14|          3|    6|         18|
    |A_1_29_ce0                        |  14|          3|    1|          3|
    |A_1_29_ce1                        |   9|          2|    1|          2|
    |A_1_29_we0                        |   9|          2|    1|          2|
    |A_1_29_we1                        |   9|          2|    1|          2|
    |A_1_2_address0                    |  14|          3|    6|         18|
    |A_1_2_ce0                         |  14|          3|    1|          3|
    |A_1_2_ce1                         |   9|          2|    1|          2|
    |A_1_2_we0                         |   9|          2|    1|          2|
    |A_1_2_we1                         |   9|          2|    1|          2|
    |A_1_30_address0                   |  14|          3|    6|         18|
    |A_1_30_ce0                        |  14|          3|    1|          3|
    |A_1_30_ce1                        |   9|          2|    1|          2|
    |A_1_30_we0                        |   9|          2|    1|          2|
    |A_1_30_we1                        |   9|          2|    1|          2|
    |A_1_31_address0                   |  14|          3|    6|         18|
    |A_1_31_ce0                        |  14|          3|    1|          3|
    |A_1_31_ce1                        |   9|          2|    1|          2|
    |A_1_31_we0                        |   9|          2|    1|          2|
    |A_1_31_we1                        |   9|          2|    1|          2|
    |A_1_32_address0                   |  14|          3|    6|         18|
    |A_1_32_ce0                        |  14|          3|    1|          3|
    |A_1_32_ce1                        |   9|          2|    1|          2|
    |A_1_32_we0                        |   9|          2|    1|          2|
    |A_1_32_we1                        |   9|          2|    1|          2|
    |A_1_33_address0                   |  14|          3|    6|         18|
    |A_1_33_ce0                        |  14|          3|    1|          3|
    |A_1_33_ce1                        |   9|          2|    1|          2|
    |A_1_33_we0                        |   9|          2|    1|          2|
    |A_1_33_we1                        |   9|          2|    1|          2|
    |A_1_34_address0                   |  14|          3|    6|         18|
    |A_1_34_ce0                        |  14|          3|    1|          3|
    |A_1_34_ce1                        |   9|          2|    1|          2|
    |A_1_34_we0                        |   9|          2|    1|          2|
    |A_1_34_we1                        |   9|          2|    1|          2|
    |A_1_35_address0                   |  14|          3|    6|         18|
    |A_1_35_ce0                        |  14|          3|    1|          3|
    |A_1_35_ce1                        |   9|          2|    1|          2|
    |A_1_35_we0                        |   9|          2|    1|          2|
    |A_1_35_we1                        |   9|          2|    1|          2|
    |A_1_36_address0                   |  14|          3|    6|         18|
    |A_1_36_ce0                        |  14|          3|    1|          3|
    |A_1_36_ce1                        |   9|          2|    1|          2|
    |A_1_36_we0                        |   9|          2|    1|          2|
    |A_1_36_we1                        |   9|          2|    1|          2|
    |A_1_37_address0                   |  14|          3|    6|         18|
    |A_1_37_ce0                        |  14|          3|    1|          3|
    |A_1_37_ce1                        |   9|          2|    1|          2|
    |A_1_37_we0                        |   9|          2|    1|          2|
    |A_1_37_we1                        |   9|          2|    1|          2|
    |A_1_38_address0                   |  14|          3|    6|         18|
    |A_1_38_ce0                        |  14|          3|    1|          3|
    |A_1_38_ce1                        |   9|          2|    1|          2|
    |A_1_38_we0                        |   9|          2|    1|          2|
    |A_1_38_we1                        |   9|          2|    1|          2|
    |A_1_39_address0                   |  14|          3|    6|         18|
    |A_1_39_ce0                        |  14|          3|    1|          3|
    |A_1_39_ce1                        |   9|          2|    1|          2|
    |A_1_39_we0                        |   9|          2|    1|          2|
    |A_1_39_we1                        |   9|          2|    1|          2|
    |A_1_3_address0                    |  14|          3|    6|         18|
    |A_1_3_ce0                         |  14|          3|    1|          3|
    |A_1_3_ce1                         |   9|          2|    1|          2|
    |A_1_3_we0                         |   9|          2|    1|          2|
    |A_1_3_we1                         |   9|          2|    1|          2|
    |A_1_4_address0                    |  14|          3|    6|         18|
    |A_1_4_ce0                         |  14|          3|    1|          3|
    |A_1_4_ce1                         |   9|          2|    1|          2|
    |A_1_4_we0                         |   9|          2|    1|          2|
    |A_1_4_we1                         |   9|          2|    1|          2|
    |A_1_5_address0                    |  14|          3|    6|         18|
    |A_1_5_ce0                         |  14|          3|    1|          3|
    |A_1_5_ce1                         |   9|          2|    1|          2|
    |A_1_5_we0                         |   9|          2|    1|          2|
    |A_1_5_we1                         |   9|          2|    1|          2|
    |A_1_6_address0                    |  14|          3|    6|         18|
    |A_1_6_ce0                         |  14|          3|    1|          3|
    |A_1_6_ce1                         |   9|          2|    1|          2|
    |A_1_6_we0                         |   9|          2|    1|          2|
    |A_1_6_we1                         |   9|          2|    1|          2|
    |A_1_7_address0                    |  14|          3|    6|         18|
    |A_1_7_ce0                         |  14|          3|    1|          3|
    |A_1_7_ce1                         |   9|          2|    1|          2|
    |A_1_7_we0                         |   9|          2|    1|          2|
    |A_1_7_we1                         |   9|          2|    1|          2|
    |A_1_8_address0                    |  14|          3|    6|         18|
    |A_1_8_ce0                         |  14|          3|    1|          3|
    |A_1_8_ce1                         |   9|          2|    1|          2|
    |A_1_8_we0                         |   9|          2|    1|          2|
    |A_1_8_we1                         |   9|          2|    1|          2|
    |A_1_9_address0                    |  14|          3|    6|         18|
    |A_1_9_ce0                         |  14|          3|    1|          3|
    |A_1_9_ce1                         |   9|          2|    1|          2|
    |A_1_9_we0                         |   9|          2|    1|          2|
    |A_1_9_we1                         |   9|          2|    1|          2|
    |A_1_address0                      |  14|          3|    6|         18|
    |A_1_ce0                           |  14|          3|    1|          3|
    |A_1_ce1                           |   9|          2|    1|          2|
    |A_1_we0                           |   9|          2|    1|          2|
    |A_1_we1                           |   9|          2|    1|          2|
    |B_100_address0                    |  14|          3|    9|         27|
    |B_100_ce0                         |  14|          3|    1|          3|
    |B_100_we0                         |   9|          2|    1|          2|
    |B_101_address0                    |  14|          3|    9|         27|
    |B_101_ce0                         |  14|          3|    1|          3|
    |B_101_we0                         |   9|          2|    1|          2|
    |B_102_address0                    |  14|          3|    9|         27|
    |B_102_ce0                         |  14|          3|    1|          3|
    |B_102_we0                         |   9|          2|    1|          2|
    |B_103_address0                    |  14|          3|    9|         27|
    |B_103_ce0                         |  14|          3|    1|          3|
    |B_103_we0                         |   9|          2|    1|          2|
    |B_104_address0                    |  14|          3|    9|         27|
    |B_104_ce0                         |  14|          3|    1|          3|
    |B_104_we0                         |   9|          2|    1|          2|
    |B_105_address0                    |  14|          3|    9|         27|
    |B_105_ce0                         |  14|          3|    1|          3|
    |B_105_we0                         |   9|          2|    1|          2|
    |B_106_address0                    |  14|          3|    9|         27|
    |B_106_ce0                         |  14|          3|    1|          3|
    |B_106_we0                         |   9|          2|    1|          2|
    |B_107_address0                    |  14|          3|    9|         27|
    |B_107_ce0                         |  14|          3|    1|          3|
    |B_107_we0                         |   9|          2|    1|          2|
    |B_108_address0                    |  14|          3|    9|         27|
    |B_108_ce0                         |  14|          3|    1|          3|
    |B_108_we0                         |   9|          2|    1|          2|
    |B_109_address0                    |  14|          3|    9|         27|
    |B_109_ce0                         |  14|          3|    1|          3|
    |B_109_we0                         |   9|          2|    1|          2|
    |B_10_address0                     |  14|          3|    9|         27|
    |B_10_ce0                          |  14|          3|    1|          3|
    |B_10_we0                          |   9|          2|    1|          2|
    |B_110_address0                    |  14|          3|    9|         27|
    |B_110_ce0                         |  14|          3|    1|          3|
    |B_110_we0                         |   9|          2|    1|          2|
    |B_111_address0                    |  14|          3|    9|         27|
    |B_111_ce0                         |  14|          3|    1|          3|
    |B_111_we0                         |   9|          2|    1|          2|
    |B_112_address0                    |  14|          3|    9|         27|
    |B_112_ce0                         |  14|          3|    1|          3|
    |B_112_we0                         |   9|          2|    1|          2|
    |B_113_address0                    |  14|          3|    9|         27|
    |B_113_ce0                         |  14|          3|    1|          3|
    |B_113_we0                         |   9|          2|    1|          2|
    |B_114_address0                    |  14|          3|    9|         27|
    |B_114_ce0                         |  14|          3|    1|          3|
    |B_114_we0                         |   9|          2|    1|          2|
    |B_115_address0                    |  14|          3|    9|         27|
    |B_115_ce0                         |  14|          3|    1|          3|
    |B_115_we0                         |   9|          2|    1|          2|
    |B_116_address0                    |  14|          3|    9|         27|
    |B_116_ce0                         |  14|          3|    1|          3|
    |B_116_we0                         |   9|          2|    1|          2|
    |B_117_address0                    |  14|          3|    9|         27|
    |B_117_ce0                         |  14|          3|    1|          3|
    |B_117_we0                         |   9|          2|    1|          2|
    |B_118_address0                    |  14|          3|    9|         27|
    |B_118_ce0                         |  14|          3|    1|          3|
    |B_118_we0                         |   9|          2|    1|          2|
    |B_119_address0                    |  14|          3|    9|         27|
    |B_119_ce0                         |  14|          3|    1|          3|
    |B_119_we0                         |   9|          2|    1|          2|
    |B_11_address0                     |  14|          3|    9|         27|
    |B_11_ce0                          |  14|          3|    1|          3|
    |B_11_we0                          |   9|          2|    1|          2|
    |B_120_address0                    |  14|          3|    9|         27|
    |B_120_ce0                         |  14|          3|    1|          3|
    |B_120_we0                         |   9|          2|    1|          2|
    |B_121_address0                    |  14|          3|    9|         27|
    |B_121_ce0                         |  14|          3|    1|          3|
    |B_121_we0                         |   9|          2|    1|          2|
    |B_122_address0                    |  14|          3|    9|         27|
    |B_122_ce0                         |  14|          3|    1|          3|
    |B_122_we0                         |   9|          2|    1|          2|
    |B_123_address0                    |  14|          3|    9|         27|
    |B_123_ce0                         |  14|          3|    1|          3|
    |B_123_we0                         |   9|          2|    1|          2|
    |B_124_address0                    |  14|          3|    9|         27|
    |B_124_ce0                         |  14|          3|    1|          3|
    |B_124_we0                         |   9|          2|    1|          2|
    |B_125_address0                    |  14|          3|    9|         27|
    |B_125_ce0                         |  14|          3|    1|          3|
    |B_125_we0                         |   9|          2|    1|          2|
    |B_126_address0                    |  14|          3|    9|         27|
    |B_126_ce0                         |  14|          3|    1|          3|
    |B_126_we0                         |   9|          2|    1|          2|
    |B_127_address0                    |  14|          3|    9|         27|
    |B_127_ce0                         |  14|          3|    1|          3|
    |B_127_we0                         |   9|          2|    1|          2|
    |B_12_address0                     |  14|          3|    9|         27|
    |B_12_ce0                          |  14|          3|    1|          3|
    |B_12_we0                          |   9|          2|    1|          2|
    |B_13_address0                     |  14|          3|    9|         27|
    |B_13_ce0                          |  14|          3|    1|          3|
    |B_13_we0                          |   9|          2|    1|          2|
    |B_14_address0                     |  14|          3|    9|         27|
    |B_14_ce0                          |  14|          3|    1|          3|
    |B_14_we0                          |   9|          2|    1|          2|
    |B_15_address0                     |  14|          3|    9|         27|
    |B_15_ce0                          |  14|          3|    1|          3|
    |B_15_we0                          |   9|          2|    1|          2|
    |B_16_address0                     |  14|          3|    9|         27|
    |B_16_ce0                          |  14|          3|    1|          3|
    |B_16_we0                          |   9|          2|    1|          2|
    |B_17_address0                     |  14|          3|    9|         27|
    |B_17_ce0                          |  14|          3|    1|          3|
    |B_17_we0                          |   9|          2|    1|          2|
    |B_18_address0                     |  14|          3|    9|         27|
    |B_18_ce0                          |  14|          3|    1|          3|
    |B_18_we0                          |   9|          2|    1|          2|
    |B_19_address0                     |  14|          3|    9|         27|
    |B_19_ce0                          |  14|          3|    1|          3|
    |B_19_we0                          |   9|          2|    1|          2|
    |B_1_address0                      |  14|          3|    9|         27|
    |B_1_ce0                           |  14|          3|    1|          3|
    |B_1_we0                           |   9|          2|    1|          2|
    |B_20_address0                     |  14|          3|    9|         27|
    |B_20_ce0                          |  14|          3|    1|          3|
    |B_20_we0                          |   9|          2|    1|          2|
    |B_21_address0                     |  14|          3|    9|         27|
    |B_21_ce0                          |  14|          3|    1|          3|
    |B_21_we0                          |   9|          2|    1|          2|
    |B_22_address0                     |  14|          3|    9|         27|
    |B_22_ce0                          |  14|          3|    1|          3|
    |B_22_we0                          |   9|          2|    1|          2|
    |B_23_address0                     |  14|          3|    9|         27|
    |B_23_ce0                          |  14|          3|    1|          3|
    |B_23_we0                          |   9|          2|    1|          2|
    |B_24_address0                     |  14|          3|    9|         27|
    |B_24_ce0                          |  14|          3|    1|          3|
    |B_24_we0                          |   9|          2|    1|          2|
    |B_25_address0                     |  14|          3|    9|         27|
    |B_25_ce0                          |  14|          3|    1|          3|
    |B_25_we0                          |   9|          2|    1|          2|
    |B_26_address0                     |  14|          3|    9|         27|
    |B_26_ce0                          |  14|          3|    1|          3|
    |B_26_we0                          |   9|          2|    1|          2|
    |B_27_address0                     |  14|          3|    9|         27|
    |B_27_ce0                          |  14|          3|    1|          3|
    |B_27_we0                          |   9|          2|    1|          2|
    |B_28_address0                     |  14|          3|    9|         27|
    |B_28_ce0                          |  14|          3|    1|          3|
    |B_28_we0                          |   9|          2|    1|          2|
    |B_29_address0                     |  14|          3|    9|         27|
    |B_29_ce0                          |  14|          3|    1|          3|
    |B_29_we0                          |   9|          2|    1|          2|
    |B_2_address0                      |  14|          3|    9|         27|
    |B_2_ce0                           |  14|          3|    1|          3|
    |B_2_we0                           |   9|          2|    1|          2|
    |B_30_address0                     |  14|          3|    9|         27|
    |B_30_ce0                          |  14|          3|    1|          3|
    |B_30_we0                          |   9|          2|    1|          2|
    |B_31_address0                     |  14|          3|    9|         27|
    |B_31_ce0                          |  14|          3|    1|          3|
    |B_31_we0                          |   9|          2|    1|          2|
    |B_32_address0                     |  14|          3|    9|         27|
    |B_32_ce0                          |  14|          3|    1|          3|
    |B_32_we0                          |   9|          2|    1|          2|
    |B_33_address0                     |  14|          3|    9|         27|
    |B_33_ce0                          |  14|          3|    1|          3|
    |B_33_we0                          |   9|          2|    1|          2|
    |B_34_address0                     |  14|          3|    9|         27|
    |B_34_ce0                          |  14|          3|    1|          3|
    |B_34_we0                          |   9|          2|    1|          2|
    |B_35_address0                     |  14|          3|    9|         27|
    |B_35_ce0                          |  14|          3|    1|          3|
    |B_35_we0                          |   9|          2|    1|          2|
    |B_36_address0                     |  14|          3|    9|         27|
    |B_36_ce0                          |  14|          3|    1|          3|
    |B_36_we0                          |   9|          2|    1|          2|
    |B_37_address0                     |  14|          3|    9|         27|
    |B_37_ce0                          |  14|          3|    1|          3|
    |B_37_we0                          |   9|          2|    1|          2|
    |B_38_address0                     |  14|          3|    9|         27|
    |B_38_ce0                          |  14|          3|    1|          3|
    |B_38_we0                          |   9|          2|    1|          2|
    |B_39_address0                     |  14|          3|    9|         27|
    |B_39_ce0                          |  14|          3|    1|          3|
    |B_39_we0                          |   9|          2|    1|          2|
    |B_3_address0                      |  14|          3|    9|         27|
    |B_3_ce0                           |  14|          3|    1|          3|
    |B_3_we0                           |   9|          2|    1|          2|
    |B_40_address0                     |  14|          3|    9|         27|
    |B_40_ce0                          |  14|          3|    1|          3|
    |B_40_we0                          |   9|          2|    1|          2|
    |B_41_address0                     |  14|          3|    9|         27|
    |B_41_ce0                          |  14|          3|    1|          3|
    |B_41_we0                          |   9|          2|    1|          2|
    |B_42_address0                     |  14|          3|    9|         27|
    |B_42_ce0                          |  14|          3|    1|          3|
    |B_42_we0                          |   9|          2|    1|          2|
    |B_43_address0                     |  14|          3|    9|         27|
    |B_43_ce0                          |  14|          3|    1|          3|
    |B_43_we0                          |   9|          2|    1|          2|
    |B_44_address0                     |  14|          3|    9|         27|
    |B_44_ce0                          |  14|          3|    1|          3|
    |B_44_we0                          |   9|          2|    1|          2|
    |B_45_address0                     |  14|          3|    9|         27|
    |B_45_ce0                          |  14|          3|    1|          3|
    |B_45_we0                          |   9|          2|    1|          2|
    |B_46_address0                     |  14|          3|    9|         27|
    |B_46_ce0                          |  14|          3|    1|          3|
    |B_46_we0                          |   9|          2|    1|          2|
    |B_47_address0                     |  14|          3|    9|         27|
    |B_47_ce0                          |  14|          3|    1|          3|
    |B_47_we0                          |   9|          2|    1|          2|
    |B_48_address0                     |  14|          3|    9|         27|
    |B_48_ce0                          |  14|          3|    1|          3|
    |B_48_we0                          |   9|          2|    1|          2|
    |B_49_address0                     |  14|          3|    9|         27|
    |B_49_ce0                          |  14|          3|    1|          3|
    |B_49_we0                          |   9|          2|    1|          2|
    |B_4_address0                      |  14|          3|    9|         27|
    |B_4_ce0                           |  14|          3|    1|          3|
    |B_4_we0                           |   9|          2|    1|          2|
    |B_50_address0                     |  14|          3|    9|         27|
    |B_50_ce0                          |  14|          3|    1|          3|
    |B_50_we0                          |   9|          2|    1|          2|
    |B_51_address0                     |  14|          3|    9|         27|
    |B_51_ce0                          |  14|          3|    1|          3|
    |B_51_we0                          |   9|          2|    1|          2|
    |B_52_address0                     |  14|          3|    9|         27|
    |B_52_ce0                          |  14|          3|    1|          3|
    |B_52_we0                          |   9|          2|    1|          2|
    |B_53_address0                     |  14|          3|    9|         27|
    |B_53_ce0                          |  14|          3|    1|          3|
    |B_53_we0                          |   9|          2|    1|          2|
    |B_54_address0                     |  14|          3|    9|         27|
    |B_54_ce0                          |  14|          3|    1|          3|
    |B_54_we0                          |   9|          2|    1|          2|
    |B_55_address0                     |  14|          3|    9|         27|
    |B_55_ce0                          |  14|          3|    1|          3|
    |B_55_we0                          |   9|          2|    1|          2|
    |B_56_address0                     |  14|          3|    9|         27|
    |B_56_ce0                          |  14|          3|    1|          3|
    |B_56_we0                          |   9|          2|    1|          2|
    |B_57_address0                     |  14|          3|    9|         27|
    |B_57_ce0                          |  14|          3|    1|          3|
    |B_57_we0                          |   9|          2|    1|          2|
    |B_58_address0                     |  14|          3|    9|         27|
    |B_58_ce0                          |  14|          3|    1|          3|
    |B_58_we0                          |   9|          2|    1|          2|
    |B_59_address0                     |  14|          3|    9|         27|
    |B_59_ce0                          |  14|          3|    1|          3|
    |B_59_we0                          |   9|          2|    1|          2|
    |B_5_address0                      |  14|          3|    9|         27|
    |B_5_ce0                           |  14|          3|    1|          3|
    |B_5_we0                           |   9|          2|    1|          2|
    |B_60_address0                     |  14|          3|    9|         27|
    |B_60_ce0                          |  14|          3|    1|          3|
    |B_60_we0                          |   9|          2|    1|          2|
    |B_61_address0                     |  14|          3|    9|         27|
    |B_61_ce0                          |  14|          3|    1|          3|
    |B_61_we0                          |   9|          2|    1|          2|
    |B_62_address0                     |  14|          3|    9|         27|
    |B_62_ce0                          |  14|          3|    1|          3|
    |B_62_we0                          |   9|          2|    1|          2|
    |B_63_address0                     |  14|          3|    9|         27|
    |B_63_ce0                          |  14|          3|    1|          3|
    |B_63_we0                          |   9|          2|    1|          2|
    |B_64_address0                     |  14|          3|    9|         27|
    |B_64_ce0                          |  14|          3|    1|          3|
    |B_64_we0                          |   9|          2|    1|          2|
    |B_65_address0                     |  14|          3|    9|         27|
    |B_65_ce0                          |  14|          3|    1|          3|
    |B_65_we0                          |   9|          2|    1|          2|
    |B_66_address0                     |  14|          3|    9|         27|
    |B_66_ce0                          |  14|          3|    1|          3|
    |B_66_we0                          |   9|          2|    1|          2|
    |B_67_address0                     |  14|          3|    9|         27|
    |B_67_ce0                          |  14|          3|    1|          3|
    |B_67_we0                          |   9|          2|    1|          2|
    |B_68_address0                     |  14|          3|    9|         27|
    |B_68_ce0                          |  14|          3|    1|          3|
    |B_68_we0                          |   9|          2|    1|          2|
    |B_69_address0                     |  14|          3|    9|         27|
    |B_69_ce0                          |  14|          3|    1|          3|
    |B_69_we0                          |   9|          2|    1|          2|
    |B_6_address0                      |  14|          3|    9|         27|
    |B_6_ce0                           |  14|          3|    1|          3|
    |B_6_we0                           |   9|          2|    1|          2|
    |B_70_address0                     |  14|          3|    9|         27|
    |B_70_ce0                          |  14|          3|    1|          3|
    |B_70_we0                          |   9|          2|    1|          2|
    |B_71_address0                     |  14|          3|    9|         27|
    |B_71_ce0                          |  14|          3|    1|          3|
    |B_71_we0                          |   9|          2|    1|          2|
    |B_72_address0                     |  14|          3|    9|         27|
    |B_72_ce0                          |  14|          3|    1|          3|
    |B_72_we0                          |   9|          2|    1|          2|
    |B_73_address0                     |  14|          3|    9|         27|
    |B_73_ce0                          |  14|          3|    1|          3|
    |B_73_we0                          |   9|          2|    1|          2|
    |B_74_address0                     |  14|          3|    9|         27|
    |B_74_ce0                          |  14|          3|    1|          3|
    |B_74_we0                          |   9|          2|    1|          2|
    |B_75_address0                     |  14|          3|    9|         27|
    |B_75_ce0                          |  14|          3|    1|          3|
    |B_75_we0                          |   9|          2|    1|          2|
    |B_76_address0                     |  14|          3|    9|         27|
    |B_76_ce0                          |  14|          3|    1|          3|
    |B_76_we0                          |   9|          2|    1|          2|
    |B_77_address0                     |  14|          3|    9|         27|
    |B_77_ce0                          |  14|          3|    1|          3|
    |B_77_we0                          |   9|          2|    1|          2|
    |B_78_address0                     |  14|          3|    9|         27|
    |B_78_ce0                          |  14|          3|    1|          3|
    |B_78_we0                          |   9|          2|    1|          2|
    |B_79_address0                     |  14|          3|    9|         27|
    |B_79_ce0                          |  14|          3|    1|          3|
    |B_79_we0                          |   9|          2|    1|          2|
    |B_7_address0                      |  14|          3|    9|         27|
    |B_7_ce0                           |  14|          3|    1|          3|
    |B_7_we0                           |   9|          2|    1|          2|
    |B_80_address0                     |  14|          3|    9|         27|
    |B_80_ce0                          |  14|          3|    1|          3|
    |B_80_we0                          |   9|          2|    1|          2|
    |B_81_address0                     |  14|          3|    9|         27|
    |B_81_ce0                          |  14|          3|    1|          3|
    |B_81_we0                          |   9|          2|    1|          2|
    |B_82_address0                     |  14|          3|    9|         27|
    |B_82_ce0                          |  14|          3|    1|          3|
    |B_82_we0                          |   9|          2|    1|          2|
    |B_83_address0                     |  14|          3|    9|         27|
    |B_83_ce0                          |  14|          3|    1|          3|
    |B_83_we0                          |   9|          2|    1|          2|
    |B_84_address0                     |  14|          3|    9|         27|
    |B_84_ce0                          |  14|          3|    1|          3|
    |B_84_we0                          |   9|          2|    1|          2|
    |B_85_address0                     |  14|          3|    9|         27|
    |B_85_ce0                          |  14|          3|    1|          3|
    |B_85_we0                          |   9|          2|    1|          2|
    |B_86_address0                     |  14|          3|    9|         27|
    |B_86_ce0                          |  14|          3|    1|          3|
    |B_86_we0                          |   9|          2|    1|          2|
    |B_87_address0                     |  14|          3|    9|         27|
    |B_87_ce0                          |  14|          3|    1|          3|
    |B_87_we0                          |   9|          2|    1|          2|
    |B_88_address0                     |  14|          3|    9|         27|
    |B_88_ce0                          |  14|          3|    1|          3|
    |B_88_we0                          |   9|          2|    1|          2|
    |B_89_address0                     |  14|          3|    9|         27|
    |B_89_ce0                          |  14|          3|    1|          3|
    |B_89_we0                          |   9|          2|    1|          2|
    |B_8_address0                      |  14|          3|    9|         27|
    |B_8_ce0                           |  14|          3|    1|          3|
    |B_8_we0                           |   9|          2|    1|          2|
    |B_90_address0                     |  14|          3|    9|         27|
    |B_90_ce0                          |  14|          3|    1|          3|
    |B_90_we0                          |   9|          2|    1|          2|
    |B_91_address0                     |  14|          3|    9|         27|
    |B_91_ce0                          |  14|          3|    1|          3|
    |B_91_we0                          |   9|          2|    1|          2|
    |B_92_address0                     |  14|          3|    9|         27|
    |B_92_ce0                          |  14|          3|    1|          3|
    |B_92_we0                          |   9|          2|    1|          2|
    |B_93_address0                     |  14|          3|    9|         27|
    |B_93_ce0                          |  14|          3|    1|          3|
    |B_93_we0                          |   9|          2|    1|          2|
    |B_94_address0                     |  14|          3|    9|         27|
    |B_94_ce0                          |  14|          3|    1|          3|
    |B_94_we0                          |   9|          2|    1|          2|
    |B_95_address0                     |  14|          3|    9|         27|
    |B_95_ce0                          |  14|          3|    1|          3|
    |B_95_we0                          |   9|          2|    1|          2|
    |B_96_address0                     |  14|          3|    9|         27|
    |B_96_ce0                          |  14|          3|    1|          3|
    |B_96_we0                          |   9|          2|    1|          2|
    |B_97_address0                     |  14|          3|    9|         27|
    |B_97_ce0                          |  14|          3|    1|          3|
    |B_97_we0                          |   9|          2|    1|          2|
    |B_98_address0                     |  14|          3|    9|         27|
    |B_98_ce0                          |  14|          3|    1|          3|
    |B_98_we0                          |   9|          2|    1|          2|
    |B_99_address0                     |  14|          3|    9|         27|
    |B_99_ce0                          |  14|          3|    1|          3|
    |B_99_we0                          |   9|          2|    1|          2|
    |B_9_address0                      |  14|          3|    9|         27|
    |B_9_ce0                           |  14|          3|    1|          3|
    |B_9_we0                           |   9|          2|    1|          2|
    |B_address0                        |  14|          3|    9|         27|
    |B_ce0                             |  14|          3|    1|          3|
    |B_we0                             |   9|          2|    1|          2|
    |ap_NS_fsm                         |  26|          5|    1|          5|
    |ap_done                           |   9|          2|    1|          2|
    |fifo_A_from_off_chip_to_S1_read   |   9|          2|    1|          2|
    |fifo_B_from_off_chip_to_S1_read   |   9|          2|    1|          2|
    |fifo_E_from_task1_to_task5_write  |   9|          2|    1|          2|
    |fifo_E_to_off_chip_write          |   9|          2|    1|          2|
    |grp_FT0_level1_fu_1228_A_0_0_q0   |  14|          3|   32|         96|
    |grp_FT0_level1_fu_1228_A_0_1_q0   |  14|          3|   32|         96|
    |grp_FT0_level1_fu_1228_A_0_2_q0   |  14|          3|   32|         96|
    |grp_FT0_level1_fu_1228_A_0_3_q0   |  14|          3|   32|         96|
    |grp_FT0_level1_fu_1228_A_1_0_q0   |  14|          3|   32|         96|
    |grp_FT0_level1_fu_1228_A_1_1_q0   |  14|          3|   32|         96|
    |grp_FT0_level1_fu_1228_A_1_2_q0   |  14|          3|   32|         96|
    |grp_FT0_level1_fu_1228_A_1_3_q0   |  14|          3|   32|         96|
    |grp_FT0_level1_fu_1228_A_2_0_q0   |  14|          3|   32|         96|
    |grp_FT0_level1_fu_1228_A_2_1_q0   |  14|          3|   32|         96|
    |grp_FT0_level1_fu_1228_A_2_2_q0   |  14|          3|   32|         96|
    |grp_FT0_level1_fu_1228_A_2_3_q0   |  14|          3|   32|         96|
    |grp_FT0_level1_fu_1228_A_3_0_q0   |  14|          3|   32|         96|
    |grp_FT0_level1_fu_1228_A_3_1_q0   |  14|          3|   32|         96|
    |grp_FT0_level1_fu_1228_A_3_2_q0   |  14|          3|   32|         96|
    |grp_FT0_level1_fu_1228_A_3_3_q0   |  14|          3|   32|         96|
    |grp_FT0_level1_fu_1228_A_4_0_q0   |  14|          3|   32|         96|
    |grp_FT0_level1_fu_1228_A_4_1_q0   |  14|          3|   32|         96|
    |grp_FT0_level1_fu_1228_A_4_2_q0   |  14|          3|   32|         96|
    |grp_FT0_level1_fu_1228_A_4_3_q0   |  14|          3|   32|         96|
    |grp_FT0_level1_fu_1228_A_5_0_q0   |  14|          3|   32|         96|
    |grp_FT0_level1_fu_1228_A_5_1_q0   |  14|          3|   32|         96|
    |grp_FT0_level1_fu_1228_A_5_2_q0   |  14|          3|   32|         96|
    |grp_FT0_level1_fu_1228_A_5_3_q0   |  14|          3|   32|         96|
    |grp_FT0_level1_fu_1228_A_6_0_q0   |  14|          3|   32|         96|
    |grp_FT0_level1_fu_1228_A_6_1_q0   |  14|          3|   32|         96|
    |grp_FT0_level1_fu_1228_A_6_2_q0   |  14|          3|   32|         96|
    |grp_FT0_level1_fu_1228_A_6_3_q0   |  14|          3|   32|         96|
    |grp_FT0_level1_fu_1228_A_7_0_q0   |  14|          3|   32|         96|
    |grp_FT0_level1_fu_1228_A_7_1_q0   |  14|          3|   32|         96|
    |grp_FT0_level1_fu_1228_A_7_2_q0   |  14|          3|   32|         96|
    |grp_FT0_level1_fu_1228_A_7_3_q0   |  14|          3|   32|         96|
    |grp_FT0_level1_fu_1228_A_8_0_q0   |  14|          3|   32|         96|
    |grp_FT0_level1_fu_1228_A_8_1_q0   |  14|          3|   32|         96|
    |grp_FT0_level1_fu_1228_A_8_2_q0   |  14|          3|   32|         96|
    |grp_FT0_level1_fu_1228_A_8_3_q0   |  14|          3|   32|         96|
    |grp_FT0_level1_fu_1228_A_9_0_q0   |  14|          3|   32|         96|
    |grp_FT0_level1_fu_1228_A_9_1_q0   |  14|          3|   32|         96|
    |grp_FT0_level1_fu_1228_A_9_2_q0   |  14|          3|   32|         96|
    |grp_FT0_level1_fu_1228_A_9_3_q0   |  14|          3|   32|         96|
    |grp_read_A_FT0_fu_1140_i0         |  14|          3|    5|         15|
    |i0_01_fu_42                       |   9|          2|    5|         10|
    |real_start                        |   9|          2|    1|          2|
    +----------------------------------+----+-----------+-----+-----------+
    |Total                             |9799|       2126| 3505|      10138|
    +----------------------------------+----+-----------+-----+-----------+

    * Register: 
    +-------------------------------------+---+----+-----+-----------+
    |                 Name                | FF| LUT| Bits| Const Bits|
    +-------------------------------------+---+----+-----+-----------+
    |ap_CS_fsm                            |  4|   0|    4|          0|
    |ap_done_reg                          |  1|   0|    1|          0|
    |grp_FT0_level1_fu_1228_ap_start_reg  |  1|   0|    1|          0|
    |grp_read_A_FT0_fu_1140_ap_start_reg  |  1|   0|    1|          0|
    |grp_read_B_FT0_fu_878_ap_start_reg   |  1|   0|    1|          0|
    |i0_01_fu_42                          |  5|   0|    5|          0|
    |i0_4_reg_1443                        |  5|   0|    5|          0|
    |start_once_reg                       |  1|   0|    1|          0|
    |trunc_ln320_reg_1449                 |  1|   0|    1|          0|
    +-------------------------------------+---+----+-----+-----------+
    |Total                                | 20|   0|   20|          0|
    +-------------------------------------+---+----+-----+-----------+



================================================================
== Interface
================================================================
* Summary: 
+-------------------------------------------+-----+-----+------------+----------------------------+--------------+
|                 RTL Ports                 | Dir | Bits|  Protocol  |        Source Object       |    C Type    |
+-------------------------------------------+-----+-----+------------+----------------------------+--------------+
|ap_clk                                     |   in|    1|  ap_ctrl_hs|                  FT0_level0|  return value|
|ap_rst                                     |   in|    1|  ap_ctrl_hs|                  FT0_level0|  return value|
|ap_start                                   |   in|    1|  ap_ctrl_hs|                  FT0_level0|  return value|
|start_full_n                               |   in|    1|  ap_ctrl_hs|                  FT0_level0|  return value|
|ap_done                                    |  out|    1|  ap_ctrl_hs|                  FT0_level0|  return value|
|ap_continue                                |   in|    1|  ap_ctrl_hs|                  FT0_level0|  return value|
|ap_idle                                    |  out|    1|  ap_ctrl_hs|                  FT0_level0|  return value|
|ap_ready                                   |  out|    1|  ap_ctrl_hs|                  FT0_level0|  return value|
|start_out                                  |  out|    1|  ap_ctrl_hs|                  FT0_level0|  return value|
|start_write                                |  out|    1|  ap_ctrl_hs|                  FT0_level0|  return value|
|fifo_E_from_task1_to_task5_din             |  out|  512|     ap_fifo|  fifo_E_from_task1_to_task5|       pointer|
|fifo_E_from_task1_to_task5_num_data_valid  |   in|   11|     ap_fifo|  fifo_E_from_task1_to_task5|       pointer|
|fifo_E_from_task1_to_task5_fifo_cap        |   in|   11|     ap_fifo|  fifo_E_from_task1_to_task5|       pointer|
|fifo_E_from_task1_to_task5_full_n          |   in|    1|     ap_fifo|  fifo_E_from_task1_to_task5|       pointer|
|fifo_E_from_task1_to_task5_write           |  out|    1|     ap_fifo|  fifo_E_from_task1_to_task5|       pointer|
|fifo_B_from_off_chip_to_S1_dout            |   in|  512|     ap_fifo|  fifo_B_from_off_chip_to_S1|       pointer|
|fifo_B_from_off_chip_to_S1_num_data_valid  |   in|   11|     ap_fifo|  fifo_B_from_off_chip_to_S1|       pointer|
|fifo_B_from_off_chip_to_S1_fifo_cap        |   in|   11|     ap_fifo|  fifo_B_from_off_chip_to_S1|       pointer|
|fifo_B_from_off_chip_to_S1_empty_n         |   in|    1|     ap_fifo|  fifo_B_from_off_chip_to_S1|       pointer|
|fifo_B_from_off_chip_to_S1_read            |  out|    1|     ap_fifo|  fifo_B_from_off_chip_to_S1|       pointer|
|fifo_A_from_off_chip_to_S1_dout            |   in|  512|     ap_fifo|  fifo_A_from_off_chip_to_S1|       pointer|
|fifo_A_from_off_chip_to_S1_num_data_valid  |   in|   11|     ap_fifo|  fifo_A_from_off_chip_to_S1|       pointer|
|fifo_A_from_off_chip_to_S1_fifo_cap        |   in|   11|     ap_fifo|  fifo_A_from_off_chip_to_S1|       pointer|
|fifo_A_from_off_chip_to_S1_empty_n         |   in|    1|     ap_fifo|  fifo_A_from_off_chip_to_S1|       pointer|
|fifo_A_from_off_chip_to_S1_read            |  out|    1|     ap_fifo|  fifo_A_from_off_chip_to_S1|       pointer|
|fifo_E_to_off_chip_din                     |  out|  512|     ap_fifo|          fifo_E_to_off_chip|       pointer|
|fifo_E_to_off_chip_num_data_valid          |   in|   11|     ap_fifo|          fifo_E_to_off_chip|       pointer|
|fifo_E_to_off_chip_fifo_cap                |   in|   11|     ap_fifo|          fifo_E_to_off_chip|       pointer|
|fifo_E_to_off_chip_full_n                  |   in|    1|     ap_fifo|          fifo_E_to_off_chip|       pointer|
|fifo_E_to_off_chip_write                   |  out|    1|     ap_fifo|          fifo_E_to_off_chip|       pointer|
+-------------------------------------------+-----+-----+------------+----------------------------+--------------+

