

================================================================
== Vitis HLS Report for 'FT2_level0'
================================================================
* Date:           Thu Jan  2 11:39:52 2025

* Version:        2023.2 (Build 4023990 on Oct 11 2023)
* Project:        kernel_nlp_slr0
* Solution:       solution (Vitis Kernel Flow Target)
* Product family: virtexuplusHBM
* Target device:  xcu55c-fsvh2892-2L-e


================================================================
== Performance Estimates
================================================================
+ Timing: 
    * Summary: 
    +--------+---------+----------+------------+
    |  Clock |  Target | Estimated| Uncertainty|
    +--------+---------+----------+------------+
    |ap_clk  |  4.55 ns|  3.280 ns|     1.23 ns|
    +--------+---------+----------+------------+

+ Latency: 
    * Summary: 
    +---------+---------+----------+----------+-------+--------+---------+
    |  Latency (cycles) |  Latency (absolute) |    Interval    | Pipeline|
    |   min   |   max   |    min   |    max   |  min  |   max  |   Type  |
    +---------+---------+----------+----------+-------+--------+---------+
    |    72537|   104947|  0.330 ms|  0.477 ms|  72537|  104947|       no|
    +---------+---------+----------+----------+-------+--------+---------+

    + Detail: 
        * Instance: 
        +-----------------------+------------+---------+---------+-----------+-----------+------+------+---------+
        |                       |            |  Latency (cycles) |   Latency (absolute)  |   Interval  | Pipeline|
        |        Instance       |   Module   |   min   |   max   |    min    |    max    |  min |  max |   Type  |
        +-----------------------+------------+---------+---------+-----------+-----------+------+------+---------+
        |grp_read_F_FT2_fu_650  |read_F_FT2  |        1|      953|   4.545 ns|   4.331 us|     1|   953|       no|
        |grp_FT2_level1_fu_738  |FT2_level1  |     3452|     4950|  15.689 us|  22.498 us|  3452|  4950|       no|
        +-----------------------+------------+---------+---------+-----------+-----------+------+------+---------+

        * Loop: 
        +--------------------+---------+---------+-------------+-----------+-----------+------+----------+
        |                    |  Latency (cycles) |  Iteration  |  Initiation Interval  | Trip |          |
        |      Loop Name     |   min   |   max   |   Latency   |  achieved |   target  | Count| Pipelined|
        +--------------------+---------+---------+-------------+-----------+-----------+------+----------+
        |- VITIS_LOOP_419_1  |    72534|   103992|  3454 ~ 4952|          -|          -|    21|        no|
        +--------------------+---------+---------+-------------+-----------+-----------+------+----------+



================================================================
== Utilization Estimates
================================================================
* Summary: 
+---------------------+---------+------+---------+---------+-----+
|         Name        | BRAM_18K|  DSP |    FF   |   LUT   | URAM|
+---------------------+---------+------+---------+---------+-----+
|DSP                  |        -|     -|        -|        -|    -|
|Expression           |        -|     -|        0|       28|    -|
|FIFO                 |        -|     -|        -|        -|    -|
|Instance             |        -|   549|    85063|    71645|    -|
|Memory               |      144|     -|     2560|     2640|    0|
|Multiplexer          |        -|     -|        -|     6197|    -|
|Register             |        -|     -|       18|        -|    -|
+---------------------+---------+------+---------+---------+-----+
|Total                |      144|   549|    87641|    80510|    0|
+---------------------+---------+------+---------+---------+-----+
|Available SLR        |     1344|  3008|   869120|   434560|  320|
+---------------------+---------+------+---------+---------+-----+
|Utilization SLR (%)  |       10|    18|       10|       18|    0|
+---------------------+---------+------+---------+---------+-----+
|Available            |     4032|  9024|  2607360|  1303680|  960|
+---------------------+---------+------+---------+---------+-----+
|Utilization (%)      |        3|     6|        3|        6|    0|
+---------------------+---------+------+---------+---------+-----+

+ Detail: 
    * Instance: 
    +-----------------------+------------+---------+-----+-------+-------+-----+
    |        Instance       |   Module   | BRAM_18K| DSP |   FF  |  LUT  | URAM|
    +-----------------------+------------+---------+-----+-------+-------+-----+
    |grp_FT2_level1_fu_738  |FT2_level1  |        0|  549|  85010|  71318|    0|
    |grp_read_F_FT2_fu_650  |read_F_FT2  |        0|    0|     53|    327|    0|
    +-----------------------+------------+---------+-----+-------+-------+-----+
    |Total                  |            |        0|  549|  85063|  71645|    0|
    +-----------------------+------------+---------+-----+-------+-------+-----+

    * DSP: 
    N/A

    * Memory: 
    +----------+------------------------------+---------+----+----+-----+------+-----+------+-------------+
    |  Memory  |            Module            | BRAM_18K| FF | LUT| URAM| Words| Bits| Banks| W*Bits*Banks|
    +----------+------------------------------+---------+----+----+-----+------+-----+------+-------------+
    |E_0_U     |FT2_level0_E_0_RAM_AUTO_1R1W  |        2|   0|   0|    0|   960|   32|     1|        30720|
    |E_0_1_U   |FT2_level0_E_0_RAM_AUTO_1R1W  |        2|   0|   0|    0|   960|   32|     1|        30720|
    |E_0_2_U   |FT2_level0_E_0_RAM_AUTO_1R1W  |        2|   0|   0|    0|   960|   32|     1|        30720|
    |E_0_3_U   |FT2_level0_E_0_RAM_AUTO_1R1W  |        2|   0|   0|    0|   960|   32|     1|        30720|
    |E_0_4_U   |FT2_level0_E_0_RAM_AUTO_1R1W  |        2|   0|   0|    0|   960|   32|     1|        30720|
    |E_0_5_U   |FT2_level0_E_0_RAM_AUTO_1R1W  |        2|   0|   0|    0|   960|   32|     1|        30720|
    |E_0_6_U   |FT2_level0_E_0_RAM_AUTO_1R1W  |        2|   0|   0|    0|   960|   32|     1|        30720|
    |E_0_7_U   |FT2_level0_E_0_RAM_AUTO_1R1W  |        2|   0|   0|    0|   960|   32|     1|        30720|
    |E_0_8_U   |FT2_level0_E_0_RAM_AUTO_1R1W  |        2|   0|   0|    0|   960|   32|     1|        30720|
    |E_0_9_U   |FT2_level0_E_0_RAM_AUTO_1R1W  |        2|   0|   0|    0|   960|   32|     1|        30720|
    |E_0_10_U  |FT2_level0_E_0_RAM_AUTO_1R1W  |        2|   0|   0|    0|   960|   32|     1|        30720|
    |E_0_11_U  |FT2_level0_E_0_RAM_AUTO_1R1W  |        2|   0|   0|    0|   960|   32|     1|        30720|
    |E_0_12_U  |FT2_level0_E_0_RAM_AUTO_1R1W  |        2|   0|   0|    0|   960|   32|     1|        30720|
    |E_0_13_U  |FT2_level0_E_0_RAM_AUTO_1R1W  |        2|   0|   0|    0|   960|   32|     1|        30720|
    |E_0_14_U  |FT2_level0_E_0_RAM_AUTO_1R1W  |        2|   0|   0|    0|   960|   32|     1|        30720|
    |E_0_15_U  |FT2_level0_E_0_RAM_AUTO_1R1W  |        2|   0|   0|    0|   960|   32|     1|        30720|
    |E_0_16_U  |FT2_level0_E_0_RAM_AUTO_1R1W  |        2|   0|   0|    0|   960|   32|     1|        30720|
    |E_0_17_U  |FT2_level0_E_0_RAM_AUTO_1R1W  |        2|   0|   0|    0|   960|   32|     1|        30720|
    |E_0_18_U  |FT2_level0_E_0_RAM_AUTO_1R1W  |        2|   0|   0|    0|   960|   32|     1|        30720|
    |E_0_19_U  |FT2_level0_E_0_RAM_AUTO_1R1W  |        2|   0|   0|    0|   960|   32|     1|        30720|
    |E_0_20_U  |FT2_level0_E_0_RAM_AUTO_1R1W  |        2|   0|   0|    0|   960|   32|     1|        30720|
    |E_0_21_U  |FT2_level0_E_0_RAM_AUTO_1R1W  |        2|   0|   0|    0|   960|   32|     1|        30720|
    |E_0_22_U  |FT2_level0_E_0_RAM_AUTO_1R1W  |        2|   0|   0|    0|   960|   32|     1|        30720|
    |E_0_23_U  |FT2_level0_E_0_RAM_AUTO_1R1W  |        2|   0|   0|    0|   960|   32|     1|        30720|
    |E_0_24_U  |FT2_level0_E_0_RAM_AUTO_1R1W  |        2|   0|   0|    0|   960|   32|     1|        30720|
    |E_0_25_U  |FT2_level0_E_0_RAM_AUTO_1R1W  |        2|   0|   0|    0|   960|   32|     1|        30720|
    |E_0_26_U  |FT2_level0_E_0_RAM_AUTO_1R1W  |        2|   0|   0|    0|   960|   32|     1|        30720|
    |E_0_27_U  |FT2_level0_E_0_RAM_AUTO_1R1W  |        2|   0|   0|    0|   960|   32|     1|        30720|
    |E_0_28_U  |FT2_level0_E_0_RAM_AUTO_1R1W  |        2|   0|   0|    0|   960|   32|     1|        30720|
    |E_0_29_U  |FT2_level0_E_0_RAM_AUTO_1R1W  |        2|   0|   0|    0|   960|   32|     1|        30720|
    |E_0_30_U  |FT2_level0_E_0_RAM_AUTO_1R1W  |        2|   0|   0|    0|   960|   32|     1|        30720|
    |E_0_31_U  |FT2_level0_E_0_RAM_AUTO_1R1W  |        2|   0|   0|    0|   960|   32|     1|        30720|
    |E_0_32_U  |FT2_level0_E_0_RAM_AUTO_1R1W  |        2|   0|   0|    0|   960|   32|     1|        30720|
    |E_0_33_U  |FT2_level0_E_0_RAM_AUTO_1R1W  |        2|   0|   0|    0|   960|   32|     1|        30720|
    |E_0_34_U  |FT2_level0_E_0_RAM_AUTO_1R1W  |        2|   0|   0|    0|   960|   32|     1|        30720|
    |E_0_35_U  |FT2_level0_E_0_RAM_AUTO_1R1W  |        2|   0|   0|    0|   960|   32|     1|        30720|
    |E_1_U     |FT2_level0_E_0_RAM_AUTO_1R1W  |        2|   0|   0|    0|   960|   32|     1|        30720|
    |E_1_1_U   |FT2_level0_E_0_RAM_AUTO_1R1W  |        2|   0|   0|    0|   960|   32|     1|        30720|
    |E_1_2_U   |FT2_level0_E_0_RAM_AUTO_1R1W  |        2|   0|   0|    0|   960|   32|     1|        30720|
    |E_1_3_U   |FT2_level0_E_0_RAM_AUTO_1R1W  |        2|   0|   0|    0|   960|   32|     1|        30720|
    |E_1_4_U   |FT2_level0_E_0_RAM_AUTO_1R1W  |        2|   0|   0|    0|   960|   32|     1|        30720|
    |E_1_5_U   |FT2_level0_E_0_RAM_AUTO_1R1W  |        2|   0|   0|    0|   960|   32|     1|        30720|
    |E_1_6_U   |FT2_level0_E_0_RAM_AUTO_1R1W  |        2|   0|   0|    0|   960|   32|     1|        30720|
    |E_1_7_U   |FT2_level0_E_0_RAM_AUTO_1R1W  |        2|   0|   0|    0|   960|   32|     1|        30720|
    |E_1_8_U   |FT2_level0_E_0_RAM_AUTO_1R1W  |        2|   0|   0|    0|   960|   32|     1|        30720|
    |E_1_9_U   |FT2_level0_E_0_RAM_AUTO_1R1W  |        2|   0|   0|    0|   960|   32|     1|        30720|
    |E_1_10_U  |FT2_level0_E_0_RAM_AUTO_1R1W  |        2|   0|   0|    0|   960|   32|     1|        30720|
    |E_1_11_U  |FT2_level0_E_0_RAM_AUTO_1R1W  |        2|   0|   0|    0|   960|   32|     1|        30720|
    |E_1_12_U  |FT2_level0_E_0_RAM_AUTO_1R1W  |        2|   0|   0|    0|   960|   32|     1|        30720|
    |E_1_13_U  |FT2_level0_E_0_RAM_AUTO_1R1W  |        2|   0|   0|    0|   960|   32|     1|        30720|
    |E_1_14_U  |FT2_level0_E_0_RAM_AUTO_1R1W  |        2|   0|   0|    0|   960|   32|     1|        30720|
    |E_1_15_U  |FT2_level0_E_0_RAM_AUTO_1R1W  |        2|   0|   0|    0|   960|   32|     1|        30720|
    |E_1_16_U  |FT2_level0_E_0_RAM_AUTO_1R1W  |        2|   0|   0|    0|   960|   32|     1|        30720|
    |E_1_17_U  |FT2_level0_E_0_RAM_AUTO_1R1W  |        2|   0|   0|    0|   960|   32|     1|        30720|
    |E_1_18_U  |FT2_level0_E_0_RAM_AUTO_1R1W  |        2|   0|   0|    0|   960|   32|     1|        30720|
    |E_1_19_U  |FT2_level0_E_0_RAM_AUTO_1R1W  |        2|   0|   0|    0|   960|   32|     1|        30720|
    |E_1_20_U  |FT2_level0_E_0_RAM_AUTO_1R1W  |        2|   0|   0|    0|   960|   32|     1|        30720|
    |E_1_21_U  |FT2_level0_E_0_RAM_AUTO_1R1W  |        2|   0|   0|    0|   960|   32|     1|        30720|
    |E_1_22_U  |FT2_level0_E_0_RAM_AUTO_1R1W  |        2|   0|   0|    0|   960|   32|     1|        30720|
    |E_1_23_U  |FT2_level0_E_0_RAM_AUTO_1R1W  |        2|   0|   0|    0|   960|   32|     1|        30720|
    |E_1_24_U  |FT2_level0_E_0_RAM_AUTO_1R1W  |        2|   0|   0|    0|   960|   32|     1|        30720|
    |E_1_25_U  |FT2_level0_E_0_RAM_AUTO_1R1W  |        2|   0|   0|    0|   960|   32|     1|        30720|
    |E_1_26_U  |FT2_level0_E_0_RAM_AUTO_1R1W  |        2|   0|   0|    0|   960|   32|     1|        30720|
    |E_1_27_U  |FT2_level0_E_0_RAM_AUTO_1R1W  |        2|   0|   0|    0|   960|   32|     1|        30720|
    |E_1_28_U  |FT2_level0_E_0_RAM_AUTO_1R1W  |        2|   0|   0|    0|   960|   32|     1|        30720|
    |E_1_29_U  |FT2_level0_E_0_RAM_AUTO_1R1W  |        2|   0|   0|    0|   960|   32|     1|        30720|
    |E_1_30_U  |FT2_level0_E_0_RAM_AUTO_1R1W  |        2|   0|   0|    0|   960|   32|     1|        30720|
    |E_1_31_U  |FT2_level0_E_0_RAM_AUTO_1R1W  |        2|   0|   0|    0|   960|   32|     1|        30720|
    |E_1_32_U  |FT2_level0_E_0_RAM_AUTO_1R1W  |        2|   0|   0|    0|   960|   32|     1|        30720|
    |E_1_33_U  |FT2_level0_E_0_RAM_AUTO_1R1W  |        2|   0|   0|    0|   960|   32|     1|        30720|
    |E_1_34_U  |FT2_level0_E_0_RAM_AUTO_1R1W  |        2|   0|   0|    0|   960|   32|     1|        30720|
    |E_1_35_U  |FT2_level0_E_0_RAM_AUTO_1R1W  |        2|   0|   0|    0|   960|   32|     1|        30720|
    |F_0_U     |FT2_level0_F_0_RAM_AUTO_1R1W  |        0|  32|  33|    0|    48|   32|     1|         1536|
    |F_0_1_U   |FT2_level0_F_0_RAM_AUTO_1R1W  |        0|  32|  33|    0|    48|   32|     1|         1536|
    |F_0_2_U   |FT2_level0_F_0_RAM_AUTO_1R1W  |        0|  32|  33|    0|    48|   32|     1|         1536|
    |F_0_3_U   |FT2_level0_F_0_RAM_AUTO_1R1W  |        0|  32|  33|    0|    48|   32|     1|         1536|
    |F_0_4_U   |FT2_level0_F_0_RAM_AUTO_1R1W  |        0|  32|  33|    0|    48|   32|     1|         1536|
    |F_0_5_U   |FT2_level0_F_0_RAM_AUTO_1R1W  |        0|  32|  33|    0|    48|   32|     1|         1536|
    |F_0_6_U   |FT2_level0_F_0_RAM_AUTO_1R1W  |        0|  32|  33|    0|    48|   32|     1|         1536|
    |F_0_7_U   |FT2_level0_F_0_RAM_AUTO_1R1W  |        0|  32|  33|    0|    48|   32|     1|         1536|
    |F_0_8_U   |FT2_level0_F_0_RAM_AUTO_1R1W  |        0|  32|  33|    0|    48|   32|     1|         1536|
    |F_0_9_U   |FT2_level0_F_0_RAM_AUTO_1R1W  |        0|  32|  33|    0|    48|   32|     1|         1536|
    |F_0_10_U  |FT2_level0_F_0_RAM_AUTO_1R1W  |        0|  32|  33|    0|    48|   32|     1|         1536|
    |F_0_11_U  |FT2_level0_F_0_RAM_AUTO_1R1W  |        0|  32|  33|    0|    48|   32|     1|         1536|
    |F_0_12_U  |FT2_level0_F_0_RAM_AUTO_1R1W  |        0|  32|  33|    0|    48|   32|     1|         1536|
    |F_0_13_U  |FT2_level0_F_0_RAM_AUTO_1R1W  |        0|  32|  33|    0|    48|   32|     1|         1536|
    |F_0_14_U  |FT2_level0_F_0_RAM_AUTO_1R1W  |        0|  32|  33|    0|    48|   32|     1|         1536|
    |F_0_15_U  |FT2_level0_F_0_RAM_AUTO_1R1W  |        0|  32|  33|    0|    48|   32|     1|         1536|
    |F_0_16_U  |FT2_level0_F_0_RAM_AUTO_1R1W  |        0|  32|  33|    0|    48|   32|     1|         1536|
    |F_0_17_U  |FT2_level0_F_0_RAM_AUTO_1R1W  |        0|  32|  33|    0|    48|   32|     1|         1536|
    |F_0_18_U  |FT2_level0_F_0_RAM_AUTO_1R1W  |        0|  32|  33|    0|    48|   32|     1|         1536|
    |F_0_19_U  |FT2_level0_F_0_RAM_AUTO_1R1W  |        0|  32|  33|    0|    48|   32|     1|         1536|
    |F_0_20_U  |FT2_level0_F_0_RAM_AUTO_1R1W  |        0|  32|  33|    0|    48|   32|     1|         1536|
    |F_0_21_U  |FT2_level0_F_0_RAM_AUTO_1R1W  |        0|  32|  33|    0|    48|   32|     1|         1536|
    |F_0_22_U  |FT2_level0_F_0_RAM_AUTO_1R1W  |        0|  32|  33|    0|    48|   32|     1|         1536|
    |F_0_23_U  |FT2_level0_F_0_RAM_AUTO_1R1W  |        0|  32|  33|    0|    48|   32|     1|         1536|
    |F_0_24_U  |FT2_level0_F_0_RAM_AUTO_1R1W  |        0|  32|  33|    0|    48|   32|     1|         1536|
    |F_0_25_U  |FT2_level0_F_0_RAM_AUTO_1R1W  |        0|  32|  33|    0|    48|   32|     1|         1536|
    |F_0_26_U  |FT2_level0_F_0_RAM_AUTO_1R1W  |        0|  32|  33|    0|    48|   32|     1|         1536|
    |F_0_27_U  |FT2_level0_F_0_RAM_AUTO_1R1W  |        0|  32|  33|    0|    48|   32|     1|         1536|
    |F_0_28_U  |FT2_level0_F_0_RAM_AUTO_1R1W  |        0|  32|  33|    0|    48|   32|     1|         1536|
    |F_0_29_U  |FT2_level0_F_0_RAM_AUTO_1R1W  |        0|  32|  33|    0|    48|   32|     1|         1536|
    |F_0_30_U  |FT2_level0_F_0_RAM_AUTO_1R1W  |        0|  32|  33|    0|    48|   32|     1|         1536|
    |F_0_31_U  |FT2_level0_F_0_RAM_AUTO_1R1W  |        0|  32|  33|    0|    48|   32|     1|         1536|
    |F_0_32_U  |FT2_level0_F_0_RAM_AUTO_1R1W  |        0|  32|  33|    0|    48|   32|     1|         1536|
    |F_0_33_U  |FT2_level0_F_0_RAM_AUTO_1R1W  |        0|  32|  33|    0|    48|   32|     1|         1536|
    |F_0_34_U  |FT2_level0_F_0_RAM_AUTO_1R1W  |        0|  32|  33|    0|    48|   32|     1|         1536|
    |F_0_35_U  |FT2_level0_F_0_RAM_AUTO_1R1W  |        0|  32|  33|    0|    48|   32|     1|         1536|
    |F_0_36_U  |FT2_level0_F_0_RAM_AUTO_1R1W  |        0|  32|  33|    0|    48|   32|     1|         1536|
    |F_0_37_U  |FT2_level0_F_0_RAM_AUTO_1R1W  |        0|  32|  33|    0|    48|   32|     1|         1536|
    |F_0_38_U  |FT2_level0_F_0_RAM_AUTO_1R1W  |        0|  32|  33|    0|    48|   32|     1|         1536|
    |F_0_39_U  |FT2_level0_F_0_RAM_AUTO_1R1W  |        0|  32|  33|    0|    48|   32|     1|         1536|
    |F_1_U     |FT2_level0_F_0_RAM_AUTO_1R1W  |        0|  32|  33|    0|    48|   32|     1|         1536|
    |F_1_1_U   |FT2_level0_F_0_RAM_AUTO_1R1W  |        0|  32|  33|    0|    48|   32|     1|         1536|
    |F_1_2_U   |FT2_level0_F_0_RAM_AUTO_1R1W  |        0|  32|  33|    0|    48|   32|     1|         1536|
    |F_1_3_U   |FT2_level0_F_0_RAM_AUTO_1R1W  |        0|  32|  33|    0|    48|   32|     1|         1536|
    |F_1_4_U   |FT2_level0_F_0_RAM_AUTO_1R1W  |        0|  32|  33|    0|    48|   32|     1|         1536|
    |F_1_5_U   |FT2_level0_F_0_RAM_AUTO_1R1W  |        0|  32|  33|    0|    48|   32|     1|         1536|
    |F_1_6_U   |FT2_level0_F_0_RAM_AUTO_1R1W  |        0|  32|  33|    0|    48|   32|     1|         1536|
    |F_1_7_U   |FT2_level0_F_0_RAM_AUTO_1R1W  |        0|  32|  33|    0|    48|   32|     1|         1536|
    |F_1_8_U   |FT2_level0_F_0_RAM_AUTO_1R1W  |        0|  32|  33|    0|    48|   32|     1|         1536|
    |F_1_9_U   |FT2_level0_F_0_RAM_AUTO_1R1W  |        0|  32|  33|    0|    48|   32|     1|         1536|
    |F_1_10_U  |FT2_level0_F_0_RAM_AUTO_1R1W  |        0|  32|  33|    0|    48|   32|     1|         1536|
    |F_1_11_U  |FT2_level0_F_0_RAM_AUTO_1R1W  |        0|  32|  33|    0|    48|   32|     1|         1536|
    |F_1_12_U  |FT2_level0_F_0_RAM_AUTO_1R1W  |        0|  32|  33|    0|    48|   32|     1|         1536|
    |F_1_13_U  |FT2_level0_F_0_RAM_AUTO_1R1W  |        0|  32|  33|    0|    48|   32|     1|         1536|
    |F_1_14_U  |FT2_level0_F_0_RAM_AUTO_1R1W  |        0|  32|  33|    0|    48|   32|     1|         1536|
    |F_1_15_U  |FT2_level0_F_0_RAM_AUTO_1R1W  |        0|  32|  33|    0|    48|   32|     1|         1536|
    |F_1_16_U  |FT2_level0_F_0_RAM_AUTO_1R1W  |        0|  32|  33|    0|    48|   32|     1|         1536|
    |F_1_17_U  |FT2_level0_F_0_RAM_AUTO_1R1W  |        0|  32|  33|    0|    48|   32|     1|         1536|
    |F_1_18_U  |FT2_level0_F_0_RAM_AUTO_1R1W  |        0|  32|  33|    0|    48|   32|     1|         1536|
    |F_1_19_U  |FT2_level0_F_0_RAM_AUTO_1R1W  |        0|  32|  33|    0|    48|   32|     1|         1536|
    |F_1_20_U  |FT2_level0_F_0_RAM_AUTO_1R1W  |        0|  32|  33|    0|    48|   32|     1|         1536|
    |F_1_21_U  |FT2_level0_F_0_RAM_AUTO_1R1W  |        0|  32|  33|    0|    48|   32|     1|         1536|
    |F_1_22_U  |FT2_level0_F_0_RAM_AUTO_1R1W  |        0|  32|  33|    0|    48|   32|     1|         1536|
    |F_1_23_U  |FT2_level0_F_0_RAM_AUTO_1R1W  |        0|  32|  33|    0|    48|   32|     1|         1536|
    |F_1_24_U  |FT2_level0_F_0_RAM_AUTO_1R1W  |        0|  32|  33|    0|    48|   32|     1|         1536|
    |F_1_25_U  |FT2_level0_F_0_RAM_AUTO_1R1W  |        0|  32|  33|    0|    48|   32|     1|         1536|
    |F_1_26_U  |FT2_level0_F_0_RAM_AUTO_1R1W  |        0|  32|  33|    0|    48|   32|     1|         1536|
    |F_1_27_U  |FT2_level0_F_0_RAM_AUTO_1R1W  |        0|  32|  33|    0|    48|   32|     1|         1536|
    |F_1_28_U  |FT2_level0_F_0_RAM_AUTO_1R1W  |        0|  32|  33|    0|    48|   32|     1|         1536|
    |F_1_29_U  |FT2_level0_F_0_RAM_AUTO_1R1W  |        0|  32|  33|    0|    48|   32|     1|         1536|
    |F_1_30_U  |FT2_level0_F_0_RAM_AUTO_1R1W  |        0|  32|  33|    0|    48|   32|     1|         1536|
    |F_1_31_U  |FT2_level0_F_0_RAM_AUTO_1R1W  |        0|  32|  33|    0|    48|   32|     1|         1536|
    |F_1_32_U  |FT2_level0_F_0_RAM_AUTO_1R1W  |        0|  32|  33|    0|    48|   32|     1|         1536|
    |F_1_33_U  |FT2_level0_F_0_RAM_AUTO_1R1W  |        0|  32|  33|    0|    48|   32|     1|         1536|
    |F_1_34_U  |FT2_level0_F_0_RAM_AUTO_1R1W  |        0|  32|  33|    0|    48|   32|     1|         1536|
    |F_1_35_U  |FT2_level0_F_0_RAM_AUTO_1R1W  |        0|  32|  33|    0|    48|   32|     1|         1536|
    |F_1_36_U  |FT2_level0_F_0_RAM_AUTO_1R1W  |        0|  32|  33|    0|    48|   32|     1|         1536|
    |F_1_37_U  |FT2_level0_F_0_RAM_AUTO_1R1W  |        0|  32|  33|    0|    48|   32|     1|         1536|
    |F_1_38_U  |FT2_level0_F_0_RAM_AUTO_1R1W  |        0|  32|  33|    0|    48|   32|     1|         1536|
    |F_1_39_U  |FT2_level0_F_0_RAM_AUTO_1R1W  |        0|  32|  33|    0|    48|   32|     1|         1536|
    +----------+------------------------------+---------+----+----+-----+------+-----+------+-------------+
    |Total     |                              |      144|2560|2640|    0| 72960| 4864|   152|      2334720|
    +----------+------------------------------+---------+----+----+-----+------+-----+------+-------------+

    * FIFO: 
    N/A

    * Expression: 
    +---------------------------------+----------+----+---+----+------------+------------+
    |          Variable Name          | Operation| DSP| FF| LUT| Bitwidth P0| Bitwidth P1|
    +---------------------------------+----------+----+---+----+------------+------------+
    |j0_2_fu_874_p2                   |         +|   0|  0|  12|           5|           1|
    |icmp_ln419_fu_868_p2             |      icmp|   0|  0|  12|           5|           5|
    |ap_block_state1                  |        or|   0|  0|   2|           1|           1|
    |ap_block_state4_on_subcall_done  |        or|   0|  0|   2|           1|           1|
    +---------------------------------+----------+----+---+----+------------+------------+
    |Total                            |          |   0|  0|  28|          12|           8|
    +---------------------------------+----------+----+---+----+------------+------------+

    * Multiplexer: 
    +---------------------------------+----+-----------+-----+-----------+
    |               Name              | LUT| Input Size| Bits| Total Bits|
    +---------------------------------+----+-----------+-----+-----------+
    |E_0_10_ce0                       |   9|          2|    1|          2|
    |E_0_10_ce1                       |   9|          2|    1|          2|
    |E_0_10_we0                       |   9|          2|    1|          2|
    |E_0_10_we1                       |   9|          2|    1|          2|
    |E_0_11_ce0                       |   9|          2|    1|          2|
    |E_0_11_ce1                       |   9|          2|    1|          2|
    |E_0_11_we0                       |   9|          2|    1|          2|
    |E_0_11_we1                       |   9|          2|    1|          2|
    |E_0_12_ce0                       |   9|          2|    1|          2|
    |E_0_12_ce1                       |   9|          2|    1|          2|
    |E_0_12_we0                       |   9|          2|    1|          2|
    |E_0_12_we1                       |   9|          2|    1|          2|
    |E_0_13_ce0                       |   9|          2|    1|          2|
    |E_0_13_ce1                       |   9|          2|    1|          2|
    |E_0_13_we0                       |   9|          2|    1|          2|
    |E_0_13_we1                       |   9|          2|    1|          2|
    |E_0_14_ce0                       |   9|          2|    1|          2|
    |E_0_14_ce1                       |   9|          2|    1|          2|
    |E_0_14_we0                       |   9|          2|    1|          2|
    |E_0_14_we1                       |   9|          2|    1|          2|
    |E_0_15_ce0                       |   9|          2|    1|          2|
    |E_0_15_ce1                       |   9|          2|    1|          2|
    |E_0_15_we0                       |   9|          2|    1|          2|
    |E_0_15_we1                       |   9|          2|    1|          2|
    |E_0_16_ce0                       |   9|          2|    1|          2|
    |E_0_16_ce1                       |   9|          2|    1|          2|
    |E_0_16_we0                       |   9|          2|    1|          2|
    |E_0_16_we1                       |   9|          2|    1|          2|
    |E_0_17_ce0                       |   9|          2|    1|          2|
    |E_0_17_ce1                       |   9|          2|    1|          2|
    |E_0_17_we0                       |   9|          2|    1|          2|
    |E_0_17_we1                       |   9|          2|    1|          2|
    |E_0_18_ce0                       |   9|          2|    1|          2|
    |E_0_18_ce1                       |   9|          2|    1|          2|
    |E_0_18_we0                       |   9|          2|    1|          2|
    |E_0_18_we1                       |   9|          2|    1|          2|
    |E_0_19_ce0                       |   9|          2|    1|          2|
    |E_0_19_ce1                       |   9|          2|    1|          2|
    |E_0_19_we0                       |   9|          2|    1|          2|
    |E_0_19_we1                       |   9|          2|    1|          2|
    |E_0_1_ce0                        |   9|          2|    1|          2|
    |E_0_1_ce1                        |   9|          2|    1|          2|
    |E_0_1_we0                        |   9|          2|    1|          2|
    |E_0_1_we1                        |   9|          2|    1|          2|
    |E_0_20_ce0                       |   9|          2|    1|          2|
    |E_0_20_ce1                       |   9|          2|    1|          2|
    |E_0_20_we0                       |   9|          2|    1|          2|
    |E_0_20_we1                       |   9|          2|    1|          2|
    |E_0_21_ce0                       |   9|          2|    1|          2|
    |E_0_21_ce1                       |   9|          2|    1|          2|
    |E_0_21_we0                       |   9|          2|    1|          2|
    |E_0_21_we1                       |   9|          2|    1|          2|
    |E_0_22_ce0                       |   9|          2|    1|          2|
    |E_0_22_ce1                       |   9|          2|    1|          2|
    |E_0_22_we0                       |   9|          2|    1|          2|
    |E_0_22_we1                       |   9|          2|    1|          2|
    |E_0_23_ce0                       |   9|          2|    1|          2|
    |E_0_23_ce1                       |   9|          2|    1|          2|
    |E_0_23_we0                       |   9|          2|    1|          2|
    |E_0_23_we1                       |   9|          2|    1|          2|
    |E_0_24_ce0                       |   9|          2|    1|          2|
    |E_0_24_ce1                       |   9|          2|    1|          2|
    |E_0_24_we0                       |   9|          2|    1|          2|
    |E_0_24_we1                       |   9|          2|    1|          2|
    |E_0_25_ce0                       |   9|          2|    1|          2|
    |E_0_25_ce1                       |   9|          2|    1|          2|
    |E_0_25_we0                       |   9|          2|    1|          2|
    |E_0_25_we1                       |   9|          2|    1|          2|
    |E_0_26_ce0                       |   9|          2|    1|          2|
    |E_0_26_ce1                       |   9|          2|    1|          2|
    |E_0_26_we0                       |   9|          2|    1|          2|
    |E_0_26_we1                       |   9|          2|    1|          2|
    |E_0_27_ce0                       |   9|          2|    1|          2|
    |E_0_27_ce1                       |   9|          2|    1|          2|
    |E_0_27_we0                       |   9|          2|    1|          2|
    |E_0_27_we1                       |   9|          2|    1|          2|
    |E_0_28_ce0                       |   9|          2|    1|          2|
    |E_0_28_ce1                       |   9|          2|    1|          2|
    |E_0_28_we0                       |   9|          2|    1|          2|
    |E_0_28_we1                       |   9|          2|    1|          2|
    |E_0_29_ce0                       |   9|          2|    1|          2|
    |E_0_29_ce1                       |   9|          2|    1|          2|
    |E_0_29_we0                       |   9|          2|    1|          2|
    |E_0_29_we1                       |   9|          2|    1|          2|
    |E_0_2_ce0                        |   9|          2|    1|          2|
    |E_0_2_ce1                        |   9|          2|    1|          2|
    |E_0_2_we0                        |   9|          2|    1|          2|
    |E_0_2_we1                        |   9|          2|    1|          2|
    |E_0_30_ce0                       |   9|          2|    1|          2|
    |E_0_30_ce1                       |   9|          2|    1|          2|
    |E_0_30_we0                       |   9|          2|    1|          2|
    |E_0_30_we1                       |   9|          2|    1|          2|
    |E_0_31_ce0                       |   9|          2|    1|          2|
    |E_0_31_ce1                       |   9|          2|    1|          2|
    |E_0_31_we0                       |   9|          2|    1|          2|
    |E_0_31_we1                       |   9|          2|    1|          2|
    |E_0_32_ce0                       |   9|          2|    1|          2|
    |E_0_32_ce1                       |   9|          2|    1|          2|
    |E_0_32_we0                       |   9|          2|    1|          2|
    |E_0_32_we1                       |   9|          2|    1|          2|
    |E_0_33_ce0                       |   9|          2|    1|          2|
    |E_0_33_ce1                       |   9|          2|    1|          2|
    |E_0_33_we0                       |   9|          2|    1|          2|
    |E_0_33_we1                       |   9|          2|    1|          2|
    |E_0_34_ce0                       |   9|          2|    1|          2|
    |E_0_34_ce1                       |   9|          2|    1|          2|
    |E_0_34_we0                       |   9|          2|    1|          2|
    |E_0_34_we1                       |   9|          2|    1|          2|
    |E_0_35_ce0                       |   9|          2|    1|          2|
    |E_0_35_ce1                       |   9|          2|    1|          2|
    |E_0_35_we0                       |   9|          2|    1|          2|
    |E_0_35_we1                       |   9|          2|    1|          2|
    |E_0_3_ce0                        |   9|          2|    1|          2|
    |E_0_3_ce1                        |   9|          2|    1|          2|
    |E_0_3_we0                        |   9|          2|    1|          2|
    |E_0_3_we1                        |   9|          2|    1|          2|
    |E_0_4_ce0                        |   9|          2|    1|          2|
    |E_0_4_ce1                        |   9|          2|    1|          2|
    |E_0_4_we0                        |   9|          2|    1|          2|
    |E_0_4_we1                        |   9|          2|    1|          2|
    |E_0_5_ce0                        |   9|          2|    1|          2|
    |E_0_5_ce1                        |   9|          2|    1|          2|
    |E_0_5_we0                        |   9|          2|    1|          2|
    |E_0_5_we1                        |   9|          2|    1|          2|
    |E_0_6_ce0                        |   9|          2|    1|          2|
    |E_0_6_ce1                        |   9|          2|    1|          2|
    |E_0_6_we0                        |   9|          2|    1|          2|
    |E_0_6_we1                        |   9|          2|    1|          2|
    |E_0_7_ce0                        |   9|          2|    1|          2|
    |E_0_7_ce1                        |   9|          2|    1|          2|
    |E_0_7_we0                        |   9|          2|    1|          2|
    |E_0_7_we1                        |   9|          2|    1|          2|
    |E_0_8_ce0                        |   9|          2|    1|          2|
    |E_0_8_ce1                        |   9|          2|    1|          2|
    |E_0_8_we0                        |   9|          2|    1|          2|
    |E_0_8_we1                        |   9|          2|    1|          2|
    |E_0_9_ce0                        |   9|          2|    1|          2|
    |E_0_9_ce1                        |   9|          2|    1|          2|
    |E_0_9_we0                        |   9|          2|    1|          2|
    |E_0_9_we1                        |   9|          2|    1|          2|
    |E_0_ce0                          |   9|          2|    1|          2|
    |E_0_ce1                          |   9|          2|    1|          2|
    |E_0_we0                          |   9|          2|    1|          2|
    |E_0_we1                          |   9|          2|    1|          2|
    |E_1_10_ce0                       |   9|          2|    1|          2|
    |E_1_10_ce1                       |   9|          2|    1|          2|
    |E_1_10_we0                       |   9|          2|    1|          2|
    |E_1_10_we1                       |   9|          2|    1|          2|
    |E_1_11_ce0                       |   9|          2|    1|          2|
    |E_1_11_ce1                       |   9|          2|    1|          2|
    |E_1_11_we0                       |   9|          2|    1|          2|
    |E_1_11_we1                       |   9|          2|    1|          2|
    |E_1_12_ce0                       |   9|          2|    1|          2|
    |E_1_12_ce1                       |   9|          2|    1|          2|
    |E_1_12_we0                       |   9|          2|    1|          2|
    |E_1_12_we1                       |   9|          2|    1|          2|
    |E_1_13_ce0                       |   9|          2|    1|          2|
    |E_1_13_ce1                       |   9|          2|    1|          2|
    |E_1_13_we0                       |   9|          2|    1|          2|
    |E_1_13_we1                       |   9|          2|    1|          2|
    |E_1_14_ce0                       |   9|          2|    1|          2|
    |E_1_14_ce1                       |   9|          2|    1|          2|
    |E_1_14_we0                       |   9|          2|    1|          2|
    |E_1_14_we1                       |   9|          2|    1|          2|
    |E_1_15_ce0                       |   9|          2|    1|          2|
    |E_1_15_ce1                       |   9|          2|    1|          2|
    |E_1_15_we0                       |   9|          2|    1|          2|
    |E_1_15_we1                       |   9|          2|    1|          2|
    |E_1_16_ce0                       |   9|          2|    1|          2|
    |E_1_16_ce1                       |   9|          2|    1|          2|
    |E_1_16_we0                       |   9|          2|    1|          2|
    |E_1_16_we1                       |   9|          2|    1|          2|
    |E_1_17_ce0                       |   9|          2|    1|          2|
    |E_1_17_ce1                       |   9|          2|    1|          2|
    |E_1_17_we0                       |   9|          2|    1|          2|
    |E_1_17_we1                       |   9|          2|    1|          2|
    |E_1_18_ce0                       |   9|          2|    1|          2|
    |E_1_18_ce1                       |   9|          2|    1|          2|
    |E_1_18_we0                       |   9|          2|    1|          2|
    |E_1_18_we1                       |   9|          2|    1|          2|
    |E_1_19_ce0                       |   9|          2|    1|          2|
    |E_1_19_ce1                       |   9|          2|    1|          2|
    |E_1_19_we0                       |   9|          2|    1|          2|
    |E_1_19_we1                       |   9|          2|    1|          2|
    |E_1_1_ce0                        |   9|          2|    1|          2|
    |E_1_1_ce1                        |   9|          2|    1|          2|
    |E_1_1_we0                        |   9|          2|    1|          2|
    |E_1_1_we1                        |   9|          2|    1|          2|
    |E_1_20_ce0                       |   9|          2|    1|          2|
    |E_1_20_ce1                       |   9|          2|    1|          2|
    |E_1_20_we0                       |   9|          2|    1|          2|
    |E_1_20_we1                       |   9|          2|    1|          2|
    |E_1_21_ce0                       |   9|          2|    1|          2|
    |E_1_21_ce1                       |   9|          2|    1|          2|
    |E_1_21_we0                       |   9|          2|    1|          2|
    |E_1_21_we1                       |   9|          2|    1|          2|
    |E_1_22_ce0                       |   9|          2|    1|          2|
    |E_1_22_ce1                       |   9|          2|    1|          2|
    |E_1_22_we0                       |   9|          2|    1|          2|
    |E_1_22_we1                       |   9|          2|    1|          2|
    |E_1_23_ce0                       |   9|          2|    1|          2|
    |E_1_23_ce1                       |   9|          2|    1|          2|
    |E_1_23_we0                       |   9|          2|    1|          2|
    |E_1_23_we1                       |   9|          2|    1|          2|
    |E_1_24_ce0                       |   9|          2|    1|          2|
    |E_1_24_ce1                       |   9|          2|    1|          2|
    |E_1_24_we0                       |   9|          2|    1|          2|
    |E_1_24_we1                       |   9|          2|    1|          2|
    |E_1_25_ce0                       |   9|          2|    1|          2|
    |E_1_25_ce1                       |   9|          2|    1|          2|
    |E_1_25_we0                       |   9|          2|    1|          2|
    |E_1_25_we1                       |   9|          2|    1|          2|
    |E_1_26_ce0                       |   9|          2|    1|          2|
    |E_1_26_ce1                       |   9|          2|    1|          2|
    |E_1_26_we0                       |   9|          2|    1|          2|
    |E_1_26_we1                       |   9|          2|    1|          2|
    |E_1_27_ce0                       |   9|          2|    1|          2|
    |E_1_27_ce1                       |   9|          2|    1|          2|
    |E_1_27_we0                       |   9|          2|    1|          2|
    |E_1_27_we1                       |   9|          2|    1|          2|
    |E_1_28_ce0                       |   9|          2|    1|          2|
    |E_1_28_ce1                       |   9|          2|    1|          2|
    |E_1_28_we0                       |   9|          2|    1|          2|
    |E_1_28_we1                       |   9|          2|    1|          2|
    |E_1_29_ce0                       |   9|          2|    1|          2|
    |E_1_29_ce1                       |   9|          2|    1|          2|
    |E_1_29_we0                       |   9|          2|    1|          2|
    |E_1_29_we1                       |   9|          2|    1|          2|
    |E_1_2_ce0                        |   9|          2|    1|          2|
    |E_1_2_ce1                        |   9|          2|    1|          2|
    |E_1_2_we0                        |   9|          2|    1|          2|
    |E_1_2_we1                        |   9|          2|    1|          2|
    |E_1_30_ce0                       |   9|          2|    1|          2|
    |E_1_30_ce1                       |   9|          2|    1|          2|
    |E_1_30_we0                       |   9|          2|    1|          2|
    |E_1_30_we1                       |   9|          2|    1|          2|
    |E_1_31_ce0                       |   9|          2|    1|          2|
    |E_1_31_ce1                       |   9|          2|    1|          2|
    |E_1_31_we0                       |   9|          2|    1|          2|
    |E_1_31_we1                       |   9|          2|    1|          2|
    |E_1_32_ce0                       |   9|          2|    1|          2|
    |E_1_32_ce1                       |   9|          2|    1|          2|
    |E_1_32_we0                       |   9|          2|    1|          2|
    |E_1_32_we1                       |   9|          2|    1|          2|
    |E_1_33_ce0                       |   9|          2|    1|          2|
    |E_1_33_ce1                       |   9|          2|    1|          2|
    |E_1_33_we0                       |   9|          2|    1|          2|
    |E_1_33_we1                       |   9|          2|    1|          2|
    |E_1_34_ce0                       |   9|          2|    1|          2|
    |E_1_34_ce1                       |   9|          2|    1|          2|
    |E_1_34_we0                       |   9|          2|    1|          2|
    |E_1_34_we1                       |   9|          2|    1|          2|
    |E_1_35_ce0                       |   9|          2|    1|          2|
    |E_1_35_ce1                       |   9|          2|    1|          2|
    |E_1_35_we0                       |   9|          2|    1|          2|
    |E_1_35_we1                       |   9|          2|    1|          2|
    |E_1_3_ce0                        |   9|          2|    1|          2|
    |E_1_3_ce1                        |   9|          2|    1|          2|
    |E_1_3_we0                        |   9|          2|    1|          2|
    |E_1_3_we1                        |   9|          2|    1|          2|
    |E_1_4_ce0                        |   9|          2|    1|          2|
    |E_1_4_ce1                        |   9|          2|    1|          2|
    |E_1_4_we0                        |   9|          2|    1|          2|
    |E_1_4_we1                        |   9|          2|    1|          2|
    |E_1_5_ce0                        |   9|          2|    1|          2|
    |E_1_5_ce1                        |   9|          2|    1|          2|
    |E_1_5_we0                        |   9|          2|    1|          2|
    |E_1_5_we1                        |   9|          2|    1|          2|
    |E_1_6_ce0                        |   9|          2|    1|          2|
    |E_1_6_ce1                        |   9|          2|    1|          2|
    |E_1_6_we0                        |   9|          2|    1|          2|
    |E_1_6_we1                        |   9|          2|    1|          2|
    |E_1_7_ce0                        |   9|          2|    1|          2|
    |E_1_7_ce1                        |   9|          2|    1|          2|
    |E_1_7_we0                        |   9|          2|    1|          2|
    |E_1_7_we1                        |   9|          2|    1|          2|
    |E_1_8_ce0                        |   9|          2|    1|          2|
    |E_1_8_ce1                        |   9|          2|    1|          2|
    |E_1_8_we0                        |   9|          2|    1|          2|
    |E_1_8_we1                        |   9|          2|    1|          2|
    |E_1_9_ce0                        |   9|          2|    1|          2|
    |E_1_9_ce1                        |   9|          2|    1|          2|
    |E_1_9_we0                        |   9|          2|    1|          2|
    |E_1_9_we1                        |   9|          2|    1|          2|
    |E_1_ce0                          |   9|          2|    1|          2|
    |E_1_ce1                          |   9|          2|    1|          2|
    |E_1_we0                          |   9|          2|    1|          2|
    |E_1_we1                          |   9|          2|    1|          2|
    |F_0_10_address0                  |  14|          3|    6|         18|
    |F_0_10_ce0                       |  14|          3|    1|          3|
    |F_0_10_we0                       |   9|          2|    1|          2|
    |F_0_11_address0                  |  14|          3|    6|         18|
    |F_0_11_ce0                       |  14|          3|    1|          3|
    |F_0_11_we0                       |   9|          2|    1|          2|
    |F_0_12_address0                  |  14|          3|    6|         18|
    |F_0_12_ce0                       |  14|          3|    1|          3|
    |F_0_12_we0                       |   9|          2|    1|          2|
    |F_0_13_address0                  |  14|          3|    6|         18|
    |F_0_13_ce0                       |  14|          3|    1|          3|
    |F_0_13_we0                       |   9|          2|    1|          2|
    |F_0_14_address0                  |  14|          3|    6|         18|
    |F_0_14_ce0                       |  14|          3|    1|          3|
    |F_0_14_we0                       |   9|          2|    1|          2|
    |F_0_15_address0                  |  14|          3|    6|         18|
    |F_0_15_ce0                       |  14|          3|    1|          3|
    |F_0_15_we0                       |   9|          2|    1|          2|
    |F_0_16_address0                  |  14|          3|    6|         18|
    |F_0_16_ce0                       |  14|          3|    1|          3|
    |F_0_16_we0                       |   9|          2|    1|          2|
    |F_0_17_address0                  |  14|          3|    6|         18|
    |F_0_17_ce0                       |  14|          3|    1|          3|
    |F_0_17_we0                       |   9|          2|    1|          2|
    |F_0_18_address0                  |  14|          3|    6|         18|
    |F_0_18_ce0                       |  14|          3|    1|          3|
    |F_0_18_we0                       |   9|          2|    1|          2|
    |F_0_19_address0                  |  14|          3|    6|         18|
    |F_0_19_ce0                       |  14|          3|    1|          3|
    |F_0_19_we0                       |   9|          2|    1|          2|
    |F_0_1_address0                   |  14|          3|    6|         18|
    |F_0_1_ce0                        |  14|          3|    1|          3|
    |F_0_1_we0                        |   9|          2|    1|          2|
    |F_0_20_address0                  |  14|          3|    6|         18|
    |F_0_20_ce0                       |  14|          3|    1|          3|
    |F_0_20_we0                       |   9|          2|    1|          2|
    |F_0_21_address0                  |  14|          3|    6|         18|
    |F_0_21_ce0                       |  14|          3|    1|          3|
    |F_0_21_we0                       |   9|          2|    1|          2|
    |F_0_22_address0                  |  14|          3|    6|         18|
    |F_0_22_ce0                       |  14|          3|    1|          3|
    |F_0_22_we0                       |   9|          2|    1|          2|
    |F_0_23_address0                  |  14|          3|    6|         18|
    |F_0_23_ce0                       |  14|          3|    1|          3|
    |F_0_23_we0                       |   9|          2|    1|          2|
    |F_0_24_address0                  |  14|          3|    6|         18|
    |F_0_24_ce0                       |  14|          3|    1|          3|
    |F_0_24_we0                       |   9|          2|    1|          2|
    |F_0_25_address0                  |  14|          3|    6|         18|
    |F_0_25_ce0                       |  14|          3|    1|          3|
    |F_0_25_we0                       |   9|          2|    1|          2|
    |F_0_26_address0                  |  14|          3|    6|         18|
    |F_0_26_ce0                       |  14|          3|    1|          3|
    |F_0_26_we0                       |   9|          2|    1|          2|
    |F_0_27_address0                  |  14|          3|    6|         18|
    |F_0_27_ce0                       |  14|          3|    1|          3|
    |F_0_27_we0                       |   9|          2|    1|          2|
    |F_0_28_address0                  |  14|          3|    6|         18|
    |F_0_28_ce0                       |  14|          3|    1|          3|
    |F_0_28_we0                       |   9|          2|    1|          2|
    |F_0_29_address0                  |  14|          3|    6|         18|
    |F_0_29_ce0                       |  14|          3|    1|          3|
    |F_0_29_we0                       |   9|          2|    1|          2|
    |F_0_2_address0                   |  14|          3|    6|         18|
    |F_0_2_ce0                        |  14|          3|    1|          3|
    |F_0_2_we0                        |   9|          2|    1|          2|
    |F_0_30_address0                  |  14|          3|    6|         18|
    |F_0_30_ce0                       |  14|          3|    1|          3|
    |F_0_30_we0                       |   9|          2|    1|          2|
    |F_0_31_address0                  |  14|          3|    6|         18|
    |F_0_31_ce0                       |  14|          3|    1|          3|
    |F_0_31_we0                       |   9|          2|    1|          2|
    |F_0_32_address0                  |  14|          3|    6|         18|
    |F_0_32_ce0                       |  14|          3|    1|          3|
    |F_0_32_we0                       |   9|          2|    1|          2|
    |F_0_33_address0                  |  14|          3|    6|         18|
    |F_0_33_ce0                       |  14|          3|    1|          3|
    |F_0_33_we0                       |   9|          2|    1|          2|
    |F_0_34_address0                  |  14|          3|    6|         18|
    |F_0_34_ce0                       |  14|          3|    1|          3|
    |F_0_34_we0                       |   9|          2|    1|          2|
    |F_0_35_address0                  |  14|          3|    6|         18|
    |F_0_35_ce0                       |  14|          3|    1|          3|
    |F_0_35_we0                       |   9|          2|    1|          2|
    |F_0_36_address0                  |  14|          3|    6|         18|
    |F_0_36_ce0                       |  14|          3|    1|          3|
    |F_0_36_we0                       |   9|          2|    1|          2|
    |F_0_37_address0                  |  14|          3|    6|         18|
    |F_0_37_ce0                       |  14|          3|    1|          3|
    |F_0_37_we0                       |   9|          2|    1|          2|
    |F_0_38_address0                  |  14|          3|    6|         18|
    |F_0_38_ce0                       |  14|          3|    1|          3|
    |F_0_38_we0                       |   9|          2|    1|          2|
    |F_0_39_address0                  |  14|          3|    6|         18|
    |F_0_39_ce0                       |  14|          3|    1|          3|
    |F_0_39_we0                       |   9|          2|    1|          2|
    |F_0_3_address0                   |  14|          3|    6|         18|
    |F_0_3_ce0                        |  14|          3|    1|          3|
    |F_0_3_we0                        |   9|          2|    1|          2|
    |F_0_4_address0                   |  14|          3|    6|         18|
    |F_0_4_ce0                        |  14|          3|    1|          3|
    |F_0_4_we0                        |   9|          2|    1|          2|
    |F_0_5_address0                   |  14|          3|    6|         18|
    |F_0_5_ce0                        |  14|          3|    1|          3|
    |F_0_5_we0                        |   9|          2|    1|          2|
    |F_0_6_address0                   |  14|          3|    6|         18|
    |F_0_6_ce0                        |  14|          3|    1|          3|
    |F_0_6_we0                        |   9|          2|    1|          2|
    |F_0_7_address0                   |  14|          3|    6|         18|
    |F_0_7_ce0                        |  14|          3|    1|          3|
    |F_0_7_we0                        |   9|          2|    1|          2|
    |F_0_8_address0                   |  14|          3|    6|         18|
    |F_0_8_ce0                        |  14|          3|    1|          3|
    |F_0_8_we0                        |   9|          2|    1|          2|
    |F_0_9_address0                   |  14|          3|    6|         18|
    |F_0_9_ce0                        |  14|          3|    1|          3|
    |F_0_9_we0                        |   9|          2|    1|          2|
    |F_0_address0                     |  14|          3|    6|         18|
    |F_0_ce0                          |  14|          3|    1|          3|
    |F_0_we0                          |   9|          2|    1|          2|
    |F_1_10_address0                  |  14|          3|    6|         18|
    |F_1_10_ce0                       |  14|          3|    1|          3|
    |F_1_10_we0                       |   9|          2|    1|          2|
    |F_1_11_address0                  |  14|          3|    6|         18|
    |F_1_11_ce0                       |  14|          3|    1|          3|
    |F_1_11_we0                       |   9|          2|    1|          2|
    |F_1_12_address0                  |  14|          3|    6|         18|
    |F_1_12_ce0                       |  14|          3|    1|          3|
    |F_1_12_we0                       |   9|          2|    1|          2|
    |F_1_13_address0                  |  14|          3|    6|         18|
    |F_1_13_ce0                       |  14|          3|    1|          3|
    |F_1_13_we0                       |   9|          2|    1|          2|
    |F_1_14_address0                  |  14|          3|    6|         18|
    |F_1_14_ce0                       |  14|          3|    1|          3|
    |F_1_14_we0                       |   9|          2|    1|          2|
    |F_1_15_address0                  |  14|          3|    6|         18|
    |F_1_15_ce0                       |  14|          3|    1|          3|
    |F_1_15_we0                       |   9|          2|    1|          2|
    |F_1_16_address0                  |  14|          3|    6|         18|
    |F_1_16_ce0                       |  14|          3|    1|          3|
    |F_1_16_we0                       |   9|          2|    1|          2|
    |F_1_17_address0                  |  14|          3|    6|         18|
    |F_1_17_ce0                       |  14|          3|    1|          3|
    |F_1_17_we0                       |   9|          2|    1|          2|
    |F_1_18_address0                  |  14|          3|    6|         18|
    |F_1_18_ce0                       |  14|          3|    1|          3|
    |F_1_18_we0                       |   9|          2|    1|          2|
    |F_1_19_address0                  |  14|          3|    6|         18|
    |F_1_19_ce0                       |  14|          3|    1|          3|
    |F_1_19_we0                       |   9|          2|    1|          2|
    |F_1_1_address0                   |  14|          3|    6|         18|
    |F_1_1_ce0                        |  14|          3|    1|          3|
    |F_1_1_we0                        |   9|          2|    1|          2|
    |F_1_20_address0                  |  14|          3|    6|         18|
    |F_1_20_ce0                       |  14|          3|    1|          3|
    |F_1_20_we0                       |   9|          2|    1|          2|
    |F_1_21_address0                  |  14|          3|    6|         18|
    |F_1_21_ce0                       |  14|          3|    1|          3|
    |F_1_21_we0                       |   9|          2|    1|          2|
    |F_1_22_address0                  |  14|          3|    6|         18|
    |F_1_22_ce0                       |  14|          3|    1|          3|
    |F_1_22_we0                       |   9|          2|    1|          2|
    |F_1_23_address0                  |  14|          3|    6|         18|
    |F_1_23_ce0                       |  14|          3|    1|          3|
    |F_1_23_we0                       |   9|          2|    1|          2|
    |F_1_24_address0                  |  14|          3|    6|         18|
    |F_1_24_ce0                       |  14|          3|    1|          3|
    |F_1_24_we0                       |   9|          2|    1|          2|
    |F_1_25_address0                  |  14|          3|    6|         18|
    |F_1_25_ce0                       |  14|          3|    1|          3|
    |F_1_25_we0                       |   9|          2|    1|          2|
    |F_1_26_address0                  |  14|          3|    6|         18|
    |F_1_26_ce0                       |  14|          3|    1|          3|
    |F_1_26_we0                       |   9|          2|    1|          2|
    |F_1_27_address0                  |  14|          3|    6|         18|
    |F_1_27_ce0                       |  14|          3|    1|          3|
    |F_1_27_we0                       |   9|          2|    1|          2|
    |F_1_28_address0                  |  14|          3|    6|         18|
    |F_1_28_ce0                       |  14|          3|    1|          3|
    |F_1_28_we0                       |   9|          2|    1|          2|
    |F_1_29_address0                  |  14|          3|    6|         18|
    |F_1_29_ce0                       |  14|          3|    1|          3|
    |F_1_29_we0                       |   9|          2|    1|          2|
    |F_1_2_address0                   |  14|          3|    6|         18|
    |F_1_2_ce0                        |  14|          3|    1|          3|
    |F_1_2_we0                        |   9|          2|    1|          2|
    |F_1_30_address0                  |  14|          3|    6|         18|
    |F_1_30_ce0                       |  14|          3|    1|          3|
    |F_1_30_we0                       |   9|          2|    1|          2|
    |F_1_31_address0                  |  14|          3|    6|         18|
    |F_1_31_ce0                       |  14|          3|    1|          3|
    |F_1_31_we0                       |   9|          2|    1|          2|
    |F_1_32_address0                  |  14|          3|    6|         18|
    |F_1_32_ce0                       |  14|          3|    1|          3|
    |F_1_32_we0                       |   9|          2|    1|          2|
    |F_1_33_address0                  |  14|          3|    6|         18|
    |F_1_33_ce0                       |  14|          3|    1|          3|
    |F_1_33_we0                       |   9|          2|    1|          2|
    |F_1_34_address0                  |  14|          3|    6|         18|
    |F_1_34_ce0                       |  14|          3|    1|          3|
    |F_1_34_we0                       |   9|          2|    1|          2|
    |F_1_35_address0                  |  14|          3|    6|         18|
    |F_1_35_ce0                       |  14|          3|    1|          3|
    |F_1_35_we0                       |   9|          2|    1|          2|
    |F_1_36_address0                  |  14|          3|    6|         18|
    |F_1_36_ce0                       |  14|          3|    1|          3|
    |F_1_36_we0                       |   9|          2|    1|          2|
    |F_1_37_address0                  |  14|          3|    6|         18|
    |F_1_37_ce0                       |  14|          3|    1|          3|
    |F_1_37_we0                       |   9|          2|    1|          2|
    |F_1_38_address0                  |  14|          3|    6|         18|
    |F_1_38_ce0                       |  14|          3|    1|          3|
    |F_1_38_we0                       |   9|          2|    1|          2|
    |F_1_39_address0                  |  14|          3|    6|         18|
    |F_1_39_ce0                       |  14|          3|    1|          3|
    |F_1_39_we0                       |   9|          2|    1|          2|
    |F_1_3_address0                   |  14|          3|    6|         18|
    |F_1_3_ce0                        |  14|          3|    1|          3|
    |F_1_3_we0                        |   9|          2|    1|          2|
    |F_1_4_address0                   |  14|          3|    6|         18|
    |F_1_4_ce0                        |  14|          3|    1|          3|
    |F_1_4_we0                        |   9|          2|    1|          2|
    |F_1_5_address0                   |  14|          3|    6|         18|
    |F_1_5_ce0                        |  14|          3|    1|          3|
    |F_1_5_we0                        |   9|          2|    1|          2|
    |F_1_6_address0                   |  14|          3|    6|         18|
    |F_1_6_ce0                        |  14|          3|    1|          3|
    |F_1_6_we0                        |   9|          2|    1|          2|
    |F_1_7_address0                   |  14|          3|    6|         18|
    |F_1_7_ce0                        |  14|          3|    1|          3|
    |F_1_7_we0                        |   9|          2|    1|          2|
    |F_1_8_address0                   |  14|          3|    6|         18|
    |F_1_8_ce0                        |  14|          3|    1|          3|
    |F_1_8_we0                        |   9|          2|    1|          2|
    |F_1_9_address0                   |  14|          3|    6|         18|
    |F_1_9_ce0                        |  14|          3|    1|          3|
    |F_1_9_we0                        |   9|          2|    1|          2|
    |F_1_address0                     |  14|          3|    6|         18|
    |F_1_ce0                          |  14|          3|    1|          3|
    |F_1_we0                          |   9|          2|    1|          2|
    |ap_NS_fsm                        |  26|          5|    1|          5|
    |ap_done                          |   9|          2|    1|          2|
    |fifo_E_from_task1_to_task5_read  |   9|          2|    1|          2|
    |fifo_F_from_task3_to_task5_read  |   9|          2|    1|          2|
    |fifo_G_to_off_chip_write         |   9|          2|    1|          2|
    |grp_FT2_level1_fu_738_F_0_0_q0   |  14|          3|   32|         96|
    |grp_FT2_level1_fu_738_F_0_1_q0   |  14|          3|   32|         96|
    |grp_FT2_level1_fu_738_F_0_2_q0   |  14|          3|   32|         96|
    |grp_FT2_level1_fu_738_F_0_3_q0   |  14|          3|   32|         96|
    |grp_FT2_level1_fu_738_F_0_4_q0   |  14|          3|   32|         96|
    |grp_FT2_level1_fu_738_F_0_5_q0   |  14|          3|   32|         96|
    |grp_FT2_level1_fu_738_F_0_6_q0   |  14|          3|   32|         96|
    |grp_FT2_level1_fu_738_F_0_7_q0   |  14|          3|   32|         96|
    |grp_FT2_level1_fu_738_F_0_8_q0   |  14|          3|   32|         96|
    |grp_FT2_level1_fu_738_F_0_9_q0   |  14|          3|   32|         96|
    |grp_FT2_level1_fu_738_F_1_0_q0   |  14|          3|   32|         96|
    |grp_FT2_level1_fu_738_F_1_1_q0   |  14|          3|   32|         96|
    |grp_FT2_level1_fu_738_F_1_2_q0   |  14|          3|   32|         96|
    |grp_FT2_level1_fu_738_F_1_3_q0   |  14|          3|   32|         96|
    |grp_FT2_level1_fu_738_F_1_4_q0   |  14|          3|   32|         96|
    |grp_FT2_level1_fu_738_F_1_5_q0   |  14|          3|   32|         96|
    |grp_FT2_level1_fu_738_F_1_6_q0   |  14|          3|   32|         96|
    |grp_FT2_level1_fu_738_F_1_7_q0   |  14|          3|   32|         96|
    |grp_FT2_level1_fu_738_F_1_8_q0   |  14|          3|   32|         96|
    |grp_FT2_level1_fu_738_F_1_9_q0   |  14|          3|   32|         96|
    |grp_FT2_level1_fu_738_F_2_0_q0   |  14|          3|   32|         96|
    |grp_FT2_level1_fu_738_F_2_1_q0   |  14|          3|   32|         96|
    |grp_FT2_level1_fu_738_F_2_2_q0   |  14|          3|   32|         96|
    |grp_FT2_level1_fu_738_F_2_3_q0   |  14|          3|   32|         96|
    |grp_FT2_level1_fu_738_F_2_4_q0   |  14|          3|   32|         96|
    |grp_FT2_level1_fu_738_F_2_5_q0   |  14|          3|   32|         96|
    |grp_FT2_level1_fu_738_F_2_6_q0   |  14|          3|   32|         96|
    |grp_FT2_level1_fu_738_F_2_7_q0   |  14|          3|   32|         96|
    |grp_FT2_level1_fu_738_F_2_8_q0   |  14|          3|   32|         96|
    |grp_FT2_level1_fu_738_F_2_9_q0   |  14|          3|   32|         96|
    |grp_FT2_level1_fu_738_F_3_0_q0   |  14|          3|   32|         96|
    |grp_FT2_level1_fu_738_F_3_1_q0   |  14|          3|   32|         96|
    |grp_FT2_level1_fu_738_F_3_2_q0   |  14|          3|   32|         96|
    |grp_FT2_level1_fu_738_F_3_3_q0   |  14|          3|   32|         96|
    |grp_FT2_level1_fu_738_F_3_4_q0   |  14|          3|   32|         96|
    |grp_FT2_level1_fu_738_F_3_5_q0   |  14|          3|   32|         96|
    |grp_FT2_level1_fu_738_F_3_6_q0   |  14|          3|   32|         96|
    |grp_FT2_level1_fu_738_F_3_7_q0   |  14|          3|   32|         96|
    |grp_FT2_level1_fu_738_F_3_8_q0   |  14|          3|   32|         96|
    |grp_FT2_level1_fu_738_F_3_9_q0   |  14|          3|   32|         96|
    |grp_read_F_FT2_fu_650_j0         |  14|          3|    5|         15|
    |j0_fu_38                         |   9|          2|    5|         10|
    +---------------------------------+----+-----------+-----+-----------+
    |Total                            |6197|       1354| 2223|       6294|
    +---------------------------------+----+-----------+-----+-----------+

    * Register: 
    +------------------------------------+---+----+-----+-----------+
    |                Name                | FF| LUT| Bits| Const Bits|
    +------------------------------------+---+----+-----+-----------+
    |ap_CS_fsm                           |  4|   0|    4|          0|
    |ap_done_reg                         |  1|   0|    1|          0|
    |grp_FT2_level1_fu_738_ap_start_reg  |  1|   0|    1|          0|
    |grp_read_F_FT2_fu_650_ap_start_reg  |  1|   0|    1|          0|
    |j0_2_reg_902                        |  5|   0|    5|          0|
    |j0_fu_38                            |  5|   0|    5|          0|
    |trunc_ln419_reg_908                 |  1|   0|    1|          0|
    +------------------------------------+---+----+-----+-----------+
    |Total                               | 18|   0|   18|          0|
    +------------------------------------+---+----+-----+-----------+



================================================================
== Interface
================================================================
* Summary: 
+-------------------------------------------+-----+-----+------------+----------------------------+--------------+
|                 RTL Ports                 | Dir | Bits|  Protocol  |        Source Object       |    C Type    |
+-------------------------------------------+-----+-----+------------+----------------------------+--------------+
|ap_clk                                     |   in|    1|  ap_ctrl_hs|                  FT2_level0|  return value|
|ap_rst                                     |   in|    1|  ap_ctrl_hs|                  FT2_level0|  return value|
|ap_start                                   |   in|    1|  ap_ctrl_hs|                  FT2_level0|  return value|
|ap_done                                    |  out|    1|  ap_ctrl_hs|                  FT2_level0|  return value|
|ap_continue                                |   in|    1|  ap_ctrl_hs|                  FT2_level0|  return value|
|ap_idle                                    |  out|    1|  ap_ctrl_hs|                  FT2_level0|  return value|
|ap_ready                                   |  out|    1|  ap_ctrl_hs|                  FT2_level0|  return value|
|fifo_E_from_task1_to_task5_dout            |   in|  512|     ap_fifo|  fifo_E_from_task1_to_task5|       pointer|
|fifo_E_from_task1_to_task5_num_data_valid  |   in|   11|     ap_fifo|  fifo_E_from_task1_to_task5|       pointer|
|fifo_E_from_task1_to_task5_fifo_cap        |   in|   11|     ap_fifo|  fifo_E_from_task1_to_task5|       pointer|
|fifo_E_from_task1_to_task5_empty_n         |   in|    1|     ap_fifo|  fifo_E_from_task1_to_task5|       pointer|
|fifo_E_from_task1_to_task5_read            |  out|    1|     ap_fifo|  fifo_E_from_task1_to_task5|       pointer|
|fifo_F_from_task3_to_task5_dout            |   in|   64|     ap_fifo|  fifo_F_from_task3_to_task5|       pointer|
|fifo_F_from_task3_to_task5_num_data_valid  |   in|   11|     ap_fifo|  fifo_F_from_task3_to_task5|       pointer|
|fifo_F_from_task3_to_task5_fifo_cap        |   in|   11|     ap_fifo|  fifo_F_from_task3_to_task5|       pointer|
|fifo_F_from_task3_to_task5_empty_n         |   in|    1|     ap_fifo|  fifo_F_from_task3_to_task5|       pointer|
|fifo_F_from_task3_to_task5_read            |  out|    1|     ap_fifo|  fifo_F_from_task3_to_task5|       pointer|
|fifo_G_to_off_chip_din                     |  out|   64|     ap_fifo|          fifo_G_to_off_chip|       pointer|
|fifo_G_to_off_chip_num_data_valid          |   in|   11|     ap_fifo|          fifo_G_to_off_chip|       pointer|
|fifo_G_to_off_chip_fifo_cap                |   in|   11|     ap_fifo|          fifo_G_to_off_chip|       pointer|
|fifo_G_to_off_chip_full_n                  |   in|    1|     ap_fifo|          fifo_G_to_off_chip|       pointer|
|fifo_G_to_off_chip_write                   |  out|    1|     ap_fifo|          fifo_G_to_off_chip|       pointer|
+-------------------------------------------+-----+-----+------------+----------------------------+--------------+

