

================================================================
== Vitis HLS Report for 'write_tmp_FT0_2'
================================================================
* Date:           Thu Jan  2 03:28:39 2025

* Version:        2023.2 (Build 4023990 on Oct 11 2023)
* Project:        kernel_nlp_slr0
* Solution:       solution (Vitis Kernel Flow Target)
* Product family: virtexuplusHBM
* Target device:  xcu55c-fsvh2892-2L-e


================================================================
== Performance Estimates
================================================================
+ Timing: 
    * Summary: 
    +--------+---------+----------+------------+
    |  Clock |  Target | Estimated| Uncertainty|
    +--------+---------+----------+------------+
    |ap_clk  |  4.55 ns|  2.466 ns|     1.23 ns|
    +--------+---------+----------+------------+

+ Latency: 
    * Summary: 
    +---------+---------+----------+----------+-----+-----+---------+
    |  Latency (cycles) |  Latency (absolute) |  Interval | Pipeline|
    |   min   |   max   |    min   |    max   | min | max |   Type  |
    +---------+---------+----------+----------+-----+-----+---------+
    |       29|       29|  0.132 us|  0.132 us|   29|   29|       no|
    +---------+---------+----------+----------+-----+-----+---------+

    + Detail: 
        * Instance: 
        N/A

        * Loop: 
        +-------------------------------------+---------+---------+----------+-----------+-----------+------+----------+
        |                                     |  Latency (cycles) | Iteration|  Initiation Interval  | Trip |          |
        |              Loop Name              |   min   |   max   |  Latency |  achieved |   target  | Count| Pipelined|
        +-------------------------------------+---------+---------+----------+-----------+-----------+------+----------+
        |- VITIS_LOOP_548_1_VITIS_LOOP_549_2  |       27|       27|         2|          1|          1|    27|       yes|
        +-------------------------------------+---------+---------+----------+-----------+-----------+------+----------+



================================================================
== Utilization Estimates
================================================================
* Summary: 
+---------------------+---------+------+---------+---------+-----+
|         Name        | BRAM_18K|  DSP |    FF   |   LUT   | URAM|
+---------------------+---------+------+---------+---------+-----+
|DSP                  |        -|     -|        -|        -|    -|
|Expression           |        -|     -|        0|       75|    -|
|FIFO                 |        -|     -|        -|        -|    -|
|Instance             |        -|     -|        0|     1400|    -|
|Memory               |        -|     -|        -|        -|    -|
|Multiplexer          |        -|     -|        -|       81|    -|
|Register             |        -|     -|      273|        -|    -|
+---------------------+---------+------+---------+---------+-----+
|Total                |        0|     0|      273|     1556|    0|
+---------------------+---------+------+---------+---------+-----+
|Available SLR        |     1344|  3008|   869120|   434560|  320|
+---------------------+---------+------+---------+---------+-----+
|Utilization SLR (%)  |        0|     0|       ~0|       ~0|    0|
+---------------------+---------+------+---------+---------+-----+
|Available            |     4032|  9024|  2607360|  1303680|  960|
+---------------------+---------+------+---------+---------+-----+
|Utilization (%)      |        0|     0|       ~0|       ~0|    0|
+---------------------+---------+------+---------+---------+-----+

+ Detail: 
    * Instance: 
    +-----------------------------+-----------------------+---------+----+---+----+-----+
    |           Instance          |         Module        | BRAM_18K| DSP| FF| LUT| URAM|
    +-----------------------------+-----------------------+---------+----+---+----+-----+
    |sparsemux_19_4_32_1_1_U4436  |sparsemux_19_4_32_1_1  |        0|   0|  0|  49|    0|
    |sparsemux_19_4_32_1_1_U4446  |sparsemux_19_4_32_1_1  |        0|   0|  0|  49|    0|
    |sparsemux_19_4_32_1_1_U4456  |sparsemux_19_4_32_1_1  |        0|   0|  0|  49|    0|
    |sparsemux_19_4_32_1_1_U4466  |sparsemux_19_4_32_1_1  |        0|   0|  0|  49|    0|
    |sparsemux_19_4_32_1_1_U4476  |sparsemux_19_4_32_1_1  |        0|   0|  0|  49|    0|
    |sparsemux_19_4_32_1_1_U4486  |sparsemux_19_4_32_1_1  |        0|   0|  0|  49|    0|
    |sparsemux_19_4_32_1_1_U4496  |sparsemux_19_4_32_1_1  |        0|   0|  0|  49|    0|
    |sparsemux_19_4_32_1_1_U4506  |sparsemux_19_4_32_1_1  |        0|   0|  0|  49|    0|
    |sparsemux_7_5_32_1_1_U4427   |sparsemux_7_5_32_1_1   |        0|   0|  0|  14|    0|
    |sparsemux_7_5_32_1_1_U4428   |sparsemux_7_5_32_1_1   |        0|   0|  0|  14|    0|
    |sparsemux_7_5_32_1_1_U4429   |sparsemux_7_5_32_1_1   |        0|   0|  0|  14|    0|
    |sparsemux_7_5_32_1_1_U4430   |sparsemux_7_5_32_1_1   |        0|   0|  0|  14|    0|
    |sparsemux_7_5_32_1_1_U4431   |sparsemux_7_5_32_1_1   |        0|   0|  0|  14|    0|
    |sparsemux_7_5_32_1_1_U4432   |sparsemux_7_5_32_1_1   |        0|   0|  0|  14|    0|
    |sparsemux_7_5_32_1_1_U4433   |sparsemux_7_5_32_1_1   |        0|   0|  0|  14|    0|
    |sparsemux_7_5_32_1_1_U4434   |sparsemux_7_5_32_1_1   |        0|   0|  0|  14|    0|
    |sparsemux_7_5_32_1_1_U4435   |sparsemux_7_5_32_1_1   |        0|   0|  0|  14|    0|
    |sparsemux_7_5_32_1_1_U4437   |sparsemux_7_5_32_1_1   |        0|   0|  0|  14|    0|
    |sparsemux_7_5_32_1_1_U4438   |sparsemux_7_5_32_1_1   |        0|   0|  0|  14|    0|
    |sparsemux_7_5_32_1_1_U4439   |sparsemux_7_5_32_1_1   |        0|   0|  0|  14|    0|
    |sparsemux_7_5_32_1_1_U4440   |sparsemux_7_5_32_1_1   |        0|   0|  0|  14|    0|
    |sparsemux_7_5_32_1_1_U4441   |sparsemux_7_5_32_1_1   |        0|   0|  0|  14|    0|
    |sparsemux_7_5_32_1_1_U4442   |sparsemux_7_5_32_1_1   |        0|   0|  0|  14|    0|
    |sparsemux_7_5_32_1_1_U4443   |sparsemux_7_5_32_1_1   |        0|   0|  0|  14|    0|
    |sparsemux_7_5_32_1_1_U4444   |sparsemux_7_5_32_1_1   |        0|   0|  0|  14|    0|
    |sparsemux_7_5_32_1_1_U4445   |sparsemux_7_5_32_1_1   |        0|   0|  0|  14|    0|
    |sparsemux_7_5_32_1_1_U4447   |sparsemux_7_5_32_1_1   |        0|   0|  0|  14|    0|
    |sparsemux_7_5_32_1_1_U4448   |sparsemux_7_5_32_1_1   |        0|   0|  0|  14|    0|
    |sparsemux_7_5_32_1_1_U4449   |sparsemux_7_5_32_1_1   |        0|   0|  0|  14|    0|
    |sparsemux_7_5_32_1_1_U4450   |sparsemux_7_5_32_1_1   |        0|   0|  0|  14|    0|
    |sparsemux_7_5_32_1_1_U4451   |sparsemux_7_5_32_1_1   |        0|   0|  0|  14|    0|
    |sparsemux_7_5_32_1_1_U4452   |sparsemux_7_5_32_1_1   |        0|   0|  0|  14|    0|
    |sparsemux_7_5_32_1_1_U4453   |sparsemux_7_5_32_1_1   |        0|   0|  0|  14|    0|
    |sparsemux_7_5_32_1_1_U4454   |sparsemux_7_5_32_1_1   |        0|   0|  0|  14|    0|
    |sparsemux_7_5_32_1_1_U4455   |sparsemux_7_5_32_1_1   |        0|   0|  0|  14|    0|
    |sparsemux_7_5_32_1_1_U4457   |sparsemux_7_5_32_1_1   |        0|   0|  0|  14|    0|
    |sparsemux_7_5_32_1_1_U4458   |sparsemux_7_5_32_1_1   |        0|   0|  0|  14|    0|
    |sparsemux_7_5_32_1_1_U4459   |sparsemux_7_5_32_1_1   |        0|   0|  0|  14|    0|
    |sparsemux_7_5_32_1_1_U4460   |sparsemux_7_5_32_1_1   |        0|   0|  0|  14|    0|
    |sparsemux_7_5_32_1_1_U4461   |sparsemux_7_5_32_1_1   |        0|   0|  0|  14|    0|
    |sparsemux_7_5_32_1_1_U4462   |sparsemux_7_5_32_1_1   |        0|   0|  0|  14|    0|
    |sparsemux_7_5_32_1_1_U4463   |sparsemux_7_5_32_1_1   |        0|   0|  0|  14|    0|
    |sparsemux_7_5_32_1_1_U4464   |sparsemux_7_5_32_1_1   |        0|   0|  0|  14|    0|
    |sparsemux_7_5_32_1_1_U4465   |sparsemux_7_5_32_1_1   |        0|   0|  0|  14|    0|
    |sparsemux_7_5_32_1_1_U4467   |sparsemux_7_5_32_1_1   |        0|   0|  0|  14|    0|
    |sparsemux_7_5_32_1_1_U4468   |sparsemux_7_5_32_1_1   |        0|   0|  0|  14|    0|
    |sparsemux_7_5_32_1_1_U4469   |sparsemux_7_5_32_1_1   |        0|   0|  0|  14|    0|
    |sparsemux_7_5_32_1_1_U4470   |sparsemux_7_5_32_1_1   |        0|   0|  0|  14|    0|
    |sparsemux_7_5_32_1_1_U4471   |sparsemux_7_5_32_1_1   |        0|   0|  0|  14|    0|
    |sparsemux_7_5_32_1_1_U4472   |sparsemux_7_5_32_1_1   |        0|   0|  0|  14|    0|
    |sparsemux_7_5_32_1_1_U4473   |sparsemux_7_5_32_1_1   |        0|   0|  0|  14|    0|
    |sparsemux_7_5_32_1_1_U4474   |sparsemux_7_5_32_1_1   |        0|   0|  0|  14|    0|
    |sparsemux_7_5_32_1_1_U4475   |sparsemux_7_5_32_1_1   |        0|   0|  0|  14|    0|
    |sparsemux_7_5_32_1_1_U4477   |sparsemux_7_5_32_1_1   |        0|   0|  0|  14|    0|
    |sparsemux_7_5_32_1_1_U4478   |sparsemux_7_5_32_1_1   |        0|   0|  0|  14|    0|
    |sparsemux_7_5_32_1_1_U4479   |sparsemux_7_5_32_1_1   |        0|   0|  0|  14|    0|
    |sparsemux_7_5_32_1_1_U4480   |sparsemux_7_5_32_1_1   |        0|   0|  0|  14|    0|
    |sparsemux_7_5_32_1_1_U4481   |sparsemux_7_5_32_1_1   |        0|   0|  0|  14|    0|
    |sparsemux_7_5_32_1_1_U4482   |sparsemux_7_5_32_1_1   |        0|   0|  0|  14|    0|
    |sparsemux_7_5_32_1_1_U4483   |sparsemux_7_5_32_1_1   |        0|   0|  0|  14|    0|
    |sparsemux_7_5_32_1_1_U4484   |sparsemux_7_5_32_1_1   |        0|   0|  0|  14|    0|
    |sparsemux_7_5_32_1_1_U4485   |sparsemux_7_5_32_1_1   |        0|   0|  0|  14|    0|
    |sparsemux_7_5_32_1_1_U4487   |sparsemux_7_5_32_1_1   |        0|   0|  0|  14|    0|
    |sparsemux_7_5_32_1_1_U4488   |sparsemux_7_5_32_1_1   |        0|   0|  0|  14|    0|
    |sparsemux_7_5_32_1_1_U4489   |sparsemux_7_5_32_1_1   |        0|   0|  0|  14|    0|
    |sparsemux_7_5_32_1_1_U4490   |sparsemux_7_5_32_1_1   |        0|   0|  0|  14|    0|
    |sparsemux_7_5_32_1_1_U4491   |sparsemux_7_5_32_1_1   |        0|   0|  0|  14|    0|
    |sparsemux_7_5_32_1_1_U4492   |sparsemux_7_5_32_1_1   |        0|   0|  0|  14|    0|
    |sparsemux_7_5_32_1_1_U4493   |sparsemux_7_5_32_1_1   |        0|   0|  0|  14|    0|
    |sparsemux_7_5_32_1_1_U4494   |sparsemux_7_5_32_1_1   |        0|   0|  0|  14|    0|
    |sparsemux_7_5_32_1_1_U4495   |sparsemux_7_5_32_1_1   |        0|   0|  0|  14|    0|
    |sparsemux_7_5_32_1_1_U4497   |sparsemux_7_5_32_1_1   |        0|   0|  0|  14|    0|
    |sparsemux_7_5_32_1_1_U4498   |sparsemux_7_5_32_1_1   |        0|   0|  0|  14|    0|
    |sparsemux_7_5_32_1_1_U4499   |sparsemux_7_5_32_1_1   |        0|   0|  0|  14|    0|
    |sparsemux_7_5_32_1_1_U4500   |sparsemux_7_5_32_1_1   |        0|   0|  0|  14|    0|
    |sparsemux_7_5_32_1_1_U4501   |sparsemux_7_5_32_1_1   |        0|   0|  0|  14|    0|
    |sparsemux_7_5_32_1_1_U4502   |sparsemux_7_5_32_1_1   |        0|   0|  0|  14|    0|
    |sparsemux_7_5_32_1_1_U4503   |sparsemux_7_5_32_1_1   |        0|   0|  0|  14|    0|
    |sparsemux_7_5_32_1_1_U4504   |sparsemux_7_5_32_1_1   |        0|   0|  0|  14|    0|
    |sparsemux_7_5_32_1_1_U4505   |sparsemux_7_5_32_1_1   |        0|   0|  0|  14|    0|
    +-----------------------------+-----------------------+---------+----+---+----+-----+
    |Total                        |                       |        0|   0|  0|1400|    0|
    +-----------------------------+-----------------------+---------+----+---+----+-----+

    * DSP: 
    N/A

    * Memory: 
    N/A

    * FIFO: 
    N/A

    * Expression: 
    +---------------------------+----------+----+---+----+------------+------------+
    |       Variable Name       | Operation| DSP| FF| LUT| Bitwidth P0| Bitwidth P1|
    +---------------------------+----------+----+---+----+------------+------------+
    |add_ln548_2_fu_1867_p2     |         +|   0|  0|  12|           5|           1|
    |add_ln548_fu_1879_p2       |         +|   0|  0|  12|           4|           1|
    |add_ln549_fu_3699_p2       |         +|   0|  0|  12|           5|           4|
    |ap_block_pp0_stage0_01001  |       and|   0|  0|   2|           1|           1|
    |ap_block_pp0_stage0_11001  |       and|   0|  0|   2|           1|           1|
    |icmp_ln548_fu_1861_p2      |      icmp|   0|  0|  12|           5|           4|
    |icmp_ln549_fu_1885_p2      |      icmp|   0|  0|  12|           5|           5|
    |select_ln548_2_fu_1899_p3  |    select|   0|  0|   4|           1|           4|
    |select_ln548_fu_1891_p3    |    select|   0|  0|   5|           1|           1|
    |ap_enable_pp0              |       xor|   0|  0|   2|           1|           2|
    +---------------------------+----------+----+---+----+------------+------------+
    |Total                      |          |   0|  0|  75|          29|          24|
    +---------------------------+----------+----+---+----+------------+------------+

    * Multiplexer: 
    +------------------------------------------+----+-----------+-----+-----------+
    |                   Name                   | LUT| Input Size| Bits| Total Bits|
    +------------------------------------------+----+-----------+-----+-----------+
    |ap_done_int                               |   9|          2|    1|          2|
    |ap_enable_reg_pp0_iter1                   |   9|          2|    1|          2|
    |ap_sig_allocacmp_d0_load                  |   9|          2|    4|          8|
    |ap_sig_allocacmp_d1_load                  |   9|          2|    5|         10|
    |ap_sig_allocacmp_indvar_flatten_load      |   9|          2|    5|         10|
    |d0_fu_520                                 |   9|          2|    4|          8|
    |d1_fu_516                                 |   9|          2|    5|         10|
    |fifo_tmp_from_task1_to_task3_TDATA_blk_n  |   9|          2|    1|          2|
    |indvar_flatten_fu_524                     |   9|          2|    5|         10|
    +------------------------------------------+----+-----------+-----+-----------+
    |Total                                     |  81|         18|   31|         62|
    +------------------------------------------+----+-----------+-----+-----------+

    * Register: 
    +-------------------------+----+----+-----+-----------+
    |           Name          | FF | LUT| Bits| Const Bits|
    +-------------------------+----+----+-----+-----------+
    |ap_CS_fsm                |   1|   0|    1|          0|
    |ap_done_reg              |   1|   0|    1|          0|
    |ap_enable_reg_pp0_iter1  |   1|   0|    1|          0|
    |d0_fu_520                |   4|   0|    4|          0|
    |d1_fu_516                |   5|   0|    5|          0|
    |indvar_flatten_fu_524    |   5|   0|    5|          0|
    |tmp_0_reg_3789           |  32|   0|   32|          0|
    |tmp_1_reg_3794           |  32|   0|   32|          0|
    |tmp_2_reg_3799           |  32|   0|   32|          0|
    |tmp_3_reg_3804           |  32|   0|   32|          0|
    |tmp_4_reg_3809           |  32|   0|   32|          0|
    |tmp_5_reg_3814           |  32|   0|   32|          0|
    |tmp_6_reg_3819           |  32|   0|   32|          0|
    |tmp_7_reg_3824           |  32|   0|   32|          0|
    +-------------------------+----+----+-----+-----------+
    |Total                    | 273|   0|  273|          0|
    +-------------------------+----+----+-----+-----------+



================================================================
== Interface
================================================================
* Summary: 
+-------------------------------------+-----+-----+------------+---------------------------------------+--------------+
|              RTL Ports              | Dir | Bits|  Protocol  |             Source Object             |    C Type    |
+-------------------------------------+-----+-----+------------+---------------------------------------+--------------+
|ap_clk                               |   in|    1|  ap_ctrl_hs|                        write_tmp_FT0.2|  return value|
|ap_rst                               |   in|    1|  ap_ctrl_hs|                        write_tmp_FT0.2|  return value|
|ap_start                             |   in|    1|  ap_ctrl_hs|                        write_tmp_FT0.2|  return value|
|ap_done                              |  out|    1|  ap_ctrl_hs|                        write_tmp_FT0.2|  return value|
|ap_idle                              |  out|    1|  ap_ctrl_hs|                        write_tmp_FT0.2|  return value|
|ap_ready                             |  out|    1|  ap_ctrl_hs|                        write_tmp_FT0.2|  return value|
|fifo_tmp_from_task1_to_task3_TREADY  |   in|    1|        axis|  fifo_tmp_from_task1_to_task3_V_data_V|       pointer|
|fifo_tmp_from_task1_to_task3_TDATA   |  out|  256|        axis|  fifo_tmp_from_task1_to_task3_V_data_V|       pointer|
|tmp_0_0_val                          |   in|   32|     ap_none|                            tmp_0_0_val|        scalar|
|tmp_0_1_val                          |   in|   32|     ap_none|                            tmp_0_1_val|        scalar|
|tmp_0_2_val                          |   in|   32|     ap_none|                            tmp_0_2_val|        scalar|
|tmp_0_3_val                          |   in|   32|     ap_none|                            tmp_0_3_val|        scalar|
|tmp_0_4_val                          |   in|   32|     ap_none|                            tmp_0_4_val|        scalar|
|tmp_0_5_val                          |   in|   32|     ap_none|                            tmp_0_5_val|        scalar|
|tmp_0_6_val                          |   in|   32|     ap_none|                            tmp_0_6_val|        scalar|
|tmp_0_7_val                          |   in|   32|     ap_none|                            tmp_0_7_val|        scalar|
|tmp_0_8_val                          |   in|   32|     ap_none|                            tmp_0_8_val|        scalar|
|tmp_0_9_val                          |   in|   32|     ap_none|                            tmp_0_9_val|        scalar|
|tmp_0_10_val                         |   in|   32|     ap_none|                           tmp_0_10_val|        scalar|
|tmp_0_11_val                         |   in|   32|     ap_none|                           tmp_0_11_val|        scalar|
|tmp_0_12_val                         |   in|   32|     ap_none|                           tmp_0_12_val|        scalar|
|tmp_0_13_val                         |   in|   32|     ap_none|                           tmp_0_13_val|        scalar|
|tmp_0_14_val                         |   in|   32|     ap_none|                           tmp_0_14_val|        scalar|
|tmp_0_15_val                         |   in|   32|     ap_none|                           tmp_0_15_val|        scalar|
|tmp_0_16_val                         |   in|   32|     ap_none|                           tmp_0_16_val|        scalar|
|tmp_0_17_val                         |   in|   32|     ap_none|                           tmp_0_17_val|        scalar|
|tmp_0_18_val                         |   in|   32|     ap_none|                           tmp_0_18_val|        scalar|
|tmp_0_19_val                         |   in|   32|     ap_none|                           tmp_0_19_val|        scalar|
|tmp_0_20_val                         |   in|   32|     ap_none|                           tmp_0_20_val|        scalar|
|tmp_0_21_val                         |   in|   32|     ap_none|                           tmp_0_21_val|        scalar|
|tmp_0_22_val                         |   in|   32|     ap_none|                           tmp_0_22_val|        scalar|
|tmp_0_23_val                         |   in|   32|     ap_none|                           tmp_0_23_val|        scalar|
|tmp_1_0_val                          |   in|   32|     ap_none|                            tmp_1_0_val|        scalar|
|tmp_1_1_val                          |   in|   32|     ap_none|                            tmp_1_1_val|        scalar|
|tmp_1_2_val                          |   in|   32|     ap_none|                            tmp_1_2_val|        scalar|
|tmp_1_3_val                          |   in|   32|     ap_none|                            tmp_1_3_val|        scalar|
|tmp_1_4_val                          |   in|   32|     ap_none|                            tmp_1_4_val|        scalar|
|tmp_1_5_val                          |   in|   32|     ap_none|                            tmp_1_5_val|        scalar|
|tmp_1_6_val                          |   in|   32|     ap_none|                            tmp_1_6_val|        scalar|
|tmp_1_7_val                          |   in|   32|     ap_none|                            tmp_1_7_val|        scalar|
|tmp_1_8_val                          |   in|   32|     ap_none|                            tmp_1_8_val|        scalar|
|tmp_1_9_val                          |   in|   32|     ap_none|                            tmp_1_9_val|        scalar|
|tmp_1_10_val                         |   in|   32|     ap_none|                           tmp_1_10_val|        scalar|
|tmp_1_11_val                         |   in|   32|     ap_none|                           tmp_1_11_val|        scalar|
|tmp_1_12_val                         |   in|   32|     ap_none|                           tmp_1_12_val|        scalar|
|tmp_1_13_val                         |   in|   32|     ap_none|                           tmp_1_13_val|        scalar|
|tmp_1_14_val                         |   in|   32|     ap_none|                           tmp_1_14_val|        scalar|
|tmp_1_15_val                         |   in|   32|     ap_none|                           tmp_1_15_val|        scalar|
|tmp_1_16_val                         |   in|   32|     ap_none|                           tmp_1_16_val|        scalar|
|tmp_1_17_val                         |   in|   32|     ap_none|                           tmp_1_17_val|        scalar|
|tmp_1_18_val                         |   in|   32|     ap_none|                           tmp_1_18_val|        scalar|
|tmp_1_19_val                         |   in|   32|     ap_none|                           tmp_1_19_val|        scalar|
|tmp_1_20_val                         |   in|   32|     ap_none|                           tmp_1_20_val|        scalar|
|tmp_1_21_val                         |   in|   32|     ap_none|                           tmp_1_21_val|        scalar|
|tmp_1_22_val                         |   in|   32|     ap_none|                           tmp_1_22_val|        scalar|
|tmp_1_23_val                         |   in|   32|     ap_none|                           tmp_1_23_val|        scalar|
|tmp_2_0_val                          |   in|   32|     ap_none|                            tmp_2_0_val|        scalar|
|tmp_2_1_val                          |   in|   32|     ap_none|                            tmp_2_1_val|        scalar|
|tmp_2_2_val                          |   in|   32|     ap_none|                            tmp_2_2_val|        scalar|
|tmp_2_3_val                          |   in|   32|     ap_none|                            tmp_2_3_val|        scalar|
|tmp_2_4_val                          |   in|   32|     ap_none|                            tmp_2_4_val|        scalar|
|tmp_2_5_val                          |   in|   32|     ap_none|                            tmp_2_5_val|        scalar|
|tmp_2_6_val                          |   in|   32|     ap_none|                            tmp_2_6_val|        scalar|
|tmp_2_7_val                          |   in|   32|     ap_none|                            tmp_2_7_val|        scalar|
|tmp_2_8_val                          |   in|   32|     ap_none|                            tmp_2_8_val|        scalar|
|tmp_2_9_val                          |   in|   32|     ap_none|                            tmp_2_9_val|        scalar|
|tmp_2_10_val                         |   in|   32|     ap_none|                           tmp_2_10_val|        scalar|
|tmp_2_11_val                         |   in|   32|     ap_none|                           tmp_2_11_val|        scalar|
|tmp_2_12_val                         |   in|   32|     ap_none|                           tmp_2_12_val|        scalar|
|tmp_2_13_val                         |   in|   32|     ap_none|                           tmp_2_13_val|        scalar|
|tmp_2_14_val                         |   in|   32|     ap_none|                           tmp_2_14_val|        scalar|
|tmp_2_15_val                         |   in|   32|     ap_none|                           tmp_2_15_val|        scalar|
|tmp_2_16_val                         |   in|   32|     ap_none|                           tmp_2_16_val|        scalar|
|tmp_2_17_val                         |   in|   32|     ap_none|                           tmp_2_17_val|        scalar|
|tmp_2_18_val                         |   in|   32|     ap_none|                           tmp_2_18_val|        scalar|
|tmp_2_19_val                         |   in|   32|     ap_none|                           tmp_2_19_val|        scalar|
|tmp_2_20_val                         |   in|   32|     ap_none|                           tmp_2_20_val|        scalar|
|tmp_2_21_val                         |   in|   32|     ap_none|                           tmp_2_21_val|        scalar|
|tmp_2_22_val                         |   in|   32|     ap_none|                           tmp_2_22_val|        scalar|
|tmp_2_23_val                         |   in|   32|     ap_none|                           tmp_2_23_val|        scalar|
|tmp_3_0_val                          |   in|   32|     ap_none|                            tmp_3_0_val|        scalar|
|tmp_3_1_val                          |   in|   32|     ap_none|                            tmp_3_1_val|        scalar|
|tmp_3_2_val                          |   in|   32|     ap_none|                            tmp_3_2_val|        scalar|
|tmp_3_3_val                          |   in|   32|     ap_none|                            tmp_3_3_val|        scalar|
|tmp_3_4_val                          |   in|   32|     ap_none|                            tmp_3_4_val|        scalar|
|tmp_3_5_val                          |   in|   32|     ap_none|                            tmp_3_5_val|        scalar|
|tmp_3_6_val                          |   in|   32|     ap_none|                            tmp_3_6_val|        scalar|
|tmp_3_7_val                          |   in|   32|     ap_none|                            tmp_3_7_val|        scalar|
|tmp_3_8_val                          |   in|   32|     ap_none|                            tmp_3_8_val|        scalar|
|tmp_3_9_val                          |   in|   32|     ap_none|                            tmp_3_9_val|        scalar|
|tmp_3_10_val                         |   in|   32|     ap_none|                           tmp_3_10_val|        scalar|
|tmp_3_11_val                         |   in|   32|     ap_none|                           tmp_3_11_val|        scalar|
|tmp_3_12_val                         |   in|   32|     ap_none|                           tmp_3_12_val|        scalar|
|tmp_3_13_val                         |   in|   32|     ap_none|                           tmp_3_13_val|        scalar|
|tmp_3_14_val                         |   in|   32|     ap_none|                           tmp_3_14_val|        scalar|
|tmp_3_15_val                         |   in|   32|     ap_none|                           tmp_3_15_val|        scalar|
|tmp_3_16_val                         |   in|   32|     ap_none|                           tmp_3_16_val|        scalar|
|tmp_3_17_val                         |   in|   32|     ap_none|                           tmp_3_17_val|        scalar|
|tmp_3_18_val                         |   in|   32|     ap_none|                           tmp_3_18_val|        scalar|
|tmp_3_19_val                         |   in|   32|     ap_none|                           tmp_3_19_val|        scalar|
|tmp_3_20_val                         |   in|   32|     ap_none|                           tmp_3_20_val|        scalar|
|tmp_3_21_val                         |   in|   32|     ap_none|                           tmp_3_21_val|        scalar|
|tmp_3_22_val                         |   in|   32|     ap_none|                           tmp_3_22_val|        scalar|
|tmp_3_23_val                         |   in|   32|     ap_none|                           tmp_3_23_val|        scalar|
|tmp_4_0_val                          |   in|   32|     ap_none|                            tmp_4_0_val|        scalar|
|tmp_4_1_val                          |   in|   32|     ap_none|                            tmp_4_1_val|        scalar|
|tmp_4_2_val                          |   in|   32|     ap_none|                            tmp_4_2_val|        scalar|
|tmp_4_3_val                          |   in|   32|     ap_none|                            tmp_4_3_val|        scalar|
|tmp_4_4_val                          |   in|   32|     ap_none|                            tmp_4_4_val|        scalar|
|tmp_4_5_val                          |   in|   32|     ap_none|                            tmp_4_5_val|        scalar|
|tmp_4_6_val                          |   in|   32|     ap_none|                            tmp_4_6_val|        scalar|
|tmp_4_7_val                          |   in|   32|     ap_none|                            tmp_4_7_val|        scalar|
|tmp_4_8_val                          |   in|   32|     ap_none|                            tmp_4_8_val|        scalar|
|tmp_4_9_val                          |   in|   32|     ap_none|                            tmp_4_9_val|        scalar|
|tmp_4_10_val                         |   in|   32|     ap_none|                           tmp_4_10_val|        scalar|
|tmp_4_11_val                         |   in|   32|     ap_none|                           tmp_4_11_val|        scalar|
|tmp_4_12_val                         |   in|   32|     ap_none|                           tmp_4_12_val|        scalar|
|tmp_4_13_val                         |   in|   32|     ap_none|                           tmp_4_13_val|        scalar|
|tmp_4_14_val                         |   in|   32|     ap_none|                           tmp_4_14_val|        scalar|
|tmp_4_15_val                         |   in|   32|     ap_none|                           tmp_4_15_val|        scalar|
|tmp_4_16_val                         |   in|   32|     ap_none|                           tmp_4_16_val|        scalar|
|tmp_4_17_val                         |   in|   32|     ap_none|                           tmp_4_17_val|        scalar|
|tmp_4_18_val                         |   in|   32|     ap_none|                           tmp_4_18_val|        scalar|
|tmp_4_19_val                         |   in|   32|     ap_none|                           tmp_4_19_val|        scalar|
|tmp_4_20_val                         |   in|   32|     ap_none|                           tmp_4_20_val|        scalar|
|tmp_4_21_val                         |   in|   32|     ap_none|                           tmp_4_21_val|        scalar|
|tmp_4_22_val                         |   in|   32|     ap_none|                           tmp_4_22_val|        scalar|
|tmp_4_23_val                         |   in|   32|     ap_none|                           tmp_4_23_val|        scalar|
|tmp_5_0_val                          |   in|   32|     ap_none|                            tmp_5_0_val|        scalar|
|tmp_5_1_val                          |   in|   32|     ap_none|                            tmp_5_1_val|        scalar|
|tmp_5_2_val                          |   in|   32|     ap_none|                            tmp_5_2_val|        scalar|
|tmp_5_3_val                          |   in|   32|     ap_none|                            tmp_5_3_val|        scalar|
|tmp_5_4_val                          |   in|   32|     ap_none|                            tmp_5_4_val|        scalar|
|tmp_5_5_val                          |   in|   32|     ap_none|                            tmp_5_5_val|        scalar|
|tmp_5_6_val                          |   in|   32|     ap_none|                            tmp_5_6_val|        scalar|
|tmp_5_7_val                          |   in|   32|     ap_none|                            tmp_5_7_val|        scalar|
|tmp_5_8_val                          |   in|   32|     ap_none|                            tmp_5_8_val|        scalar|
|tmp_5_9_val                          |   in|   32|     ap_none|                            tmp_5_9_val|        scalar|
|tmp_5_10_val                         |   in|   32|     ap_none|                           tmp_5_10_val|        scalar|
|tmp_5_11_val                         |   in|   32|     ap_none|                           tmp_5_11_val|        scalar|
|tmp_5_12_val                         |   in|   32|     ap_none|                           tmp_5_12_val|        scalar|
|tmp_5_13_val                         |   in|   32|     ap_none|                           tmp_5_13_val|        scalar|
|tmp_5_14_val                         |   in|   32|     ap_none|                           tmp_5_14_val|        scalar|
|tmp_5_15_val                         |   in|   32|     ap_none|                           tmp_5_15_val|        scalar|
|tmp_5_16_val                         |   in|   32|     ap_none|                           tmp_5_16_val|        scalar|
|tmp_5_17_val                         |   in|   32|     ap_none|                           tmp_5_17_val|        scalar|
|tmp_5_18_val                         |   in|   32|     ap_none|                           tmp_5_18_val|        scalar|
|tmp_5_19_val                         |   in|   32|     ap_none|                           tmp_5_19_val|        scalar|
|tmp_5_20_val                         |   in|   32|     ap_none|                           tmp_5_20_val|        scalar|
|tmp_5_21_val                         |   in|   32|     ap_none|                           tmp_5_21_val|        scalar|
|tmp_5_22_val                         |   in|   32|     ap_none|                           tmp_5_22_val|        scalar|
|tmp_5_23_val                         |   in|   32|     ap_none|                           tmp_5_23_val|        scalar|
|tmp_6_0_val                          |   in|   32|     ap_none|                            tmp_6_0_val|        scalar|
|tmp_6_1_val                          |   in|   32|     ap_none|                            tmp_6_1_val|        scalar|
|tmp_6_2_val                          |   in|   32|     ap_none|                            tmp_6_2_val|        scalar|
|tmp_6_3_val                          |   in|   32|     ap_none|                            tmp_6_3_val|        scalar|
|tmp_6_4_val                          |   in|   32|     ap_none|                            tmp_6_4_val|        scalar|
|tmp_6_5_val                          |   in|   32|     ap_none|                            tmp_6_5_val|        scalar|
|tmp_6_6_val                          |   in|   32|     ap_none|                            tmp_6_6_val|        scalar|
|tmp_6_7_val                          |   in|   32|     ap_none|                            tmp_6_7_val|        scalar|
|tmp_6_8_val                          |   in|   32|     ap_none|                            tmp_6_8_val|        scalar|
|tmp_6_9_val                          |   in|   32|     ap_none|                            tmp_6_9_val|        scalar|
|tmp_6_10_val                         |   in|   32|     ap_none|                           tmp_6_10_val|        scalar|
|tmp_6_11_val                         |   in|   32|     ap_none|                           tmp_6_11_val|        scalar|
|tmp_6_12_val                         |   in|   32|     ap_none|                           tmp_6_12_val|        scalar|
|tmp_6_13_val                         |   in|   32|     ap_none|                           tmp_6_13_val|        scalar|
|tmp_6_14_val                         |   in|   32|     ap_none|                           tmp_6_14_val|        scalar|
|tmp_6_15_val                         |   in|   32|     ap_none|                           tmp_6_15_val|        scalar|
|tmp_6_16_val                         |   in|   32|     ap_none|                           tmp_6_16_val|        scalar|
|tmp_6_17_val                         |   in|   32|     ap_none|                           tmp_6_17_val|        scalar|
|tmp_6_18_val                         |   in|   32|     ap_none|                           tmp_6_18_val|        scalar|
|tmp_6_19_val                         |   in|   32|     ap_none|                           tmp_6_19_val|        scalar|
|tmp_6_20_val                         |   in|   32|     ap_none|                           tmp_6_20_val|        scalar|
|tmp_6_21_val                         |   in|   32|     ap_none|                           tmp_6_21_val|        scalar|
|tmp_6_22_val                         |   in|   32|     ap_none|                           tmp_6_22_val|        scalar|
|tmp_6_23_val                         |   in|   32|     ap_none|                           tmp_6_23_val|        scalar|
|tmp_7_0_val                          |   in|   32|     ap_none|                            tmp_7_0_val|        scalar|
|tmp_7_1_val                          |   in|   32|     ap_none|                            tmp_7_1_val|        scalar|
|tmp_7_2_val                          |   in|   32|     ap_none|                            tmp_7_2_val|        scalar|
|tmp_7_3_val                          |   in|   32|     ap_none|                            tmp_7_3_val|        scalar|
|tmp_7_4_val                          |   in|   32|     ap_none|                            tmp_7_4_val|        scalar|
|tmp_7_5_val                          |   in|   32|     ap_none|                            tmp_7_5_val|        scalar|
|tmp_7_6_val                          |   in|   32|     ap_none|                            tmp_7_6_val|        scalar|
|tmp_7_7_val                          |   in|   32|     ap_none|                            tmp_7_7_val|        scalar|
|tmp_7_8_val                          |   in|   32|     ap_none|                            tmp_7_8_val|        scalar|
|tmp_7_9_val                          |   in|   32|     ap_none|                            tmp_7_9_val|        scalar|
|tmp_7_10_val                         |   in|   32|     ap_none|                           tmp_7_10_val|        scalar|
|tmp_7_11_val                         |   in|   32|     ap_none|                           tmp_7_11_val|        scalar|
|tmp_7_12_val                         |   in|   32|     ap_none|                           tmp_7_12_val|        scalar|
|tmp_7_13_val                         |   in|   32|     ap_none|                           tmp_7_13_val|        scalar|
|tmp_7_14_val                         |   in|   32|     ap_none|                           tmp_7_14_val|        scalar|
|tmp_7_15_val                         |   in|   32|     ap_none|                           tmp_7_15_val|        scalar|
|tmp_7_16_val                         |   in|   32|     ap_none|                           tmp_7_16_val|        scalar|
|tmp_7_17_val                         |   in|   32|     ap_none|                           tmp_7_17_val|        scalar|
|tmp_7_18_val                         |   in|   32|     ap_none|                           tmp_7_18_val|        scalar|
|tmp_7_19_val                         |   in|   32|     ap_none|                           tmp_7_19_val|        scalar|
|tmp_7_20_val                         |   in|   32|     ap_none|                           tmp_7_20_val|        scalar|
|tmp_7_21_val                         |   in|   32|     ap_none|                           tmp_7_21_val|        scalar|
|tmp_7_22_val                         |   in|   32|     ap_none|                           tmp_7_22_val|        scalar|
|tmp_7_23_val                         |   in|   32|     ap_none|                           tmp_7_23_val|        scalar|
|tmp_8_0_val                          |   in|   32|     ap_none|                            tmp_8_0_val|        scalar|
|tmp_8_1_val                          |   in|   32|     ap_none|                            tmp_8_1_val|        scalar|
|tmp_8_2_val                          |   in|   32|     ap_none|                            tmp_8_2_val|        scalar|
|tmp_8_3_val                          |   in|   32|     ap_none|                            tmp_8_3_val|        scalar|
|tmp_8_4_val                          |   in|   32|     ap_none|                            tmp_8_4_val|        scalar|
|tmp_8_5_val                          |   in|   32|     ap_none|                            tmp_8_5_val|        scalar|
|tmp_8_6_val                          |   in|   32|     ap_none|                            tmp_8_6_val|        scalar|
|tmp_8_7_val                          |   in|   32|     ap_none|                            tmp_8_7_val|        scalar|
|tmp_8_8_val                          |   in|   32|     ap_none|                            tmp_8_8_val|        scalar|
|tmp_8_9_val                          |   in|   32|     ap_none|                            tmp_8_9_val|        scalar|
|tmp_8_10_val                         |   in|   32|     ap_none|                           tmp_8_10_val|        scalar|
|tmp_8_11_val                         |   in|   32|     ap_none|                           tmp_8_11_val|        scalar|
|tmp_8_12_val                         |   in|   32|     ap_none|                           tmp_8_12_val|        scalar|
|tmp_8_13_val                         |   in|   32|     ap_none|                           tmp_8_13_val|        scalar|
|tmp_8_14_val                         |   in|   32|     ap_none|                           tmp_8_14_val|        scalar|
|tmp_8_15_val                         |   in|   32|     ap_none|                           tmp_8_15_val|        scalar|
|tmp_8_16_val                         |   in|   32|     ap_none|                           tmp_8_16_val|        scalar|
|tmp_8_17_val                         |   in|   32|     ap_none|                           tmp_8_17_val|        scalar|
|tmp_8_18_val                         |   in|   32|     ap_none|                           tmp_8_18_val|        scalar|
|tmp_8_19_val                         |   in|   32|     ap_none|                           tmp_8_19_val|        scalar|
|tmp_8_20_val                         |   in|   32|     ap_none|                           tmp_8_20_val|        scalar|
|tmp_8_21_val                         |   in|   32|     ap_none|                           tmp_8_21_val|        scalar|
|tmp_8_22_val                         |   in|   32|     ap_none|                           tmp_8_22_val|        scalar|
|tmp_8_23_val                         |   in|   32|     ap_none|                           tmp_8_23_val|        scalar|
|fifo_tmp_from_task1_to_task3_TVALID  |  out|    1|        axis|  fifo_tmp_from_task1_to_task3_V_last_V|       pointer|
|fifo_tmp_from_task1_to_task3_TLAST   |  out|    1|        axis|  fifo_tmp_from_task1_to_task3_V_last_V|       pointer|
|fifo_tmp_from_task1_to_task3_TKEEP   |  out|   32|        axis|  fifo_tmp_from_task1_to_task3_V_keep_V|       pointer|
|fifo_tmp_from_task1_to_task3_TSTRB   |  out|   32|        axis|  fifo_tmp_from_task1_to_task3_V_strb_V|       pointer|
+-------------------------------------+-----+-----+------------+---------------------------------------+--------------+

