Copyright 1986-2022 Xilinx, Inc. All Rights Reserved. Copyright 2022-2023 Advanced Micro Devices, Inc. All Rights Reserved.
--------------------------------------------------------------------------------------------------------------------------------------------------------------------------------------------------------------------------------------------------------------------------------------------------------------------------------------------
| Tool Version : Vivado v.2023.2 (lin64) Build 4029153 Fri Oct 13 20:13:54 MDT 2023
| Date         : Fri Jan 10 16:04:35 2025
| Host         : c01 running 64-bit Ubuntu 22.04.4 LTS
| Command      : report_accelerator_utilization -kernels { kernel_nlp_slr0:level0_i/ulp/kernel_nlp_slr0_1/inst:kernel_nlp_slr0_1 kernel_nlp_slr1:level0_i/ulp/kernel_nlp_slr1_1/inst:kernel_nlp_slr1_1 kernel_nlp_slr2:level0_i/ulp/kernel_nlp_slr2_1/inst:kernel_nlp_slr2_1} -file kernel_util_synthed.rpt -name kernel_util_synthed -json
| Design       : level0_wrapper
| Device       : xcu55c
| Design State : Synthesized
--------------------------------------------------------------------------------------------------------------------------------------------------------------------------------------------------------------------------------------------------------------------------------------------------------------------------------------------

Accelerator Utilization Design Information

Table of Contents
-----------------
1. System Utilization

1. System Utilization
---------------------

+----------------------+-------------------+------------------+-------------------+----------------+---------------+----------------+
| Name                 | LUT               | LUTAsMem         | REG               | BRAM           | URAM          | DSP            |
+----------------------+-------------------+------------------+-------------------+----------------+---------------+----------------+
| Platform             |  143085 [ 10.98%] |  11665 [  1.94%] |  184890 [  7.09%] |  200 [  9.92%] |  46 [  4.79%] |    4 [  0.04%] |
| User Budget          | 1160595 [100.00%] | 589295 [100.00%] | 2422470 [100.00%] | 1816 [100.00%] | 914 [100.00%] | 9020 [100.00%] |
|    Used Resources    |  646833 [ 55.73%] |  88353 [ 14.99%] |  665548 [ 27.47%] |  400 [ 22.03%] |   0 [  0.00%] | 4375 [ 48.50%] |
|    Unused Resources  |  513762 [ 44.27%] | 500942 [ 85.01%] | 1756922 [ 72.53%] | 1416 [ 77.97%] | 914 [100.00%] | 4645 [ 51.50%] |
| kernel_nlp_slr0      |  216547 [ 18.66%] |  36607 [  6.21%] |  218869 [  9.03%] |  232 [ 12.78%] |   0 [  0.00%] | 1451 [ 16.09%] |
|    kernel_nlp_slr0_1 |  216547 [ 18.66%] |  36607 [  6.21%] |  218869 [  9.03%] |  232 [ 12.78%] |   0 [  0.00%] | 1451 [ 16.09%] |
| kernel_nlp_slr1      |  184183 [ 15.87%] |  20504 [  3.48%] |  194519 [  8.03%] |   80 [  4.41%] |   0 [  0.00%] | 1451 [ 16.09%] |
|    kernel_nlp_slr1_1 |  184183 [ 15.87%] |  20504 [  3.48%] |  194519 [  8.03%] |   80 [  4.41%] |   0 [  0.00%] | 1451 [ 16.09%] |
| kernel_nlp_slr2      |  246103 [ 21.20%] |  31242 [  5.30%] |  252160 [ 10.41%] |   88 [  4.85%] |   0 [  0.00%] | 1473 [ 16.33%] |
|    kernel_nlp_slr2_1 |  246103 [ 21.20%] |  31242 [  5.30%] |  252160 [ 10.41%] |   88 [  4.85%] |   0 [  0.00%] | 1473 [ 16.33%] |
+----------------------+-------------------+------------------+-------------------+----------------+---------------+----------------+


